12-05 10:52:21.121 23889 23889 I ClassHook: com.android.server.pm.PackageManagerServiceHook attachMethod queryIntentServices(Landroid/content/Intent;Ljava/lang/String;II)Ljava/util/List;
12-05 10:52:21.122 23889 23889 I ClassHook: com.android.server.pm.SettingsHook attachMethod getSharedUserLPw(Ljava/lang/String;IIZ)Lcom/android/server/pm/SharedUserSetting;
12-05 10:52:21.125 23889 23889 I ClassHook: com.android.server.pm.SettingsHook attachMethod setPackageStoppedStateLPw(Lcom/android/server/pm/PackageManagerService;Ljava/lang/String;ZZII)Z
12-05 10:52:21.126 23889 23889 I ClassHook: com.android.server.pm.UserManagerServiceHook attachMethod systemReady()V
12-05 10:52:21.151 23889 23889 I ClassHook: com.android.server.policy.GlobalActionsHook attachMethod showDialog(ZZ)V
12-05 10:52:21.152 23889 23889 I ClassHook: com.android.server.policy.GlobalActionsHook attachConstructor (Landroid/content/Context;Landroid/view/WindowManagerPolicy$WindowManagerFuncs;)V
12-05 10:52:21.153 23889 23889 I ClassHook: com.android.server.policy.PhoneWindowManagerHook attachMethod setKeyguardOccludedLw(Z)Z
12-05 10:52:21.155 23889 23889 I ClassHook: com.android.server.policy.PhoneWindowManagerHook attachMethod updateSystemBarsLw(Landroid/view/WindowManagerPolicy$WindowState;II)I
12-05 10:52:21.155 23889 23889 I ClassHook: com.android.server.policy.PhoneWindowManagerHook attachMethod updateSystemBarsLw(Landroid/view/WindowManagerPolicy$WindowState;III)I
12-05 10:52:21.155 23889 23889 E ArtMethodProxy-JNI: Couldn't get method Lcom/android/server/policy/PhoneWindowManager;.updateSystemBarsLw (Landroid/view/WindowManagerPolicy$WindowState;III)I
12-05 10:52:21.157 23889 23889 E ClassHook: Build proxy failed.
12-05 10:52:21.157 23889 23889 E ClassHook: java.lang.RuntimeException: Couldn't get method Lcom/android/server/policy/PhoneWindowManager;.updateSystemBarsLw(Landroid/view/WindowManagerPolicy$WindowState;III)I
12-05 10:52:21.157 23889 23889 E ClassHook: 	at com.miui.internal.util.ClassProxy.attachMethodNative(Native Method)
12-05 10:52:21.157 23889 23889 E ClassHook: 	at com.miui.internal.util.ClassProxy.attachMethod(SourceFile:184)
12-05 10:52:21.157 23889 23889 E ClassHook: 	at miui.patchrom.ClassHook.buildProxy(ClassHook.java:61)
12-05 10:52:21.157 23889 23889 E ClassHook: 	at java.lang.reflect.Method.invoke(Native Method)
12-05 10:52:21.157 23889 23889 E ClassHook: 	at miui.patchrom.ClassHook.initHook(ClassHook.java:116)
12-05 10:52:21.157 23889 23889 E ClassHook: 	at miui.patchrom.ClassHook.initServerHook(ClassHook.java:98)
12-05 10:52:21.157 23889 23889 E ClassHook: 	at com.android.server.SystemServer.main(SystemServer.java)
12-05 10:52:21.157 23889 23889 E ClassHook: 	at java.lang.reflect.Method.invoke(Native Method)
12-05 10:52:21.157 23889 23889 E ClassHook: 	at com.android.internal.os.ZygoteInit$MethodAndArgsCaller.run(ZygoteInit.java:726)
12-05 10:52:21.157 23889 23889 E ClassHook: 	at com.android.internal.os.ZygoteInit.main(ZygoteInit.java:616)
12-05 10:52:21.159 23889 23889 I ClassHook: com.android.server.wifi.WifiServiceImplClientHandlerHook attachMethod handleMessage(Landroid/os/Message;)V
12-05 10:52:21.160 23889 23889 I ClassHook: com.android.server.wm.WindowManagerServiceHook attachConstructor (Landroid/content/Context;Lcom/android/server/input/InputManagerService;ZZZ)V
12-05 10:52:21.163 23889 23889 I ClassHook: com.android.server.wm.WindowStateHook attachMethod computeFrameLw(Landroid/graphics/Rect;Landroid/graphics/Rect;Landroid/graphics/Rect;Landroid/graphics/Rect;Landroid/graphics/Rect;Landroid/graphics/Rect;Landroid/graphics/Rect;Landroid/graphics/Rect;)V
12-05 10:52:21.163 23889 23889 I SystemServer: Entered the Android system server!
12-05 10:52:21.220 23889 23889 D miuisdk : current sdk level is 8
12-05 10:52:21.248 23889 23889 I SystemServiceManager: Starting com.android.server.pm.Installer
12-05 10:52:21.248 23889 23889 I Installer: Waiting for installd to be ready.
12-05 10:52:21.248 23889 23889 I InstallerConnection: connecting...
12-05 10:52:21.248   292   292 I installd: new connection
12-05 10:52:21.249 23889 23889 I SystemServiceManager: Starting com.android.server.am.ActivityManagerService$Lifecycle
12-05 10:52:21.253 23889 23889 I ActivityManager: choosing minFree values for 32 Bit
12-05 10:52:21.253 23889 23889 I ActivityManager: choosing minFree values for 32 Bit
12-05 10:52:21.253 23889 23889 I ActivityManager: choosing minFree values for 32 Bit
12-05 10:52:21.253 23889 23889 I ActivityManager: choosing minFree values for 32 Bit
12-05 10:52:21.253 23889 23889 I ActivityManager: choosing minFree values for 32 Bit
12-05 10:52:21.253 23889 23889 I ActivityManager: choosing minFree values for 32 Bit
12-05 10:52:21.257 23889 23889 I ActivityManager: Memory class: 192
12-05 10:52:21.282 23889 23889 D BatteryStatsImpl: Reading daily items from /data/system/batterystats-daily.xml
12-05 10:52:21.291 23889 23889 I AppOps  : No existing app ops /data/system/appops.xml; starting empty
12-05 10:52:21.334 23889 23889 W ProcessCpuTracker: Skipping unknown process pid 23975
12-05 10:52:21.342 23889 23889 I IntentFirewall: Read new rules (A:0 B:0 S:0)
12-05 10:52:21.366 23496 23496 I ServiceManager: Waiting for service media.camera.proxy...
12-05 10:52:21.386 23889 23889 I libthemeutils: Theme libthemeutil.so load success
12-05 10:52:22.366 23496 23496 I ServiceManager: Waiting for service media.camera.proxy...
12-05 10:52:22.661 23889 23889 I FeatureParser: can't find ghost_retail.xml in assets/device_features/,it may be in /system/etc/device_features
12-05 10:52:22.663 23889 23889 D AppOps  : AppOpsService published
12-05 10:52:22.663 23889 23889 I SystemServiceManager: Starting com.android.server.power.PowerManagerService
12-05 10:52:22.669 23889 23889 E QCOM PowerHAL: Unable to open prefetcher: dlopen failed: library "libqti-iop-client.so" not found
12-05 10:52:22.669 23889 23889 E QCOM PowerHAL: Failed to get prefetcher handle.
12-05 10:52:22.669 23889 23889 I QCOM PowerHAL: QCOM power HAL initing.
12-05 10:52:22.669 23889 23889 I libsuspend: Selected early suspend
12-05 10:52:22.669 23889 23889 I libsuspend: Starting early suspend unblocker thread
12-05 10:52:22.669 23889 23889 I QCOM PowerHAL: Got set_interactive hint
12-05 10:52:22.670 23889 23889 E QCOM PowerHAL: Invalid hint ID.
12-05 10:52:22.673 23889 23889 I SystemServiceManager: Starting com.android.server.lights.LightsService
12-05 10:52:22.676 23889 23889 I SystemServiceManager: Starting com.android.server.display.DisplayManagerService
12-05 10:52:22.690 23889 23889 I SystemServiceManager: Starting phase 100
12-05 10:52:22.697 23889 23990 I DisplayManagerService: Display device added: DisplayDeviceInfo{"Built-in Screen": uniqueId="local:0", 720 x 1280, modeId 1, defaultModeId 1, supportedModes [{id=1, width=720, height=1280, fps=60.0}], colorTransformId 1, defaultColorTransformId 1, supportedColorTransforms [{id=1, colorTransform=0}], density 320, 315.31 x 315.65 dpi, appVsyncOff 0, presDeadline 17666667, touch INTERNAL, rotation 0, type BUILT_IN, state UNKNOWN, FLAG_DEFAULT_DISPLAY, FLAG_ROTATES_WITH_CONTENT, FLAG_SECURE, FLAG_SUPPORTS_PROTECTED_BUFFERS}
12-05 10:52:22.699   234   234 D SurfaceFlinger: Set power mode=2, type=0 flinger=0xb6a24000
12-05 10:52:22.699   234   234 D SurfaceFlinger: Screen type=0 is already mode=2
12-05 10:52:22.701 23889 23990 I DisplayManagerService: Display device changed state: "Built-in Screen", ON
12-05 10:52:22.702 23889 23889 I SystemServer: Package Manager
12-05 10:52:22.706 23889 23889 D SecureSpacesService: Finding extensions
12-05 10:52:22.825 23889 23889 D SELinuxMMAC: Using policy file /system/etc/security/mac_permissions.xml
12-05 10:52:23.056 23493 23493 V NatController: runCmd(/system/bin/iptables -w -F natctrl_FORWARD) res=0
12-05 10:52:23.076 23493 23493 V NatController: runCmd(/system/bin/iptables -w -A natctrl_FORWARD -j DROP) res=0
12-05 10:52:23.106 23493 23493 V NatController: runCmd(/system/bin/iptables -w -t nat -F natctrl_nat_POSTROUTING) res=0
12-05 10:52:23.136 23493 23493 V NatController: runCmd(/system/bin/iptables -w -F natctrl_tether_counters) res=0
12-05 10:52:23.156 23493 23493 V NatController: runCmd(/system/bin/iptables -w -X natctrl_tether_counters) res=0
12-05 10:52:23.176 23493 23493 V NatController: runCmd(/system/bin/iptables -w -N natctrl_tether_counters) res=0
12-05 10:52:23.196 23493 23493 V NatController: runCmd(/system/bin/iptables -w -t mangle -A natctrl_mangle_FORWARD -p tcp --tcp-flags SYN SYN -j TCPMSS --clamp-mss-to-pmtu) res=0
12-05 10:52:23.310 23889 23889 E art     : DexFile_getDexOptNeeded file '/system/framework/yellowpage-common.jar' does not exist
12-05 10:52:23.310 23889 23889 W PackageManager: Library not found: /system/framework/yellowpage-common.jar
12-05 10:52:23.314 23889 23889 E art     : DexFile_getDexOptNeeded file '/system/framework/org.apache.http.legacy.jar' does not exist
12-05 10:52:23.314 23889 23889 W PackageManager: Library not found: /system/framework/org.apache.http.legacy.jar
12-05 10:52:23.353 23889 23889 D PackageManager: No files in app dir /vendor/overlay
12-05 10:52:23.354 23889 23889 D PackageManager: start scanDirLI:/system/framework
12-05 10:52:23.354 23889 23889 D PackageManager: max thread:6
12-05 10:52:23.366 23496 23496 I ServiceManager: Waiting for service media.camera.proxy...
12-05 10:52:23.518 23889 24299 W PackageManager: Permission cyanogenmod.permission.WRITE_ALARMS from package cyanogenmod.platform in an unknown group android.permission-group.SYSTEM_CLOCK
12-05 10:52:23.518 23889 24299 W PackageManager: Permission cyanogenmod.permission.MANAGE_ALARMS from package cyanogenmod.platform in an unknown group android.permission-group.SYSTEM_CLOCK
12-05 10:52:23.518 23889 24299 W PackageManager: Permission cyanogenmod.permission.READ_ALARMS from package cyanogenmod.platform in an unknown group android.permission-group.SYSTEM_CLOCK
12-05 10:52:23.544 23889 24297 W PackageManager: Permission android.permission.LOCATION_POLICY_INTERNAL from package com.miui.rom in an unknown group android.permission-group.LOCATION
12-05 10:52:23.888 23889 24298 W PackageManager: Permission android.permission.SET_KEYGUARD_WALLPAPER from package android in an unknown group android.permission-group.WALLPAPER
12-05 10:52:23.888 23889 24298 W PackageManager: Permission android.permission.MODIFY_PROTECTED_SMS_LIST from package android in an unknown group android.permission-group.MESSAGES
12-05 10:52:23.888 23889 24298 W PackageManager: Permission android.permission.RECEIVE_PROTECTED_SMS from package android in an unknown group android.permission-group.MESSAGES
12-05 10:52:23.888 23889 24298 W PackageManager: Permission android.permission.RESET_BATTERY_STATS from package android in an unknown group android.permission-group.SYSTEM_TOOLS
12-05 10:52:23.889 23889 23889 D PackageManager: end scanDirLI:/system/framework
12-05 10:52:23.890 23889 23889 D PackageManager: start scanDirLI:/system/priv-app
12-05 10:52:23.890 23889 23889 D PackageManager: max thread:6
12-05 10:52:24.297 23889 23899 I art     : Background partial concurrent mark sweep GC freed 80775(5MB) AllocSpace objects, 23(2MB) LOS objects, 33% free, 10MB/16MB, paused 1.495ms total 288.020ms
12-05 10:52:24.367 23496 23496 I ServiceManager: Waiting for service media.camera.proxy...
12-05 10:52:24.555 23889 24363 W PackageManager: Permission com.android.voicemail.permission.READ_WRITE_ALL_VOICEMAIL from package com.android.providers.contacts in an unknown group android.permission-group.PERSONAL_INFO
12-05 10:52:24.677 23889 24364 W PackageManager: Permission android.permission.DOWNLOAD_WITHOUT_NOTIFICATION from package com.android.providers.downloads in an unknown group android.permission-group.NETWORK
12-05 10:52:24.692 23889 24298 W PackageManager: Permission com.miui.calendar.permission.READ_CALENDAR from package com.android.calendar in an unknown group android.permission-group.PERSONAL_INFO
12-05 10:52:24.692 23889 24298 W PackageManager: Permission com.miui.calendar.permission.WRITE_CALENDAR from package com.android.calendar in an unknown group android.permission-group.PERSONAL_INFO
12-05 10:52:24.698 23493 23493 E Netd    : netlink response contains error (File exists)
12-05 10:52:24.698 23493 23493 E Netd    : Can't add IPv4 default route to dummy0: File exists
12-05 10:52:24.699 23493 23493 D MDnsDS  : MDnsSdListener::Hander starting up
12-05 10:52:24.699 23493 24460 D MDnsDS  : MDnsSdListener starting to monitor
12-05 10:52:24.699 23493 24460 D MDnsDS  : Going to poll with pollCount 1
12-05 10:52:24.725 23889 23899 I art     : Background sticky concurrent mark sweep GC freed 73702(5MB) AllocSpace objects, 48(1892KB) LOS objects, 22% free, 12MB/16MB, paused 3.601ms total 193.987ms
12-05 10:52:24.836 23889 24364 W PackageParser: No actions in intent filter at /system/priv-app/MediaProvider/MediaProvider.apk Binary XML file line #93
12-05 10:52:24.924 23889 24364 W PackageParser: Ignoring duplicate uses-permissions/uses-permissions-sdk-m: android.permission.WRITE_SETTINGS in package: com.miui.mipub at: Binary XML file line #26
12-05 10:52:24.924 23889 24364 W PackageParser: Ignoring duplicate uses-permissions/uses-permissions-sdk-m: android.permission.GET_ACCOUNTS in package: com.miui.mipub at: Binary XML file line #31
12-05 10:52:24.925 23889 24364 W PackageParser: Ignoring duplicate uses-permissions/uses-permissions-sdk-m: android.permission.USE_CREDENTIALS in package: com.miui.mipub at: Binary XML file line #39
12-05 10:52:24.986 23889 23899 I art     : Background partial concurrent mark sweep GC freed 72705(4MB) AllocSpace objects, 25(1616KB) LOS objects, 33% free, 11MB/17MB, paused 5.035ms total 149.397ms
12-05 10:52:25.020 23889 24299 W PackageParser: Ignoring duplicate uses-permissions/uses-permissions-sdk-m: com.xiaomi.permission.SYNC_TAG_DATA in package: com.miui.gallery at: Binary XML file line #43
12-05 10:52:25.094 23889 24363 W PackageParser: Ignoring duplicate uses-permissions/uses-permissions-sdk-m: miui.permission.SHELL in package: com.miui.home at: Binary XML file line #114
12-05 10:52:25.094 23889 24363 W PackageParser: Ignoring duplicate uses-permissions/uses-permissions-sdk-m: com.xiaomi.gallery.permission.CLOUD in package: com.miui.home at: Binary XML file line #119
12-05 10:52:25.165 23889 24365 W PackageParser: Unknown element under <manifest>: uses-library at /system/priv-app/MiuiKeyguard/MiuiKeyguard.apk Binary XML file line #45
12-05 10:52:25.253 23889 23899 I art     : Background sticky concurrent mark sweep GC freed 45067(3MB) AllocSpace objects, 34(1612KB) LOS objects, 20% free, 14MB/17MB, paused 1.373ms total 126.934ms
12-05 10:52:25.336 23889 24298 W PackageParser: Ignoring duplicate uses-permissions/uses-permissions-sdk-m: miui.permission.USE_INTERNAL_GENERAL_API in package: com.android.systemui at: Binary XML file line #71
12-05 10:52:25.367 23496 23496 I AudioPolicyService: AudioPolicyService CSTOR in new mode
12-05 10:52:25.368 23496 23496 W APM::Devices: DeviceVector::add device 80000040 already in
12-05 10:52:25.368 23496 23496 I APM::ConfigParsingUtils: loadAudioPolicyConfig() loaded /system/etc/audio_policy.conf
12-05 10:52:25.371 23496 23496 E qcom_audio_hw_hal: Amplifier initialization failed
12-05 10:52:25.396 23496 23496 D ALSADevice: ALSA module opened
12-05 10:52:25.429 23496 23496 D AudioHardwareALSA: AudioHardware: DLOPEN successful for ACDBLOADER
12-05 10:52:25.429 23496 23496 E         : 2 (No such file or directory) opendir /sys/kernel/debug/asoc failed
12-05 10:52:25.429 23496 23496 E         : failed to get Peek and Poke names
12-05 10:52:25.429 23496 23496 E         : [ACDB RTC]->rtc init done!->result [0]
12-05 10:52:25.429 23496 23496 E Diag_Lib: actp_diag_init: call diag init function with B2CA11B9
12-05 10:52:25.429 23496 23496 E Diag_Lib:  Diag_LSM_Init: Failed to open handle to diag driver, error = 13
12-05 10:52:25.429 23496 23496 E Diag_Lib: actp_diag_init: diag init failed
12-05 10:52:25.429 23496 23496 E         : [ACDB ACPH]->actp diag init done!
12-05 10:52:25.444 23889 24365 W PackageParser: Ignoring duplicate uses-permissions/uses-permissions-sdk-m: android.permission.GET_ACCOUNTS in package: com.android.mms at: Binary XML file line #59
12-05 10:52:25.445 23889 24365 W PackageParser: Ignoring duplicate uses-permissions/uses-permissions-sdk-m: android.permission.WAKE_LOCK in package: com.android.mms at: Binary XML file line #73
12-05 10:52:25.447 23889 24363 W PackageManager: Permission com.android.launcher.permission.INSTALL_SHORTCUT from package com.miui.home in an unknown group android.permission-group.SYSTEM_TOOLS
12-05 10:52:25.447 23889 24363 W PackageManager: Permission com.miui.home.launcher.permission.UNINSTALL_SHORTCUT from package com.miui.home in an unknown group android.permission-group.SYSTEM_TOOLS
12-05 10:52:25.447 23889 24363 W PackageManager: Permission com.miui.home.launcher.permission.INSTALL_WIDGET from package com.miui.home in an unknown group android.permission-group.SYSTEM_TOOLS
12-05 10:52:25.448 23889 24363 W PackageManager: Permission com.android.launcher.permission.READ_SETTINGS from package com.miui.home in an unknown group android.permission-group.SYSTEM_TOOLS
12-05 10:52:25.448 23889 24363 W PackageManager: Permission com.android.launcher.permission.WRITE_SETTINGS from package com.miui.home in an unknown group android.permission-group.SYSTEM_TOOLS
12-05 10:52:25.458 23496 23496 E ACDB-LOADER: Error: ACDB ANC returned = -8
12-05 10:52:25.458 23496 23496 E ACDB-LOADER: done with conversion, anc config size is 148
12-05 10:52:25.458 23496 23496 E ACDB-LOADER: Error: ACDB ANC returned = -8
12-05 10:52:25.458 23496 23496 E ACDB-LOADER: Error: ACDB ANC returned = -8
12-05 10:52:25.458 23496 23496 E ACDB-LOADER: Error: ACDB ANC returned = -8
12-05 10:52:25.458 23496 23496 E ACDB-LOADER: Error: ACDB ANC returned = -8
12-05 10:52:25.458 23496 23496 I ALSADevice: void android_audio_legacy::ALSADevice::setACDBHandle(void*) ACDB_handle: 0xb69b8344
12-05 10:52:25.460 23496 23496 D alsa_ucm: Single config file format detected
12-05 10:52:25.663 23496 23496 I AudioHardwareALSA: ucm instance opened: 3005056320
12-05 10:52:25.663 23496 23496 D AudioHardwareALSA: Fluence feature Disabled
12-05 10:52:25.663 23496 23496 I AudioFlinger: loadHwModule() Loaded primary audio interface from QCOM Audio HW HAL (audio) handle 1
12-05 10:52:25.663 23496 23496 I AudioFlinger: openOutput(), module 1 Device 2, SamplingRate 48000, Format 0x000001, Channels 3, flags 2
12-05 10:52:25.663 23496 23496 D AudioHardwareALSA: useCase HiFi
12-05 10:52:25.663 23496 23496 D ALSADevice: route: devices 0x2 in mode 0
12-05 10:52:25.663 23496 23496 D ALSADevice: No valid input device: 0
12-05 10:52:25.663 23496 23496 D alsa_ucm: snd_use_case_set(): uc_mgr 0xb31d8540 identifier _enadev value Speaker
12-05 10:52:25.663 23496 23496 E alsa_ucm: Invalid verb_index -1
12-05 10:52:25.663 23496 23496 E alsa_ucm: No valid device Speaker found
12-05 10:52:25.663 23496 23496 D ALSADevice: switchDevice: mCurTxUCMDevivce None mCurRxDevDevice Speaker
12-05 10:52:25.663 23496 23496 D alsa_ucm: snd_use_case_set(): uc_mgr 0xb31d8540 identifier _verb value HiFi
12-05 10:52:25.664 23496 23496 D alsa_ucm: Set mixer controls for Speaker enable 1
12-05 10:52:25.664 23496 23496 D alsa_ucm: acdb_id 14 cap 1 enable 1
12-05 10:52:25.664 23496 23496 D alsa_ucm: Set mixer controls for HiFiSpeaker enable 1
12-05 10:52:25.664 23496 23496 D alsa_ucm: Setting mixer control: MI2S_RX Audio Mixer MultiMedia1, value: 1
12-05 10:52:25.664 23496 23496 D ALSADevice: close: handle 0xb5fcf690 h 0x0
12-05 10:52:25.664 23496 23496 D ALSADevice: open: handle 0xb5fcf690, format 0x2
12-05 10:52:25.664 23496 23496 D ALSADevice: Device value returned is hw:0,0
12-05 10:52:25.677 23496 23496 D ALSADevice: handle->format: 0x2
12-05 10:52:25.677 23496 23496 D ALSADevice: setHardwareParams: reqBuffSize 2048 channels 2 sampleRate 48000
12-05 10:52:25.688 23496 23496 D ALSADevice: setHardwareParams: buffer_size 16384, period_size 2048, period_cnt 8
12-05 10:52:25.688 23496 23496 I AudioFlinger: AudioStreamOut::open(), mHalFormatIsLinearPcm = 1
12-05 10:52:25.689 23496 23496 I AudioFlinger: HAL output buffer size 512 frames, normal sink buffer size 1024 frames
12-05 10:52:25.692 23496 23496 W EffectsFactory: loadLibrary() failed to open /system/lib/soundfx/libqcomvoiceprocessing.so
12-05 10:52:25.693 23496 23496 W EffectsFactory: loadEffect() could not get library qcom_pre_processing
12-05 10:52:25.693 23496 23496 I BufferProvider: found effect "Multichannel Downmix To Stereo" from The Android Open Source Project
12-05 10:52:25.696 23496 23496 E MonoPipe: Failed to fetch local time frequency when constructing a MonoPipe (res = -32).  getNextWriteTimestamp calls will be non-functional
12-05 10:52:25.696 23496 23496 I AudioFlinger: Using module 1 has the primary audio interface
12-05 10:52:25.700 23496 24468 I AudioFlinger: AudioFlinger's thread 0xb1040000 ready to run
12-05 10:52:25.701 23496 24468 D ALSAStreamOps: setParameters(): keyRouting with device 0x2
12-05 10:52:25.701 23496 24468 D ALSAStreamOps: setParameters(): keyRouting with device 0x2
12-05 10:52:25.701 23496 24468 D ALSADevice: route: devices 0x2 in mode 0
12-05 10:52:25.701 23496 24468 D ALSADevice: No valid input device: 0
12-05 10:52:25.701 23496 24468 D alsa_ucm: snd_use_case_set(): uc_mgr 0xb31d8540 identifier _enadev value Speaker
12-05 10:52:25.701 23496 24468 D alsa_ucm: Set mixer controls for HiFiSpeaker enable 1
12-05 10:52:25.701 23496 24468 D alsa_ucm: Setting mixer control: MI2S_RX Audio Mixer MultiMedia1, value: 1
12-05 10:52:25.701 23496 24468 D ALSADevice: switchDevice: mCurTxUCMDevivce None mCurRxDevDevice Speaker
12-05 10:52:25.702 23496 24468 D ALSADevice: standby: handle 0xb5fcf690 h 0x0
12-05 10:52:25.708 23496 24468 D alsa_ucm: snd_use_case_set(): uc_mgr 0xb31d8540 identifier _verb value Inactive
12-05 10:52:25.708 23496 24468 D alsa_ucm: Set mixer controls for HiFiSpeaker enable 0
12-05 10:52:25.708 23496 24468 D alsa_ucm: Setting mixer control: MI2S_RX Audio Mixer MultiMedia1, value: 0
12-05 10:52:25.708 23496 24468 D alsa_ucm: snd_use_case_set(): uc_mgr 0xb31d8540 identifier _disdev value Speaker
12-05 10:52:25.708 23496 24468 D alsa_ucm: Set mixer controls for Speaker enable 0
12-05 10:52:25.708 23496 24468 E AudioFlinger: no wake lock to update!
12-05 10:52:25.709 23496 24465 D ALSADevice: setVoipVolume: volume 0
12-05 10:52:25.709 23496 24465 D ALSADevice: setMixerControl:: name Voip Rx Volume value 0 index 0
12-05 10:52:25.709 23496 23496 I AudioFlinger: openOutput(), module 1 Device 2, SamplingRate 48000, Format 0x000001, Channels 3, flags 8
12-05 10:52:25.709 23496 23496 D AudioHardwareALSA: useCase HiFi
12-05 10:52:25.709 23496 23496 D ALSADevice: route: devices 0x2 in mode 0
12-05 10:52:25.710 23496 23496 D ALSADevice: No valid input device: 0
12-05 10:52:25.710 23496 23496 D alsa_ucm: snd_use_case_set(): uc_mgr 0xb31d8540 identifier _enadev value Speaker
12-05 10:52:25.710 23496 23496 D ALSADevice: switchDevice: mCurTxUCMDevivce None mCurRxDevDevice Speaker
12-05 10:52:25.710 23496 23496 D alsa_ucm: snd_use_case_set(): uc_mgr 0xb31d8540 identifier _verb value HiFi
12-05 10:52:25.710 23496 23496 D alsa_ucm: Set mixer controls for Speaker enable 1
12-05 10:52:25.710 23496 23496 D alsa_ucm: acdb_id 14 cap 1 enable 1
12-05 10:52:25.710 23496 23496 D alsa_ucm: Set mixer controls for HiFiSpeaker enable 1
12-05 10:52:25.710 23496 23496 D alsa_ucm: Setting mixer control: MI2S_RX Audio Mixer MultiMedia1, value: 1
12-05 10:52:25.710 23496 23496 D ALSADevice: close: handle 0xb5fcf7e0 h 0x0
12-05 10:52:25.710 23496 23496 D ALSADevice: open: handle 0xb5fcf7e0, format 0x2
12-05 10:52:25.710 23496 23496 D ALSADevice: Device value returned is hw:0,0
12-05 10:52:25.719 23496 23496 D ALSADevice: handle->format: 0x2
12-05 10:52:25.719 23496 23496 D ALSADevice: setHardwareParams: reqBuffSize 2048 channels 2 sampleRate 48000
12-05 10:52:25.720 23496 23496 D ALSADevice: setHardwareParams: buffer_size 16384, period_size 2048, period_cnt 8
12-05 10:52:25.720 23496 23496 I AudioFlinger: AudioStreamOut::open(), mHalFormatIsLinearPcm = 1
12-05 10:52:25.720 23496 23496 I AudioFlinger: HAL output buffer size 512 frames, normal sink buffer size 1024 frames
12-05 10:52:25.721 23496 24470 I AudioFlinger: AudioFlinger's thread 0xb1140000 ready to run
12-05 10:52:25.722 23496 24470 D ALSAStreamOps: setParameters(): keyRouting with device 0x2
12-05 10:52:25.722 23496 24470 D ALSAStreamOps: setParameters(): keyRouting with device 0x2
12-05 10:52:25.722 23496 24470 D ALSADevice: route: devices 0x2 in mode 0
12-05 10:52:25.722 23496 24470 D ALSADevice: No valid input device: 0
12-05 10:52:25.722 23496 24470 D alsa_ucm: snd_use_case_set(): uc_mgr 0xb31d8540 identifier _enadev value Speaker
12-05 10:52:25.722 23496 24470 D alsa_ucm: Set mixer controls for HiFiSpeaker enable 1
12-05 10:52:25.722 23496 24470 D alsa_ucm: Setting mixer control: MI2S_RX Audio Mixer MultiMedia1, value: 1
12-05 10:52:25.722 23496 24470 D ALSADevice: switchDevice: mCurTxUCMDevivce None mCurRxDevDevice Speaker
12-05 10:52:25.722 23496 24470 D ALSADevice: standby: handle 0xb5fcf7e0 h 0x0
12-05 10:52:25.728 23496 24470 D alsa_ucm: snd_use_case_set(): uc_mgr 0xb31d8540 identifier _verb value Inactive
12-05 10:52:25.728 23496 24470 D alsa_ucm: Set mixer controls for HiFiSpeaker enable 0
12-05 10:52:25.728 23496 24470 D alsa_ucm: Setting mixer control: MI2S_RX Audio Mixer MultiMedia1, value: 0
12-05 10:52:25.728 23496 24470 D alsa_ucm: snd_use_case_set(): uc_mgr 0xb31d8540 identifier _disdev value Speaker
12-05 10:52:25.728 23496 24470 D alsa_ucm: Set mixer controls for Speaker enable 0
12-05 10:52:25.729 23496 24470 E AudioFlinger: no wake lock to update!
12-05 10:52:25.729 23496 23496 I AudioFlinger: openOutput(), module 1 Device 10000, SamplingRate 48000, Format 0x000001, Channels 3, flags 0
12-05 10:52:25.729 23496 23496 D AudioHardwareALSA: useCase HiFi
12-05 10:52:25.729 23496 23496 D ALSADevice: route: devices 0x0 in mode 0
12-05 10:52:25.730 23496 23496 D ALSADevice: No valid output device: 0
12-05 10:52:25.730 23496 23496 D ALSADevice: No valid input device: 0
12-05 10:52:25.730 23496 23496 D ALSADevice: switchDevice: mCurTxUCMDevivce None mCurRxDevDevice Speaker
12-05 10:52:25.730 23496 23496 D alsa_ucm: snd_use_case_set(): uc_mgr 0xb31d8540 identifier _verb value HiFi
12-05 10:52:25.730 23496 23496 D ALSADevice: close: handle 0xb5fcf930 h 0x0
12-05 10:52:25.730 23496 23496 D ALSADevice: open: handle 0xb5fcf930, format 0x2
12-05 10:52:25.730 23496 23496 D ALSADevice: Device value returned is hw:0,0
12-05 10:52:25.730 23496 23496 E alsa_pcm: cannot open device '/dev/snd/pcmC0D0p', errno 22
12-05 10:52:25.730 23496 23496 E ALSADevice: open: Failed to initialize ALSA device 'hw:0,0'
12-05 10:52:25.730 23496 23496 E AudioHardwareALSA: Device open failed
12-05 10:52:25.730 23496 23496 I AudioHwDevice: openOutputStream(), HAL returned sampleRate 48000, Format 0x1, channelMask 0x3, status -19
12-05 10:52:25.730 23496 23496 W APM::AudioPolicyManager: Cannot open output stream for device 00010000 on hw module primary
12-05 10:52:25.730 23496 23496 D AudioHardwareALSA: openInputStream: devices 0x400000 format 0x1 channels 12 sampleRate 48000
12-05 10:52:25.734 23496 24471 I AudioFlinger: AudioFlinger's thread 0xb2a40000 ready to run
12-05 10:52:25.734 23496 23496 D AudioStreamInALSA: close
12-05 10:52:25.734 23496 23496 D AudioStreamInALSA: close
12-05 10:52:25.734 23496 23496 D ALSAStreamOps: close
12-05 10:52:25.734 23496 23496 D ALSAStreamOps: close() : Found mHandle 0xb5fcf8c0, proceeding to close
12-05 10:52:25.734 23496 23496 D ALSADevice: close: handle 0xb5fcf8c0 h 0x0
12-05 10:52:25.734 23496 23496 D ALSAStreamOps: close
12-05 10:52:25.734 23496 23496 D ALSAStreamOps: close() : Found mHandle 0xb5fcf8c0, proceeding to close
12-05 10:52:25.734 23496 23496 D ALSADevice: close: handle 0xb5fcf8c0 h 0x0
12-05 10:52:25.735 23496 23496 I bt_a2dp_hw: adev_open:  adev_open in A2dp_hw module
12-05 10:52:25.735 23496 23496 I AudioFlinger: loadHwModule() Loaded a2dp audio interface from A2DP Audio HW HAL (audio) handle 8
12-05 10:52:25.737 23496 23496 I AudioFlinger: loadHwModule() Loaded usb audio interface from USB audio HW HAL (audio) handle 9
12-05 10:52:25.738 23496 23496 I r_submix: adev_open(name=audio_hw_if)
12-05 10:52:25.738 23496 23496 I r_submix: adev_init_check()
12-05 10:52:25.738 23496 23496 I AudioFlinger: loadHwModule() Loaded r_submix audio interface from Wifi Display audio HAL (audio) handle 10
12-05 10:52:25.739 23496 23496 D r_submix: adev_open_input_stream(addr=0)
12-05 10:52:25.739 23496 23496 D r_submix: submix_audio_device_create_pipe_l(addr=0, idx=9)
12-05 10:52:25.739 23496 23496 D r_submix:   now using address 0 for route 9
12-05 10:52:25.740 23496 24472 I AudioFlinger: AudioFlinger's thread 0xb2a40000 ready to run
12-05 10:52:25.740 23496 23496 D r_submix: adev_close_input_stream()
12-05 10:52:25.740 23496 23496 D r_submix: submix_audio_device_release_pipe_l(idx=9) addr=0
12-05 10:52:25.740 23496 23496 D r_submix: submix_audio_device_destroy_pipe_l(): pipe destroyed
12-05 10:52:25.740 23496 23496 W APM::AudioPolicyManager: Input device 00010000 unreachable
12-05 10:52:25.742 23496 23496 E SoundTriggerHwService: couldn't load sound trigger module sound_trigger.primary (No such file or directory)
12-05 10:52:25.742 23496 23496 I RadioService: RadioService
12-05 10:52:25.742 23496 23496 I RadioService: onFirstRef
12-05 10:52:25.742 23496 23496 E RadioService: couldn't load radio module radio.primary (No such file or directory)
12-05 10:52:25.761 23889 23899 I art     : Background partial concurrent mark sweep GC freed 108196(6MB) AllocSpace objects, 45(2004KB) LOS objects, 33% free, 14MB/21MB, paused 3.204ms total 306.516ms
12-05 10:52:25.805 23889 24297 W PackageParser: No actions in intent filter at /system/priv-app/SecurityCenter/SecurityCenter.apk Binary XML file line #397
12-05 10:52:25.923 23889 24299 W PackageParser: Ignoring duplicate uses-permissions/uses-permissions-sdk-m: android.permission.USE_CREDENTIALS in package: com.android.settings at: Binary XML file line #77
12-05 10:52:25.924 23889 24299 W PackageParser: Ignoring duplicate uses-permissions/uses-permissions-sdk-m: android.permission.READ_SYNC_SETTINGS in package: com.android.settings at: Binary XML file line #82
12-05 10:52:25.924 23889 24299 W PackageParser: Ignoring duplicate uses-permissions/uses-permissions-sdk-m: android.permission.WRITE_SYNC_SETTINGS in package: com.android.settings at: Binary XML file line #83
12-05 10:52:25.937 23889 24299 W PackageParser: Ignoring duplicate uses-permissions/uses-permissions-sdk-m: android.permission.RECEIVE_BOOT_COMPLETED in package: com.android.settings at: Binary XML file line #117
12-05 10:52:25.937 23889 24299 W PackageParser: Ignoring duplicate uses-permissions/uses-permissions-sdk-m: android.permission.MODIFY_AUDIO_SETTINGS in package: com.android.settings at: Binary XML file line #122
12-05 10:52:26.199 23889 24365 W PackageParser: Ignoring duplicate uses-permissions/uses-permissions-sdk-m: android.permission.ACCESS_NETWORK_STATE in package: com.securespaces.android.ssm.service at: Binary XML file line #40
12-05 10:52:26.199 23889 24365 W PackageParser: Ignoring duplicate uses-permissions/uses-permissions-sdk-m: android.permission.CONNECTIVITY_INTERNAL in package: com.securespaces.android.ssm.service at: Binary XML file line #42
12-05 10:52:26.204 23889 24365 W PackageParser: Ignoring duplicate uses-permissions/uses-permissions-sdk-m: android.permission.WRITE_EXTERNAL_STORAGE in package: com.securespaces.android.ssm.service at: Binary XML file line #52
12-05 10:52:26.323 23889 23899 I art     : Background sticky concurrent mark sweep GC freed 75860(5MB) AllocSpace objects, 35(1728KB) LOS objects, 22% free, 16MB/21MB, paused 1.892ms total 186.387ms
12-05 10:52:26.339 23889 24365 W PackageManager: Permission com.securespaces.android.permission.MANAGE_SPACES from package com.securespaces.android.ssm.service in an unknown group android.permission-group.SYSTEM_TOOLS
12-05 10:52:26.339 23889 24365 W PackageManager: Permission com.securespaces.android.permission.MANAGE_SPACES_FULL from package com.securespaces.android.ssm.service in an unknown group android.permission-group.SYSTEM_TOOLS
12-05 10:52:26.339 23889 24365 W PackageManager: Permission com.securespaces.android.permission.MANAGE_SPACES_PROTECTED from package com.securespaces.android.ssm.service in an unknown group android.permission-group.SYSTEM_TOOLS
12-05 10:52:26.340 23889 24365 W PackageManager: Permission com.securespaces.android.permission.CREATE_APP_CONTROLLED_SPACES from package com.securespaces.android.ssm.service in an unknown group android.permission-group.SYSTEM_TOOLS
12-05 10:52:26.459 23889 24364 W PackageManager: Provider ComponentInfo{com.android.providers.telephony/com.android.providers.telephony.FirewallProvider} already defined; ignoring
12-05 10:52:26.459 23889 24364 W PackageManager: Skipping provider name firewall (in package com.android.providers.telephony): name already used by com.android.providers.telephony
12-05 10:52:26.585 23889 24363 W PackageParser: Ignoring duplicate uses-permissions/uses-permissions-sdk-m: com.miui.antispam.permission.CONTENTPROVIDER in package: com.miui.yellowpage at: Binary XML file line #36
12-05 10:52:26.692 23889 24365 I PackageManager: /system/priv-app/StockSettings changed; collecting certs
12-05 10:52:26.703 23889 23899 I art     : Background partial concurrent mark sweep GC freed 169749(10MB) AllocSpace objects, 46(3MB) LOS objects, 33% free, 12MB/18MB, paused 2.411ms total 197.527ms
12-05 10:52:27.341 23889 24365 W PackageManager: Failed to parse /system/priv-app/StockSettings: Application package com.android.settings already installed.  Skipping duplicate.
12-05 10:52:27.341 23889 23889 D PackageManager: end scanDirLI:/system/priv-app
12-05 10:52:27.342 23889 23889 D PackageManager: start scanDirLI:/system/app
12-05 10:52:27.342 23889 23889 D PackageManager: max thread:6
12-05 10:52:27.448 23889 24365 W PackageParser: No actions in intent filter at /system/app/Bluetooth/Bluetooth.apk Binary XML file line #235
12-05 10:52:27.474 23889 24363 W PackageParser: No actions in intent filter at /system/app/BluetoothExt/BluetoothExt.apk Binary XML file line #139
12-05 10:52:27.475 23889 24363 W PackageParser: No actions in intent filter at /system/app/BluetoothExt/BluetoothExt.apk Binary XML file line #163
12-05 10:52:27.517 23889 24364 W PackageParser: Ignoring duplicate uses-permissions/uses-permissions-sdk-m: android.permission.INTERNET in package: com.miui.bugreport at: Binary XML file line #31
12-05 10:52:27.517 23889 24364 W PackageParser: Ignoring duplicate uses-permissions/uses-permissions-sdk-m: android.permission.ACCESS_NETWORK_STATE in package: com.miui.bugreport at: Binary XML file line #32
12-05 10:52:27.517 23889 24364 W PackageParser: Ignoring duplicate uses-permissions/uses-permissions-sdk-m: android.permission.WRITE_EXTERNAL_STORAGE in package: com.miui.bugreport at: Binary XML file line #34
12-05 10:52:27.517 23889 24364 W PackageParser: Ignoring duplicate uses-permissions/uses-permissions-sdk-m: android.permission.ACCESS_WIFI_STATE in package: com.miui.bugreport at: Binary XML file line #36
12-05 10:52:27.645 23889 23899 I art     : Background sticky concurrent mark sweep GC freed 34388(2MB) AllocSpace objects, 17(440KB) LOS objects, 5% free, 17MB/18MB, paused 1.983ms total 122.020ms
12-05 10:52:27.677 23889 24298 W PackageParser: No actions in intent filter at /system/app/CloudService/CloudService.apk Binary XML file line #156
12-05 10:52:27.739 23889 24298 W PackageParser: Ignoring duplicate uses-permissions/uses-permissions-sdk-m: android.permission.INTERACT_ACROSS_USERS in package: com.miui.cloudservice at: Binary XML file line #700
12-05 10:52:27.856 23889 24297 W PackageParser: Problem in package /system/app/FileExplorer/FileExplorer.apk:
12-05 10:52:27.856 23889 24297 W PackageParser: Unknown element under <activity>: intentfilter at /system/app/FileExplorer/FileExplorer.apk Binary XML file line #306
12-05 10:52:27.937 23889 23899 I art     : Background partial concurrent mark sweep GC freed 142996(8MB) AllocSpace objects, 35(2MB) LOS objects, 33% free, 11MB/17MB, paused 1.739ms total 241.568ms
12-05 10:52:28.040 23889 24364 W PackageParser: Ignoring duplicate uses-permissions/uses-permissions-sdk-m: android.permission.READ_CONTACTS in package: com.cleanmaster.sdk at: Binary XML file line #25
12-05 10:52:28.305 23889 24365 W PackageParser: Ignoring duplicate uses-permissions/uses-permissions-sdk-m: android.permission.ACCOUNT_MANAGER in package: com.android.midrive at: Binary XML file line #21
12-05 10:52:28.387 23889 23899 I art     : Background sticky concurrent mark sweep GC freed 51903(3MB) AllocSpace objects, 48(2MB) LOS objects, 24% free, 13MB/17MB, paused 2.990ms total 149.092ms
12-05 10:52:28.488 23889 24365 W PackageParser: Ignoring duplicate uses-permissions/uses-permissions-sdk-m: android.permission.CONTROL_WIFI_DISPLAY in package: com.xiaomi.miplay at: Binary XML file line #24
12-05 10:52:28.708 23889 24363 W PackageManager: Permission com.android.email.permission.READ_ATTACHMENT from package com.android.email in an unknown group android.permission-group.MESSAGES
12-05 10:52:28.720 23889 24365 W PackageParser: Ignoring duplicate uses-permissions/uses-permissions-sdk-m: android.permission.READ_SYNC_SETTINGS in package: com.miui.notes at: Binary XML file line #31
12-05 10:52:28.755 23889 23899 I art     : Background partial concurrent mark sweep GC freed 84919(5MB) AllocSpace objects, 31(1032KB) LOS objects, 33% free, 13MB/19MB, paused 2.533ms total 169.601ms
12-05 10:52:28.978 23889 24363 W PackageParser: Service exported request ignored due to singleUser: com.miui.powerkeeper.feedbackcontrol.FeedbackControlService at /system/app/PowerKeeper/PowerKeeper.apk Binary XML file line #68
12-05 10:52:29.091 23889 24363 W PackageParser: Ignoring duplicate uses-permissions/uses-permissions-sdk-m: android.permission.MANAGE_ACCOUNTS in package: com.miui.securitycore at: Binary XML file line #12
12-05 10:52:29.098 23889 24298 W PackageParser: Ignoring duplicate uses-permissions/uses-permissions-sdk-m: android.permission.MANAGE_ACCOUNTS in package: com.miui.securityadd at: Binary XML file line #29
12-05 10:52:29.443 23889 23899 I art     : Background sticky concurrent mark sweep GC freed 85774(6MB) AllocSpace objects, 47(1532KB) LOS objects, 24% free, 14MB/19MB, paused 2.075ms total 268.060ms
12-05 10:52:29.496 23889 24299 W PackageParser: Ignoring duplicate uses-permissions/uses-permissions-sdk-m: android.permission.MODIFY_AUDIO_SETTINGS in package: com.miui.voiceassist at: Binary XML file line #23
12-05 10:52:29.918 23889 24365 W PackageManager: Failed to parse /system/app/Gallery3: Missing base APK in /system/app/Gallery3
12-05 10:52:29.918 23889 24365 W PackageManager: Failed to parse /system/app/Terminal: Missing base APK in /system/app/Terminal
12-05 10:52:29.918 23889 24365 W PackageManager: Failed to parse /system/app/Nfc: Missing base APK in /system/app/Nfc
12-05 10:52:30.117 23889 23899 I art     : Background partial concurrent mark sweep GC freed 142718(9MB) AllocSpace objects, 73(3MB) LOS objects, 33% free, 12MB/19MB, paused 1.739ms total 314.695ms
12-05 10:52:30.241 23889 24299 W PackageManager: Permission android.permission.SEND_SMS_NO_CONFIRMATION from package com.miui.core in an unknown group android.permission-group.MESSAGES
12-05 10:52:30.243 23889 23889 D PackageManager: end scanDirLI:/system/app
12-05 10:52:30.243 23889 23889 D PackageManager: No files in app dir /system/vendor/app
12-05 10:52:30.243 23889 23889 D PackageManager: No files in app dir /oem/app
12-05 10:52:30.243 23889 23889 D PackageManager: No files in app dir /vendor/bundled-app
12-05 10:52:30.256 23889 23889 I PreinstallApp: Parse preinstall apps, consume 1ms
12-05 10:52:30.256 23889 23889 I PreinstallApp: copy preinstall apps start
12-05 10:52:30.259 23889 23889 I PreinstallApp: copy preinstall apps end, consume 3ms
12-05 10:52:30.259 23889 23889 D PackageManager: start scanDirLI:/data/app
12-05 10:52:30.259 23889 23889 D PackageManager: max thread:6
12-05 10:52:30.259 23889 23889 D PackageManager: end scanDirLI:/data/app
12-05 10:52:30.259 23889 23889 D PackageManager: No files in app dir /data/app-private
12-05 10:52:30.259 23889 23889 W PackageManager: Package com.android.browser desires unavailable shared library com.android.qualcomm.modemwarmup; ignoring!
12-05 10:52:30.259 23889 23889 W PackageManager: Package org.codeaurora.bluetooth desires unavailable shared library com.quicinc.wbc; ignoring!
12-05 10:52:30.260 23889 23889 I PackageManager: Adjusting ABI for : com.android.inputdevices to armeabi-v7a
12-05 10:52:30.262 23889 23889 I PackageManager: Adjusting ABI for : org.cyanogenmod.cmsettings to armeabi-v7a
12-05 10:52:30.262 23889 23889 I PackageManager: Adjusting ABI for : com.android.server.telecom to armeabi-v7a
12-05 10:52:30.262 23889 23889 I PackageManager: Adjusting ABI for : com.android.providers.settings to armeabi-v7a
12-05 10:52:30.263 23889 23889 I PackageManager: Adjusting ABI for : com.miui.rom to armeabi-v7a
12-05 10:52:30.263   292   292 E installd: invalid apk path '/system/framework/framework-ext-res' (bad prefix)
12-05 10:52:30.263 23889 23889 I PackageManager: Adjusting ABI for : com.android.location.fused to armeabi-v7a
12-05 10:52:30.263 23889 23889 I PackageManager: Adjusting ABI for : cyanogenmod.platform to armeabi-v7a
12-05 10:52:30.263   292   292 E installd: invalid apk path '/system/framework/org.cyanogenmod.platform-res.apk' (bad prefix)
12-05 10:52:30.264 23889 23889 I PackageManager: Time to scan packages: 6.968 seconds
12-05 10:52:30.271 23889 23889 W PackageManager: Unknown permission com.google.android.googleapps.permission.GOOGLE_AUTH in package com.android.providers.calendar
12-05 10:52:30.271 23889 23889 W PackageManager: Unknown permission com.google.android.googleapps.permission.GOOGLE_AUTH.cl in package com.android.providers.calendar
12-05 10:52:30.274 23889 23889 W PackageManager: Not granting permission com.xiaomi.gallery.permission.CLOUD to package com.milink.service (protectionLevel=18 flags=0x3808be45)
12-05 10:52:30.278 23889 23889 W PackageManager: Unknown permission com.xiaomi.vip.permission.SERVICE in package com.xiaomi.account
12-05 10:52:30.281 23889 23889 W PackageManager: Unknown permission android.permission.WRITE_INTERNAL_STORAGE in package com.android.updater
12-05 10:52:30.284 23889 23889 W PackageManager: Unknown permission miui.permission.SHELL in package com.android.updater
12-05 10:52:30.286 23889 23889 W PackageManager: Unknown permission android.permission.READ_SECURE_SETTINGS in package com.miui.securityadd
12-05 10:52:30.286 23889 23889 W PackageManager: Unknown permission android.permission.READ_SETTINGS in package com.miui.securityadd
12-05 10:52:30.289 23889 23889 W PackageManager: Unknown permission android.permission.ACCESS_ALL_EXTERNAL_STORAGE in package com.miui.gallery
12-05 10:52:30.294 23889 23889 W PackageManager: Unknown permission com.xiaomi.passport.permission.PASSPORT_UI_CONTROLLER_SERVICE in package com.xiaomi.payment
12-05 10:52:30.300 23889 23889 W PackageManager: Unknown permission miui.permission.SHELL in package com.miui.securitycenter
12-05 10:52:30.302 23889 23889 W PackageManager: Unknown permission android.permission.READ_SECURE_SETTINGS in package com.miui.securitycenter
12-05 10:52:30.302 23889 23889 W PackageManager: Unknown permission android.permission.READ_SETTINGS in package com.miui.securitycenter
12-05 10:52:30.304 23889 23889 W PackageManager: Unknown permission android.Manifest.permission.RECEIVE_BOOT_COMPLETED in package com.android.browser
12-05 10:52:30.308 23889 23889 W PackageManager: Unknown permission android.permission.ACTION_HEADSET_PLUG in package com.android.soundrecorder
12-05 10:52:30.310 23889 23889 W PackageManager: Unknown permission adnroid.permission.CHANGE_WIFI_STATE in package com.miui.guardprovider
12-05 10:52:30.317 23889 23889 W PackageManager: Unknown permission miui.permission.SHELL in package com.miui.backup
12-05 10:52:30.320 23889 23889 W PackageManager: Unknown permission com.xiaomi.market.sdk.UPDATE in package com.miui.backup
12-05 10:52:30.320 23889 23889 W PackageManager: Unknown permission android.permission.READ_SETTINGS in package com.xiaomi.ab
12-05 10:52:30.321 23889 23889 W PackageManager: Unknown permission android.permission.RUN_INSTRUMENTATION in package com.xiaomi.ab
12-05 10:52:30.321 23889 23889 W PackageManager: Unknown permission com.xiaomi.channel.GAME_SERVICE_PERMISSION in package com.xiaomi.ab
12-05 10:52:30.321 23889 23889 W PackageManager: Unknown permission com.xiaomi.passport.permission.PASSPORT_UI_CONTROLLER_SERVICE in package com.xiaomi.ab
12-05 10:52:30.322 23889 23889 W PackageManager: Unknown permission android.permission.MMS_PUSH in package org.codeaurora.bluetooth
12-05 10:52:30.324 23889 23889 W PackageManager: Unknown permission com.google.android.googleapps.permission.GOOGLE_AUTH.mail in package com.android.contacts
12-05 10:52:30.326 23889 23889 W PackageManager: Unknown permission com.miui.mipub.permission.READ_HMS_COMMON in package com.android.contacts
12-05 10:52:30.327 23889 23889 W PackageManager: Unknown permission com.xiaomi.rcs.permission.SERVICE in package com.android.contacts
12-05 10:52:30.327 23889 23889 W PackageManager: Unknown permission com.miui.voip.permission.RECEIVE_CLEAR_MISSED_CALL_NOTIFICATION in package com.android.contacts
12-05 10:52:30.328 23889 23889 W PackageManager: Unknown permission android.permission.ACCESS_NOTIFICATION in package com.miui.securitycore
12-05 10:52:30.328 23889 23889 W PackageManager: Unknown permission android.permission.INSTALL_DRM in package com.android.mms
12-05 10:52:30.330 23889 23889 W PackageManager: Unknown permission miui.permission.SHELL in package com.android.mms
12-05 10:52:30.335 23889 23889 W PackageManager: Unknown permission android.permission.WRITE_INTERNAL_STORAGE in package com.miui.player
12-05 10:52:30.338 23889 23889 W PackageManager: Unknown permission com.xiaomi.vip.permission.SERVICE in package com.miui.player
12-05 10:52:30.340 23889 23889 W PackageManager: Unknown permission com.google.android.googleapps.permission.GOOGLE_AUTH.mail in package com.android.calendar
12-05 10:52:30.341 23889 23889 W PackageManager: Not granting permission android.permission.ACCESS_MOCK_LOCATION to package com.android.calendar (protectionLevel=2 flags=0x3809be45)
12-05 10:52:30.342 23889 23889 W PackageManager: Unknown permission miui.permission.SHELL in package com.miui.compass
12-05 10:52:30.343 23889 23889 W PackageManager: Unknown permission android.permission.ACCESS_ALL_EXTERNAL_STORAGE in package com.android.midrive
12-05 10:52:30.349 23889 23889 W PackageManager: Unknown permission miui.permission.SHELL in package com.miui.bugreport
12-05 10:52:30.351 23889 23889 W PackageManager: Unknown permission android.permission.ACCESS_ALL_EXTERNAL_STORAGE in package com.android.fileexplorer
12-05 10:52:30.355 23889 23889 W PackageManager: Unknown permission com.miui.klo.bugreport.permission.KLO_STARTUP_RECEIVER in package com.xiaomi.metok
12-05 10:52:30.372 23889 23889 W PackageManager: Unknown permission com.fingerprints.service.ACCESS_FINGERPRINT_MANAGER in package com.android.keyguard
12-05 10:52:30.373 23889 23889 W PackageManager: Unknown permission com.fingerprints.service.ACCESS_FINGERPRINT_MANAGER in package com.android.camera
12-05 10:52:30.380 23889 23889 I PackageManager: Un-granting permission android.permission.CLEAR_APP_USER_DATA from package com.google.android.packageinstaller (protectionLevel=258 flags=0x38483e45)
12-05 10:52:30.380 23889 23889 I PackageManager: Un-granting permission android.permission.GRANT_RUNTIME_PERMISSIONS from package com.google.android.packageinstaller (protectionLevel=770 flags=0x38483e45)
12-05 10:52:30.381 23889 23889 I PackageManager: Un-granting permission android.permission.REVOKE_RUNTIME_PERMISSIONS from package com.google.android.packageinstaller (protectionLevel=770 flags=0x38483e45)
12-05 10:52:30.381 23889 23889 I PackageManager: Un-granting permission android.permission.INSTALL_GRANT_RUNTIME_PERMISSIONS from package com.google.android.packageinstaller (protectionLevel=770 flags=0x38483e45)
12-05 10:52:30.381 23889 23889 I PackageManager: Un-granting permission android.permission.INTERACT_ACROSS_USERS_FULL from package com.google.android.packageinstaller (protectionLevel=258 flags=0x38483e45)
12-05 10:52:30.382 23889 23889 I PackageManager: Un-granting permission android.permission.KILL_UID from package com.google.android.packageinstaller (protectionLevel=258 flags=0x38483e45)
12-05 10:52:30.383 23889 23889 W PackageManager: Not granting permission android.permission.DELETE_PACKAGES to package com.svox.pico (protectionLevel=18 flags=0x3808be45)
12-05 10:52:30.390 23889 23889 W PackageManager: Unknown permission android.permission.INSTALL_DRM in package com.miui.mipub
12-05 10:52:30.391 23889 23889 W PackageManager: Unknown permission miui.permission.SHELL in package com.miui.mipub
12-05 10:52:30.394 23889 23889 W PackageManager: Unknown permission android.permission.READ_SECURE_SETTINGS in package com.miui.notes
12-05 10:52:30.402 23889 23889 W PackageManager: Unknown permission android.permission.ACCESS_COARSE_UPDATES in package com.miui.cloudservice
12-05 10:52:30.403 23889 23889 W PackageManager: Unknown permission miui.permission.SHELL in package com.miui.cloudservice
12-05 10:52:30.406 23889 23889 W PackageManager: Unknown permission com.xiaomi.vip.permission.SERVICE in package com.miui.cloudservice
