12-05 10:52:19.548 23499 23499 E ClassHook: 	at miui.patchrom.ClassHook.buildProxy(ClassHook.java:61)
12-05 10:52:19.548 23499 23499 E ClassHook: 	at java.lang.reflect.Method.invoke(Native Method)
12-05 10:52:19.548 23499 23499 E ClassHook: 	at miui.patchrom.ClassHook.initHook(ClassHook.java:116)
12-05 10:52:19.548 23499 23499 E ClassHook: 	at miui.patchrom.ClassHook.initCoreHook(ClassHook.java:93)
12-05 10:52:19.548 23499 23499 E ClassHook: 	at com.android.internal.os.ZygoteInit.main(ZygoteInit.java)
12-05 10:52:19.549 23499 23499 I ClassHook: android.media.session.MediaSessionLegacyHelperHook attachMethod getOldMetadata(Landroid/media/MediaMetadata;II)Landroid/os/Bundle;
12-05 10:52:19.550 23499 23499 I ClassHook: android.os.SystemVibratorHook attachMethod vibrate(ILjava/lang/String;JLandroid/media/AudioAttributes;)V
12-05 10:52:19.551 23499 23499 I ClassHook: android.os.SystemVibratorHook attachMethod vibrate(ILjava/lang/String;[JILandroid/media/AudioAttributes;)V
12-05 10:52:19.552 23499 23499 I ClassHook: android.preference.RingtonePreferenceHook attachMethod onPrepareRingtonePickerIntent(Landroid/content/Intent;)V
12-05 10:52:19.553 23499 23499 I ClassHook: android.telephony.SignalStrengthHook attachMethod getCdmaLevel()I
12-05 10:52:19.554 23499 23499 I ClassHook: android.telephony.SignalStrengthHook attachMethod getEvdoLevel()I
12-05 10:52:19.554 23499 23499 I ClassHook: android.telephony.SignalStrengthHook attachMethod getGsmLevel()I
12-05 10:52:19.554 23499 23499 I ClassHook: android.telephony.SignalStrengthHook attachMethod getLteLevel()I
12-05 10:52:19.554 23499 23499 I ClassHook: android.telephony.SignalStrengthHook attachMethod getTdScdmaLevel()I
12-05 10:52:19.555 23499 23499 I ClassHook: android.telephony.TelephonyManagerHook attachMethod setTelephonyProperty(ILjava/lang/String;Ljava/lang/String;)V
12-05 10:52:19.556   245 23560 W ais-adapter: aec_set_params: Hit default case from unknown param 3, ignoring!
12-05 10:52:19.556 23496 23496 E QCameraHWI_Parm: RDI Mode = 0
12-05 10:52:19.566   245 23560 W ais-adapter: aec_set_params: Hit default case from unknown param 9, ignoring!
12-05 10:52:19.566   245 23560 W ais-adapter: aec_set_params: Hit default case from unknown param 14, ignoring!
12-05 10:52:19.566   245 23560 W ais-adapter: aec_set_params: Hit default case from unknown param 14, ignoring!
12-05 10:52:19.572 23499 23499 I ClassHook: android.util.TypedValueHook attachMethod applyDimension(IFLandroid/util/DisplayMetrics;)F
12-05 10:52:19.572 23499 23499 I ClassHook: android.view.LayoutInflaterHook attachMethod inflate(ILandroid/view/ViewGroup;Z)Landroid/view/View;
12-05 10:52:19.573 23499 23499 I ClassHook: android.view.ScaleGestureDetectorHook attachConstructor (Landroid/content/Context;Landroid/view/ScaleGestureDetector$OnScaleGestureListener;Landroid/os/Handler;)V
12-05 10:52:19.574 23499 23499 I ClassHook: android.view.ViewDebugHook attachMethod writeValue(Ljava/io/BufferedWriter;Ljava/lang/Object;)V
12-05 10:52:19.575 23499 23499 I ClassHook: android.view.ViewRootImplHook attachMethod setWindowStopped(Z)V
12-05 10:52:19.576   245 23560 I mm-camera: config_proc_CAMERA_SET_DIS_ENABLE: DIS Enabled? : No 
12-05 10:52:19.577 23499 23499 I ClassHook: android.view.WindowHook attachMethod setFlags(II)V
12-05 10:52:19.578 23499 23499 I ClassHook: android.view.WindowManagerGlobalHook attachMethod addView(Landroid/view/View;Landroid/view/ViewGroup$LayoutParams;Landroid/view/Display;Landroid/view/Window;)V
12-05 10:52:19.578 23499 23499 I ClassHook: android.view.WindowManagerGlobalHook attachMethod updateViewLayout(Landroid/view/View;Landroid/view/ViewGroup$LayoutParams;)V
12-05 10:52:19.580 23499 23499 I ClassHook: android.view.WindowManagerLayoutParamsHook attachMethod copyFrom(Landroid/view/WindowManager$LayoutParams;)I
12-05 10:52:19.580 23499 23499 I ClassHook: android.view.WindowManagerLayoutParamsHook attachMethod toString()Ljava/lang/String;
12-05 10:52:19.580 23499 23499 I ClassHook: android.view.WindowManagerLayoutParamsHook attachMethod writeToParcel(Landroid/os/Parcel;I)V
12-05 10:52:19.580 23499 23499 I ClassHook: android.view.WindowManagerLayoutParamsHook attachConstructor (Landroid/os/Parcel;)V
12-05 10:52:19.581 23499 23499 I ClassHook: android.webkit.WebViewFactoryHook attachMethod getProvider()Landroid/webkit/WebViewFactoryProvider;
12-05 10:52:19.583 23499 23499 I ClassHook: android.webkit.WebViewHook attachConstructor (Landroid/content/Context;Landroid/util/AttributeSet;IILjava/util/Map;Z)V
12-05 10:52:19.584 23499 23499 I ClassHook: android.widget.ToastHook attachMethod setType(I)V
12-05 10:52:19.586   245 23560 W ais-adapter: aec_set_params: Hit default case from unknown param 4, ignoring!
12-05 10:52:19.586 23499 23499 I ClassHook: android.widget.ToastHook attachMethod show()V
12-05 10:52:19.587 23499 23499 I ClassHook: com.android.internal.os.RuntimeInitHook attachMethod commonInit()V
12-05 10:52:19.588 23499 23499 I ClassHook: com.android.internal.policy.PhoneWindowHook attachMethod onKeyDown(IILandroid/view/KeyEvent;)Z
12-05 10:52:19.589 23499 23499 I ClassHook: com.android.internal.policy.PhoneWindowHook attachMethod onKeyUp(IILandroid/view/KeyEvent;)Z
12-05 10:52:19.589 23499 23499 I ClassHook: com.android.internal.telephony.ITelephonyRegistryStubHook attachMethod onTransact(ILandroid/os/Parcel;Landroid/os/Parcel;I)Z
12-05 10:52:19.590 23499 23499 I ClassHook: com.android.internal.telephony.ITelephonyRegistryStubProxyHook attachMethod getMiuiTelephony()Lmiui/telephony/IMiuiTelephony;
12-05 10:52:19.590 23499 23499 I ClassHook: com.android.internal.telephony.ITelephonyRegistryStubProxyHook attachMethod setMiuiTelephony(Lmiui/telephony/IMiuiTelephony;)V
12-05 10:52:19.594 23499 23499 I ClassHook: com.android.internal.telephony.PhoneBaseHook attachMethod getSystemProperty(Ljava/lang/String;Ljava/lang/String;)Ljava/lang/String;
12-05 10:52:19.594 23499 23499 I ClassHook: com.android.internal.telephony.PhoneBaseHook attachMethod setSystemProperty(Ljava/lang/String;Ljava/lang/String;)V
12-05 10:52:19.596 23499 23499 I ClassHook: com.android.internal.telephony.PhoneFactoryHook attachMethod makeDefaultPhone(Landroid/content/Context;)V
12-05 10:52:19.596   245 23560 W ais-adapter: aec_set_params: Hit default case from unknown param 13, ignoring!
12-05 10:52:19.597 23499 23499 I ClassHook: com.android.internal.telephony.SubscriptionManagerHook attachMethod putPhoneIdAndSubIdExtra(Landroid/content/Intent;II)V
12-05 10:52:19.598 23499 23499 I ClassHook: com.android.internal.telephony.cat.CommandParamsFactoryHook attachMethod sendCmdParams(Lcom/android/internal/telephony/cat/ResultCode;)V
12-05 10:52:19.603 23499 23499 I ClassHook: com.android.internal.telephony.cdma.CdmaLteServiceStateTrackerHook attachMethod handleMessage(Landroid/os/Message;)V
12-05 10:52:19.606 23499 23499 D Zygote  : begin preload
12-05 10:52:19.606 23499 23499 I Zygote  : Preloading classes...
12-05 10:52:19.626   245 23560 W ais-adapter: aec_set_params: Hit default case from unknown param 1, ignoring!
12-05 10:52:19.626 23496 23496 D QCameraHWI_Parm: FocusArea[0] = (0, 0, 0, 0, 0)
12-05 10:52:19.630   245 23560 I MotCameraCalibration: ov10820_set_focus_window focus window: {0, 0, 0, 0}
12-05 10:52:19.630   245 23560 I MotCameraCalibration: ov10820_set_focus_window: Using default focus window
12-05 10:52:19.630   245 23560 I MotCameraCalibration: ov10820_set_focus_window New focus window: {1350, 0, 1620, 65535} zoom:1
12-05 10:52:19.636 23496 23496 E QCameraHWI_Parm: Parameter Video HDR is not supported for this sensor
12-05 10:52:19.646   245 23560 I mm-camera: config_proc_CAMERA_SET_FLIP_HINT rc = 1, status = 1, 
12-05 10:52:19.656   245 23560 D MotCameraCalibration: ov10820_get_module_info() - E
12-05 10:52:19.656   245 23560 D MotCameraCalibration: ov10820_get_module_info() - X
12-05 10:52:19.656 23496 23496 E mm-jpeg-intf: mm_jpeg_init : Launch jobmgr thread
12-05 10:52:19.656 23496 23496 I mm-still-omx: OMX_GetHandle: E
12-05 10:52:19.656 23496 23496 I mm-still-omx: getLibName: cnt =0 componentName=OMX.qcom.image.jpeg.encoder, libName=libimage-jpeg-enc-omx-comp.so
12-05 10:52:19.656 23496 23496 I mm-still-omx: getLibName: libName=libimage-jpeg-enc-omx-comp.so
12-05 10:52:19.656 23496 23496 I mm-still-omx: OMX_GetHandle: dlopen for libimage-jpeg-enc-omx-comp.so is successful.
12-05 10:52:19.656 23496 23496 I mm-still-omx: here address is 0xb6043a1d 
12-05 10:52:19.656 23496 23496 I mm-still-omx: OMX_GetHandle: dlopen for libimage-jpeg-enc-omx-comp.so is successful.
12-05 10:52:19.656 23496 23496 I mm-still-omx: OMX_Init:
12-05 10:52:19.657 23496 23496 I mm-still-omx: initInport,1116
12-05 10:52:19.657 23496 23496 I mm-still-omx: initInport,1125
12-05 10:52:19.657 23496 23496 D MotISP_GPU: int MotISP_GPU::Init(int, int): GPU resolution: 1280x720
12-05 10:52:19.659 23496 23496 E QCOM PowerHAL: Unable to open prefetcher: dlopen failed: library "libqti-iop-client.so" not found
12-05 10:52:19.659 23496 23496 E QCOM PowerHAL: Failed to get prefetcher handle.
12-05 10:52:19.659 23496 23496 D QualcommCamera: int android::camera_device_open(const hw_module_t*, const char*, hw_device_t**): Camera Opened 
12-05 10:52:19.659 23496 23496 E QualcommCamera: int android::camera_device_open(const hw_module_t*, const char*, hw_device_t**):  end rc 0
12-05 10:52:19.660 23496 23496 I CameraHalWatchdog: Stopped Watchdog Thread...
12-05 10:52:19.660 23496 23496 E QualcommCamera: Qvoid android::set_CallBacks(camera_device*, camera_notify_callback, camera_data_callback, camera_data_timestamp_callback, camera_request_memory, void*): E
12-05 10:52:19.660 23496 23496 E QualcommCamera: Qchar* android::get_parameters(camera_device*): E
12-05 10:52:19.661 23496 23496 E QualcommCamera: Qvoid android::put_parameters(camera_device*, char*): E
12-05 10:52:19.662 23496 23496 I CameraHalWatchdog: Starting Watchdog Thread...
12-05 10:52:19.676 23496 23496 I CameraHalWatchdog: Stopped Watchdog Thread...
12-05 10:52:19.677 23496 23496 E QualcommCamera: Qint android::set_parameters(camera_device*, const char*): E
12-05 10:52:19.677 23496 23496 I CameraHalWatchdog: Starting Watchdog Thread...
12-05 10:52:19.678 23496 23496 E QCameraHWI_Parm: RDI Mode = 0
12-05 10:52:19.678 23496 23496 E QCameraHWI_Parm: setPreviewFpsRange: No change in FpsRange
12-05 10:52:19.678   245 23560 I mm-camera: config_proc_CAMERA_SET_DIS_ENABLE: DIS Enabled? : No 
12-05 10:52:19.680 23499 23499 E Minikin : addFont failed to create font /system/fonts/NanumGothic.ttf
12-05 10:52:19.680 23499 23499 E Minikin : addFont failed to create font /system/fonts/DroidSansFallback.ttf
12-05 10:52:19.680 23499 23499 E Minikin : addFont failed to create font /system/fonts/MTLmr3m.ttf
12-05 10:52:19.681 23496 23669 D libEGL  : loaded /vendor/lib/egl/libEGL_adreno.so
12-05 10:52:19.683 23496 23496 E QCameraHWI_Parm: Parameter Video HDR is not supported for this sensor
12-05 10:52:19.684 23496 23669 D libEGL  : loaded /vendor/lib/egl/libGLESv1_CM_adreno.so
12-05 10:52:19.686   245 23560 I mm-camera: config_proc_CAMERA_SET_FLIP_HINT rc = 1, status = 1, 
12-05 10:52:19.686 23496 23496 I CameraHalWatchdog: Stopped Watchdog Thread...
12-05 10:52:19.686 23496 23496 E QualcommCamera: Qvoid android::stop_preview(camera_device*): E
12-05 10:52:19.686 23496 23496 I CameraHalWatchdog: Starting Watchdog Thread...
12-05 10:52:19.686   245 23560 I mm-camera: config_proc_CAMERA_SET_RECORDING_HINT rc = 1, status = 1, Current usecase : Camera 
12-05 10:52:19.696   245 23560 I mm-camera: config_proc_CAMERA_SET_DIS_ENABLE: DIS Enabled? : No 
12-05 10:52:19.696 23496 23496 I CameraHalWatchdog: Stopped Watchdog Thread...
12-05 10:52:19.696 23496 23496 I CameraHalWatchdog: Starting Watchdog Thread...
12-05 10:52:19.697 23496 23496 E QCameraHWI: setPreviewWindow:Received Setting NULL preview window
12-05 10:52:19.699 23496 23496 I CameraHalWatchdog: Stopped Watchdog Thread...
12-05 10:52:19.699 23496 23496 E QualcommCamera: Qvoid android::release(camera_device*): E
12-05 10:52:19.699 23496 23496 I CameraHalWatchdog: Starting Watchdog Thread...
12-05 10:52:19.732 23496 23496 I CameraHalWatchdog: Stopped Watchdog Thread...
12-05 10:52:19.732 23496 23496 I CameraFlashlight: Destroying camera 0
12-05 10:52:19.732 23496 23496 E QualcommCamera: Qint android::get_number_of_cameras(): E
12-05 10:52:19.733 23496 23496 I QCameraHAL: Handle base =0x0xb60610ac
12-05 10:52:19.733 23496 23496 I QCameraHAL: getCameraInfo: numOfCameras = 2
12-05 10:52:19.733 23496 23496 I QCameraHAL: Handle [0]=0x0xb60610ac
12-05 10:52:19.733 23496 23496 I QCameraHAL: Camera sensor 0 info:
12-05 10:52:19.733 23496 23496 I QCameraHAL: camera_id: 0
12-05 10:52:19.733 23496 23496 I QCameraHAL: modes_supported: 1
12-05 10:52:19.733 23496 23496 I QCameraHAL: position: 0
12-05 10:52:19.733 23496 23496 I QCameraHAL: sensor_mount_angle: 90
12-05 10:52:19.733 23496 23496 I QCameraHAL: Handle [1]=0x0xb60610c8
12-05 10:52:19.733 23496 23496 I QCameraHAL: Camera sensor 1 info:
12-05 10:52:19.733 23496 23496 I QCameraHAL: camera_id: 0
12-05 10:52:19.733 23496 23496 I QCameraHAL: modes_supported: 1
12-05 10:52:19.733 23496 23496 I QCameraHAL: position: 1
12-05 10:52:19.733 23496 23496 I QCameraHAL: sensor_mount_angle: 270
12-05 10:52:19.733 23496 23496 E QualcommCamera: Qint android::get_number_of_cameras(): E
12-05 10:52:19.733 23496 23496 I QCameraHAL: Handle base =0x0xb60610ac
12-05 10:52:19.733 23496 23496 I QCameraHAL: getCameraInfo: numOfCameras = 2
12-05 10:52:19.733 23496 23496 I QCameraHAL: Handle [0]=0x0xb60610ac
12-05 10:52:19.733 23496 23496 I QCameraHAL: Camera sensor 0 info:
12-05 10:52:19.733 23496 23496 I QCameraHAL: camera_id: 0
12-05 10:52:19.733 23496 23496 I QCameraHAL: modes_supported: 1
12-05 10:52:19.733 23496 23496 I QCameraHAL: position: 0
12-05 10:52:19.733 23496 23496 I QCameraHAL: sensor_mount_angle: 90
12-05 10:52:19.733 23496 23496 I QCameraHAL: Handle [1]=0x0xb60610c8
12-05 10:52:19.733 23496 23496 I QCameraHAL: Camera sensor 1 info:
12-05 10:52:19.733 23496 23496 I QCameraHAL: camera_id: 0
12-05 10:52:19.733 23496 23496 I QCameraHAL: modes_supported: 1
12-05 10:52:19.733 23496 23496 I QCameraHAL: position: 1
12-05 10:52:19.733 23496 23496 I QCameraHAL: sensor_mount_angle: 270
12-05 10:52:19.733 23496 23496 E QualcommCamera: Qint android::get_number_of_cameras(): E
12-05 10:52:19.733 23496 23496 I QCameraHAL: Handle base =0x0xb60610ac
12-05 10:52:19.733 23496 23496 I QCameraHAL: getCameraInfo: numOfCameras = 2
12-05 10:52:19.733 23496 23496 I QCameraHAL: Handle [0]=0x0xb60610ac
12-05 10:52:19.733 23496 23496 I QCameraHAL: Camera sensor 0 info:
12-05 10:52:19.733 23496 23496 I QCameraHAL: camera_id: 0
12-05 10:52:19.733 23496 23496 I QCameraHAL: modes_supported: 1
12-05 10:52:19.733 23496 23496 I QCameraHAL: position: 0
12-05 10:52:19.733 23496 23496 I QCameraHAL: sensor_mount_angle: 90
12-05 10:52:19.733 23496 23496 I QCameraHAL: Handle [1]=0x0xb60610c8
12-05 10:52:19.733 23496 23496 I QCameraHAL: Camera sensor 1 info:
12-05 10:52:19.733 23496 23496 I QCameraHAL: camera_id: 0
12-05 10:52:19.733 23496 23496 I QCameraHAL: modes_supported: 1
12-05 10:52:19.733 23496 23496 I QCameraHAL: position: 1
12-05 10:52:19.733 23496 23496 I QCameraHAL: sensor_mount_angle: 270
12-05 10:52:19.733 23496 23496 E QualcommCamera: Qint android::close_camera_device(hw_device_t*): device =0xb5fd6a80 E
12-05 10:52:19.733 23496 23496 I CameraHalWatchdog: Starting Watchdog Thread...
12-05 10:52:19.734 23496 23669 D libEGL  : loaded /vendor/lib/egl/libGLESv2_adreno.so
12-05 10:52:19.753 23499 23499 V DngCreator_JNI: DngCreator_nativeClassInit:
12-05 10:52:19.755 23496 23669 I Adreno-EGL: <qeglDrvAPI_eglInitialize:410>: EGL 1.4 QUALCOMM build: AU_LINUX_ANDROID_LA.AF.1.1_RB1.05.00.02.006.020_msm8960_LA.AF.1.1_RB1__release_AU ()
12-05 10:52:19.755 23496 23669 I Adreno-EGL: OpenGL ES Shader Compiler Version: E031.25.03.06
12-05 10:52:19.755 23496 23669 I Adreno-EGL: Build Date: 03/30/15 Mon
12-05 10:52:19.755 23496 23669 I Adreno-EGL: Local Branch: mybranch8688311
12-05 10:52:19.755 23496 23669 I Adreno-EGL: Remote Branch: quic/LA.AF.1.1_rb1.16
12-05 10:52:19.755 23496 23669 I Adreno-EGL: Local Patches: NONE
12-05 10:52:19.755 23496 23669 I Adreno-EGL: Reconstruct Branch: AU_LINUX_ANDROID_LA.AF.1.1_RB1.05.00.02.006.020 + 9b2699f + 2215637 + 60aa592 + f2362e6 + 5c64f59 + 82411a1 + 1f36e07 +  NOTHING
12-05 10:52:19.867   245 23560 I mm-camera: config_proc_CAMERA_SET_RECORDING_HINT rc = 1, status = 1, Current usecase : Camera 
12-05 10:52:19.876   245 23560 I mm-camera: config_proc_CAMERA_SET_DIS_ENABLE: DIS Enabled? : No 
12-05 10:52:19.876 23496 23496 E mm-jpeg-intf: mm_jpeg_close: E
12-05 10:52:19.876 23496 23496 E mm-jpeg-intf: mm_jpeg_close: abort ongoing jobs
12-05 10:52:19.876 23496 23496 E mm-jpeg-intf: mm_jpeg_close: abort todo jobs
12-05 10:52:19.876 23496 23496 E mm-jpeg-intf: mm_jpeg_close: abort done jobs in cb threads
12-05 10:52:19.876 23496 23496 E mm-jpeg-intf: mm_jpeg_close: X
12-05 10:52:19.876 23496 23496 I mm-still-omx: deinit:E
12-05 10:52:19.876 23496 23496 I mm-still-omx: jpegStop : E
12-05 10:52:19.876 23496 23496 I mm-still-omx: jpegStop :X
12-05 10:52:19.876 23496 23496 I mm-still-omx: releaseOMXBuffers :E
12-05 10:52:19.876 23496 23496 I mm-still-omx: releaseOMXBuffers :X
12-05 10:52:19.876 23496 23496 I mm-still-omx: deinit:X
12-05 10:52:19.876 23496 23666 E QualcommCamera: Qvoid android::release(camera_device*): E
12-05 10:52:19.876 23496 23666 I CameraHalWatchdog: Starting Watchdog Thread...
12-05 10:52:19.877 23496 23496 I QCameraHWI: ~QCameraHardwareInterface: Jpeg closed, rc = 0, mJpegClientHandle = 100
12-05 10:52:19.877 23496 23496 I QCameraHWI: deInitHistogramBuffers Histogram buffers not active. return. 
12-05 10:52:19.877 23496 23496 E hardware/qcom/camera/QCamera/HAL/core/src/QCameraStream.cpp: streamOff: Stream:0 is not active
12-05 10:52:19.877 23496 23496 E hardware/qcom/camera/QCamera/HAL/core/src/QCameraStream.cpp: streamOff: Stream:0 is not active
12-05 10:52:19.877 23496 23496 E hardware/qcom/camera/QCamera/HAL/core/src/QCameraStream.cpp: streamOff: Stream:0 is not active
12-05 10:52:19.877 23496 23496 E hardware/qcom/camera/QCamera/HAL/core/src/QCameraStream.cpp: streamOff: Stream:0 is not active
12-05 10:52:19.877 23496 23496 D MotISP_VSTAB: ~MotISP_VSTAB destroyed
12-05 10:52:19.886   245 23560 I mm-camera: config_shutdown_pp Camera not in streaming mode. Returning. 
12-05 10:52:19.886   245 23560 E mm-camera: vfe_tintless_wrapper_deinit:  close/unload tintless lib
12-05 10:52:19.886   245 23560 E mm-camera: vfe_tintless_close:  close/unload tintless lib 0
12-05 10:52:19.887   245 23560 I mm-camera: vfe_ops_deinit: E
12-05 10:52:19.901   245 23560 D MotApical_GPU: ALTM: deinit completed in 10 msecs
12-05 10:52:19.909 23496 23496 D QualcommCamera: Qint android::close_camera_device(hw_device_t*): Deleted camera hal hardware obj
12-05 10:52:19.909 23496 23496 I CameraHalWatchdog: Stopped Watchdog Thread...
12-05 10:52:19.909 23496 23496 I CameraFlashlight: Opening camera 1
12-05 10:52:19.909 23496 23496 E QualcommCamera: Qint android::get_camera_info(int, camera_info*): E
12-05 10:52:19.909 23496 23496 E QualcommCamera: Qint android::get_number_of_cameras(): E
12-05 10:52:19.910 23496 23496 I QCameraHAL: Handle base =0x0xb60610ac
12-05 10:52:19.910 23496 23496 I QCameraHAL: getCameraInfo: numOfCameras = 2
12-05 10:52:19.910 23496 23496 I QCameraHAL: Handle [0]=0x0xb60610ac
12-05 10:52:19.910 23496 23496 I QCameraHAL: Camera sensor 0 info:
12-05 10:52:19.910 23496 23496 I QCameraHAL: camera_id: 0
12-05 10:52:19.910 23496 23496 I QCameraHAL: modes_supported: 1
12-05 10:52:19.910 23496 23496 I QCameraHAL: position: 0
12-05 10:52:19.910 23496 23496 I QCameraHAL: sensor_mount_angle: 90
12-05 10:52:19.910 23496 23496 I QCameraHAL: Handle [1]=0x0xb60610c8
12-05 10:52:19.910 23496 23496 I QCameraHAL: Camera sensor 1 info:
12-05 10:52:19.910 23496 23496 I QCameraHAL: camera_id: 0
12-05 10:52:19.910 23496 23496 I QCameraHAL: modes_supported: 1
12-05 10:52:19.910 23496 23496 I QCameraHAL: position: 1
12-05 10:52:19.910 23496 23496 I QCameraHAL: sensor_mount_angle: 270
12-05 10:52:19.910 23496 23496 I CameraHalWatchdog: Starting Watchdog Thread...
12-05 10:52:19.910 23496 23496 D MotISP_VSTAB: MotISP_VSTAB created
12-05 10:52:19.916 23496 23666 I CameraHalWatchdog: Stopped Watchdog Thread...
12-05 10:52:19.936   245 23706 I mm-camera: mctl_store_curr_target Current target is 0 
12-05 10:52:19.936 23496 23496 E mm-camera-intf: mm_camera_open:  opened, break out while loop
12-05 10:52:19.936 23496 23496 E mm-camera-intf: mm_camera_poll_thread_launch: poll_type = 0, read fd = 11, write fd = 12 timeout = 5000, obj_address = 0xb31fa000, poll_cb = 0xb31fb290
12-05 10:52:20.030 23499 23499 W Zygote  : Class not found for preloading: android.widget.Editor$CursorAnchorInfoNotifier
12-05 10:52:20.036   245 23706 D mm-camera: s5k5b3g_get_module_info() - E
12-05 10:52:20.036   245 23706 D mm-camera: s5k5b3g_get_module_info() - X
12-05 10:52:20.036   245 23706 I mm-camera: Check chromatix cache...
12-05 10:52:20.036   245 23706 I mm-camera: Loaded chromatix data from cache
12-05 10:52:20.036   245 23706 E mm-camera: camera_plugin_grant_rdi_interface: rdi intf value :1
12-05 10:52:20.037   245 23706 I mm-camera: axi_client_init axi client 0
12-05 10:52:20.037   245 23706 I mm-camera:  
12-05 10:52:20.046   245 23706 I mm-camera: vfe_ops_init: E
12-05 10:52:20.046   245 23706 E mm-camera: vfe_reload_modules: 
12-05 10:52:20.046   245 23706 I mm-camera: vfe_reload_modules: no config set
12-05 10:52:20.046   245 23706 I mm-camera: vfe_reload_chromatix: reload Fail
12-05 10:52:20.047   245 23706 E mm-camera: vfe_tintless_wrapper_init: loaded lib libmmcamera_tintless_algo.so, version 2.53
12-05 10:52:20.047   245 23706 E mm-camera: dmlroc_init  cfg: camif 1224x1536, elem 24x24, thres 0.001600
12-05 10:52:20.047   245 23706 E mm-camera: dmlroc_init  cfg: FullCnt 864, offsetH 0, offsetV 36
12-05 10:52:20.047   245 23706 E mm-camera: vfe_tintless_req_updates:  request for updates 0x41
12-05 10:52:20.047   245 23706 E mm-camera: vfe_tintless_get_version: wrapper returned version 65536 err=0
12-05 10:52:20.053   245 23706 I mm-camera: mctl_init_stats_proc_info: snap_max_line_cnt =27480
12-05 10:52:20.053   245 23706 E mm-camera: Opening libmmcamera_3a_bayer.so!!
12-05 10:52:20.053   245 23706 E alPrinter: [AIS-REV] AlAis  :2014.0414.0053::[0x00000156], AisWrap:2014.0508.2001::[0xd00002df]
12-05 10:52:20.054   245 23706 E mm-camera: config_proc_CAMERA_GET_CAPABILITIES: prop->max_pict_width 1920  prop->max_pict_height 1088
12-05 10:52:20.054   245 23706 E mm-camera: sensor_util_get_dim_info invalid resolution, line 320
12-05 10:52:20.054 23496 23496 E QCameraHWI: Failed to get the camera sensor id - 0
12-05 10:52:20.054 23496 23496 E QCameraHWI: Failed to get YUV path selection - 0
12-05 10:52:20.054 23496 23496 E mm-camera-intf: mm_camera_poll_thread_launch: poll_type = 1, read fd = 13, write fd = 14 timeout = 5000, obj_address = 0xb31fa000, poll_cb = 0xb31fa158
12-05 10:52:20.062   245 23706 I mm-camera: config_proc_native_ctrl_cmd: CAMERA_SET_PARM_DIMENSION called
12-05 10:52:20.062   245 23706 E mm-camera: config_validate_dimension: RDI 0: W X H: 1920 X 1088, RDI 1: W X H: 1920 X 544
12-05 10:52:20.062   245 23706 E mm-camera: config_validate_dimension: RDI2: W X H: 0 X 0
12-05 10:52:20.062 23496 23496 E QCameraHWI_Parm: AutoFocus is not supported
12-05 10:52:20.078 23499 23499 W System  : ClassLoader referenced unknown path: /system/framework/tcmclient.jar
12-05 10:52:20.086   245 23706 I mm-camera: config_proc_CAMERA_GET_PARM_HORIZONTAL_VIEW_ANGLE Horizontal view angle of the sensor = 59.400002 
12-05 10:52:20.087   245 23706 I mm-camera: config_proc_CAMERA_GET_PARM_VERTICAL_VIEW_ANGLE Vertical view angle of the sensor = 35.500000 
12-05 10:52:20.087 23496 23496 D QCameraHWI_Parm: updateFovParams: (1920x1080) is (59.400002/35.500000), (640x360) is (59.400002/35.500000)
12-05 10:52:20.088   245 23706 I mm-camera: config_proc_CAMERA_GET_PARM_FOCAL_LENGTH Focal length of the sensor = 2.920000 
12-05 10:52:20.089   245 23706 I mm-camera: config_proc_CAMERA_SET_LOW_POWER_MODE Low power mode enabled? : Yes 
12-05 10:52:20.089 23496 23496 I QCameraHWI_Parm: setVideoSize: Video sizes changes to 1920x1080, Restart preview...
12-05 10:52:20.096   245 23706 D MotApical_GPU: ALTM: deinit completed in 0 msecs
12-05 10:52:20.096   245 23706 D MotApical_GPU: android::status_t android::AltmAdapter::init(iridix_altm_params_t*): mYuvWidth=640 mYuvHeight=360
12-05 10:52:20.096   245 23706 D MotApical_GPU: android::status_t android::AltmAdapter::init(iridix_altm_params_t*): mGBwidth=160 mGBheight=540
12-05 10:52:20.097   245 23706 I Adreno-EGL: <qeglDrvAPI_eglInitialize:410>: EGL 1.4 QUALCOMM build: AU_LINUX_ANDROID_LA.AF.1.1_RB1.05.00.02.006.020_msm8960_LA.AF.1.1_RB1__release_AU ()
12-05 10:52:20.097   245 23706 I Adreno-EGL: OpenGL ES Shader Compiler Version: E031.25.03.06
12-05 10:52:20.097   245 23706 I Adreno-EGL: Build Date: 03/30/15 Mon
12-05 10:52:20.097   245 23706 I Adreno-EGL: Local Branch: mybranch8688311
12-05 10:52:20.097   245 23706 I Adreno-EGL: Remote Branch: quic/LA.AF.1.1_rb1.16
12-05 10:52:20.097   245 23706 I Adreno-EGL: Local Patches: NONE
12-05 10:52:20.097   245 23706 I Adreno-EGL: Reconstruct Branch: AU_LINUX_ANDROID_LA.AF.1.1_RB1.05.00.02.006.020 + 9b2699f + 2215637 + 60aa592 + f2362e6 + 5c64f59 + 82411a1 + 1f36e07 +  NOTHING
12-05 10:52:20.097   245 23706 D MotApical_GPU: android::status_t android::AltmAdapter::init(iridix_altm_params_t*): EGL version 1.4
12-05 10:52:20.119   245 23706 D MotApical_GPU: ALTM: Init completed in 23 msecs
12-05 10:52:20.119   245 23706 I mm-camera: config_proc_CAMERA_SET_PARM_ALTM_PICTURE_SIZE: ALTM Set Picture Size Succeeded - Width=640 Height=360
12-05 10:52:20.120   245 23706 I mm-camera: config_proc_CAMERA_GET_PARM_HORIZONTAL_VIEW_ANGLE Horizontal view angle of the sensor = 59.400002 
12-05 10:52:20.126   245 23706 I mm-camera: config_proc_CAMERA_GET_PARM_VERTICAL_VIEW_ANGLE Vertical view angle of the sensor = 35.500000 
12-05 10:52:20.126 23496 23496 D QCameraHWI_Parm: updateFovParams: (1920x1080) is (59.400002/35.500000), (640x360) is (59.400002/35.500000)
12-05 10:52:20.136   245 23706 I mm-camera: config_CAMERA_SET_PARM_ZOOM : Zoom Changed, Request CAF search
12-05 10:52:20.175   245 23706 W ais-adapter: aec_set_params: Hit default case from unknown param 3, ignoring!
12-05 10:52:20.175 23496 23496 E QCameraHWI_Parm: RDI Mode = 0
12-05 10:52:20.190   245 23706 W ais-adapter: aec_set_params: Hit default case from unknown param 9, ignoring!
12-05 10:52:20.190   245 23706 W ais-adapter: aec_set_params: Hit default case from unknown param 14, ignoring!
12-05 10:52:20.191   245 23706 W ais-adapter: aec_set_params: Hit default case from unknown param 14, ignoring!
12-05 10:52:20.196   245 23706 I mm-camera: config_proc_CAMERA_SET_DIS_ENABLE: DIS Enabled? : No 
12-05 10:52:20.216   245 23706 W ais-adapter: aec_set_params: Hit default case from unknown param 4, ignoring!
12-05 10:52:20.226 23496 23496 E QCameraHWI_Parm: setFlash:LED FLASH not supported
12-05 10:52:20.236   245 23706 W ais-adapter: aec_set_params: Hit default case from unknown param 1, ignoring!
12-05 10:52:20.243 23499 23499 I System  : Loaded time zone names for "" in 74ms (73ms in ICU)
12-05 10:52:20.246 23496 23496 E QCameraHWI_Parm: Parameter Video HDR is not supported for this sensor
12-05 10:52:20.256   245 23706 I mm-camera: config_proc_CAMERA_SET_FLIP_HINT rc = 1, status = 1, 
12-05 10:52:20.256   245 23706 E mm-camera: Unable to get Mot Calibration!
12-05 10:52:20.256   245 23706 E mm-camera: config_proc_CAMERA_GET_MOT_CAL: sensor_get_params failed -1
12-05 10:52:20.256 23496 23496 D QCameraHWI: android::QCameraHardwareInterface::QCameraHardwareInterface(int, int): Unable to get calibration information!
12-05 10:52:20.266   245 23706 D mm-camera: s5k5b3g_get_module_info() - E
12-05 10:52:20.266   245 23706 D mm-camera: s5k5b3g_get_module_info() - X
12-05 10:52:20.266 23496 23496 E mm-jpeg-intf: mm_jpeg_init : Launch jobmgr thread
12-05 10:52:20.266 23496 23496 I mm-still-omx: OMX_GetHandle: E
12-05 10:52:20.266 23496 23496 I mm-still-omx: getLibName: cnt =0 componentName=OMX.qcom.image.jpeg.encoder, libName=libimage-jpeg-enc-omx-comp.so
12-05 10:52:20.266 23496 23496 I mm-still-omx: getLibName: libName=libimage-jpeg-enc-omx-comp.so
12-05 10:52:20.266 23496 23496 I mm-still-omx: OMX_GetHandle: dlopen for libimage-jpeg-enc-omx-comp.so is successful.
12-05 10:52:20.266 23496 23496 I mm-still-omx: here address is 0xb6043a1d 
12-05 10:52:20.266 23496 23496 I mm-still-omx: OMX_GetHandle: dlopen for libimage-jpeg-enc-omx-comp.so is successful.
12-05 10:52:20.266 23496 23496 I mm-still-omx: OMX_Init:
12-05 10:52:20.266 23496 23496 I mm-still-omx: initInport,1116
12-05 10:52:20.267 23496 23496 I mm-still-omx: initInport,1125
12-05 10:52:20.267 23496 23496 D QualcommCamera: int android::camera_device_open(const hw_module_t*, const char*, hw_device_t**): Camera Opened 
12-05 10:52:20.267 23496 23496 E QualcommCamera: int android::camera_device_open(const hw_module_t*, const char*, hw_device_t**):  end rc 0
12-05 10:52:20.268 23496 23496 I CameraHalWatchdog: Stopped Watchdog Thread...
12-05 10:52:20.268 23496 23496 E QualcommCamera: Qvoid android::set_CallBacks(camera_device*, camera_notify_callback, camera_data_callback, camera_data_timestamp_callback, camera_request_memory, void*): E
12-05 10:52:20.268 23496 23496 E QualcommCamera: Qchar* android::get_parameters(camera_device*): E
12-05 10:52:20.269 23496 23496 E QualcommCamera: Qvoid android::put_parameters(camera_device*, char*): E
12-05 10:52:20.275 23496 23496 I CameraHalWatchdog: Starting Watchdog Thread...
12-05 10:52:20.276 23496 23496 I CameraHalWatchdog: Stopped Watchdog Thread...
12-05 10:52:20.277 23496 23496 E QualcommCamera: Qint android::set_parameters(camera_device*, const char*): E
12-05 10:52:20.277 23496 23496 I CameraHalWatchdog: Starting Watchdog Thread...
12-05 10:52:20.278 23496 23496 E QCameraHWI_Parm: RDI Mode = 0
12-05 10:52:20.278 23496 23496 E QCameraHWI_Parm: setPreviewFpsRange: No change in FpsRange
12-05 10:52:20.278   245 23706 I mm-camera: config_proc_CAMERA_SET_DIS_ENABLE: DIS Enabled? : No 
12-05 10:52:20.279 23496 23496 E QCameraHWI_Parm: setFlash:LED FLASH not supported
12-05 10:52:20.285 23496 23496 E QCameraHWI_Parm: Parameter Video HDR is not supported for this sensor
12-05 10:52:20.286   245 23706 I mm-camera: config_proc_CAMERA_SET_FLIP_HINT rc = 1, status = 1, 
12-05 10:52:20.286 23496 23496 I CameraHalWatchdog: Stopped Watchdog Thread...
12-05 10:52:20.286 23496 23496 E QualcommCamera: Qvoid android::stop_preview(camera_device*): E
12-05 10:52:20.286 23496 23496 I CameraHalWatchdog: Starting Watchdog Thread...
12-05 10:52:20.290 23499 23499 I System  : Loaded time zone names for "en_US" in 47ms (44ms in ICU)
12-05 10:52:20.296   245 23706 I mm-camera: config_proc_CAMERA_SET_RECORDING_HINT rc = 1, status = 1, Current usecase : Camera 
12-05 10:52:20.296   245 23706 I mm-camera: config_proc_CAMERA_SET_DIS_ENABLE: DIS Enabled? : No 
12-05 10:52:20.306 23496 23496 I CameraHalWatchdog: Stopped Watchdog Thread...
12-05 10:52:20.306 23496 23496 I CameraHalWatchdog: Starting Watchdog Thread...
12-05 10:52:20.306 23496 23496 E QCameraHWI: setPreviewWindow:Received Setting NULL preview window
12-05 10:52:20.310 23499 23499 I Zygote  : ...preloaded 3859 classes in 703ms.
12-05 10:52:20.310 23499 23499 I art     : VMRuntime.preloadDexCaches starting
12-05 10:52:20.315 23496 23496 I CameraHalWatchdog: Stopped Watchdog Thread...
12-05 10:52:20.316 23496 23496 E QualcommCamera: Qvoid android::release(camera_device*): E
12-05 10:52:20.316 23496 23496 I CameraHalWatchdog: Starting Watchdog Thread...
12-05 10:52:20.325 23496 23496 I CameraHalWatchdog: Stopped Watchdog Thread...
12-05 10:52:20.325 23496 23496 I CameraFlashlight: Destroying camera 1
12-05 10:52:20.325 23496 23496 E QualcommCamera: Qint android::get_number_of_cameras(): E
12-05 10:52:20.326 23496 23496 I QCameraHAL: Handle base =0x0xb60610ac
12-05 10:52:20.326 23496 23496 I QCameraHAL: getCameraInfo: numOfCameras = 2
12-05 10:52:20.326 23496 23496 I QCameraHAL: Handle [0]=0x0xb60610ac
12-05 10:52:20.326 23496 23496 I QCameraHAL: Camera sensor 0 info:
12-05 10:52:20.326 23496 23496 I QCameraHAL: camera_id: 0
12-05 10:52:20.326 23496 23496 I QCameraHAL: modes_supported: 1
12-05 10:52:20.326 23496 23496 I QCameraHAL: position: 0
12-05 10:52:20.326 23496 23496 I QCameraHAL: sensor_mount_angle: 90
12-05 10:52:20.326 23496 23496 I QCameraHAL: Handle [1]=0x0xb60610c8
12-05 10:52:20.326 23496 23496 I QCameraHAL: Camera sensor 1 info:
12-05 10:52:20.326 23496 23496 I QCameraHAL: camera_id: 0
12-05 10:52:20.326 23496 23496 I QCameraHAL: modes_supported: 1
12-05 10:52:20.326 23496 23496 I QCameraHAL: position: 1
12-05 10:52:20.326 23496 23496 I QCameraHAL: sensor_mount_angle: 270
12-05 10:52:20.326 23496 23496 E QualcommCamera: Qint android::get_number_of_cameras(): E
12-05 10:52:20.326 23496 23496 I QCameraHAL: Handle base =0x0xb60610ac
12-05 10:52:20.326 23496 23496 I QCameraHAL: getCameraInfo: numOfCameras = 2
12-05 10:52:20.326 23496 23496 I QCameraHAL: Handle [0]=0x0xb60610ac
12-05 10:52:20.326 23496 23496 I QCameraHAL: Camera sensor 0 info:
12-05 10:52:20.326 23496 23496 I QCameraHAL: camera_id: 0
12-05 10:52:20.326 23496 23496 I QCameraHAL: modes_supported: 1
12-05 10:52:20.326 23496 23496 I QCameraHAL: position: 0
12-05 10:52:20.326 23496 23496 I QCameraHAL: sensor_mount_angle: 90
12-05 10:52:20.326 23496 23496 I QCameraHAL: Handle [1]=0x0xb60610c8
12-05 10:52:20.326 23496 23496 I QCameraHAL: Camera sensor 1 info:
12-05 10:52:20.326 23496 23496 I QCameraHAL: camera_id: 0
12-05 10:52:20.326 23496 23496 I QCameraHAL: modes_supported: 1
12-05 10:52:20.326 23496 23496 I QCameraHAL: position: 1
12-05 10:52:20.326 23496 23496 I QCameraHAL: sensor_mount_angle: 270
12-05 10:52:20.326 23496 23496 E QualcommCamera: Qint android::get_number_of_cameras(): E
12-05 10:52:20.326 23496 23496 I QCameraHAL: Handle base =0x0xb60610ac
12-05 10:52:20.326 23496 23496 I QCameraHAL: getCameraInfo: numOfCameras = 2
12-05 10:52:20.326 23496 23496 I QCameraHAL: Handle [0]=0x0xb60610ac
12-05 10:52:20.326 23496 23496 I QCameraHAL: Camera sensor 0 info:
12-05 10:52:20.326 23496 23496 I QCameraHAL: camera_id: 0
12-05 10:52:20.326 23496 23496 I QCameraHAL: modes_supported: 1
12-05 10:52:20.326 23496 23496 I QCameraHAL: position: 0
12-05 10:52:20.326 23496 23496 I QCameraHAL: sensor_mount_angle: 90
12-05 10:52:20.326 23496 23496 I QCameraHAL: Handle [1]=0x0xb60610c8
12-05 10:52:20.326 23496 23496 I QCameraHAL: Camera sensor 1 info:
12-05 10:52:20.326 23496 23496 I QCameraHAL: camera_id: 0
12-05 10:52:20.326 23496 23496 I QCameraHAL: modes_supported: 1
12-05 10:52:20.326 23496 23496 I QCameraHAL: position: 1
12-05 10:52:20.326 23496 23496 I QCameraHAL: sensor_mount_angle: 270
12-05 10:52:20.326 23496 23496 E QualcommCamera: Qint android::close_camera_device(hw_device_t*): device =0xb5fd6f00 E
12-05 10:52:20.326 23496 23496 I CameraHalWatchdog: Starting Watchdog Thread...
12-05 10:52:20.328   245 23706 I mm-camera: config_proc_CAMERA_SET_RECORDING_HINT rc = 1, status = 1, Current usecase : Camera 
12-05 10:52:20.328   245 23706 I mm-camera: config_proc_CAMERA_SET_DIS_ENABLE: DIS Enabled? : No 
12-05 10:52:20.336 23496 23496 E mm-jpeg-intf: mm_jpeg_close: E
12-05 10:52:20.336 23496 23496 E mm-jpeg-intf: mm_jpeg_close: abort ongoing jobs
12-05 10:52:20.336 23496 23496 E mm-jpeg-intf: mm_jpeg_close: abort todo jobs
12-05 10:52:20.336 23496 23496 E mm-jpeg-intf: mm_jpeg_close: abort done jobs in cb threads
12-05 10:52:20.336 23496 23496 E mm-jpeg-intf: mm_jpeg_close: X
12-05 10:52:20.336 23496 23496 I mm-still-omx: deinit:E
12-05 10:52:20.336 23496 23496 I mm-still-omx: jpegStop : E
12-05 10:52:20.336 23496 23496 I mm-still-omx: jpegStop :X
12-05 10:52:20.336 23496 23496 I mm-still-omx: releaseOMXBuffers :E
12-05 10:52:20.336 23496 23496 I mm-still-omx: releaseOMXBuffers :X
12-05 10:52:20.336 23496 23496 I mm-still-omx: deinit:X
12-05 10:52:20.336 23496 23804 E QualcommCamera: Qvoid android::release(camera_device*): E
12-05 10:52:20.336 23496 23804 I CameraHalWatchdog: Starting Watchdog Thread...
12-05 10:52:20.336 23496 23496 I QCameraHWI: ~QCameraHardwareInterface: Jpeg closed, rc = 0, mJpegClientHandle = 200
12-05 10:52:20.337 23496 23496 I QCameraHWI: deInitHistogramBuffers Histogram buffers not active. return. 
12-05 10:52:20.337 23496 23496 E hardware/qcom/camera/QCamera/HAL/core/src/QCameraStream.cpp: streamOff: Stream:0 is not active
12-05 10:52:20.337 23496 23496 E hardware/qcom/camera/QCamera/HAL/core/src/QCameraStream.cpp: streamOff: Stream:0 is not active
12-05 10:52:20.337 23496 23496 E hardware/qcom/camera/QCamera/HAL/core/src/QCameraStream.cpp: streamOff: Stream:0 is not active
12-05 10:52:20.337 23496 23496 E hardware/qcom/camera/QCamera/HAL/core/src/QCameraStream.cpp: streamOff: Stream:0 is not active
12-05 10:52:20.337 23496 23496 D MotISP_VSTAB: ~MotISP_VSTAB destroyed
12-05 10:52:20.337   245 23706 I mm-camera: config_shutdown_pp Camera not in streaming mode. Returning. 
12-05 10:52:20.346 23496 23804 I CameraHalWatchdog: Stopped Watchdog Thread...
12-05 10:52:20.346   245 23706 E mm-camera: vfe_tintless_wrapper_deinit:  close/unload tintless lib
12-05 10:52:20.346   245 23706 E mm-camera: vfe_tintless_close:  close/unload tintless lib 0
12-05 10:52:20.347   245 23706 I mm-camera: vfe_ops_deinit: E
12-05 10:52:20.358   245 23706 D MotApical_GPU: ALTM: deinit completed in 8 msecs
12-05 10:52:20.364 23496 23496 D QualcommCamera: Qint android::close_camera_device(hw_device_t*): Deleted camera hal hardware obj
12-05 10:52:20.365 23496 23496 I CameraHalWatchdog: Stopped Watchdog Thread...
12-05 10:52:20.365 23496 23496 E QualcommCamera: Qint android::get_camera_info(int, camera_info*): E
12-05 10:52:20.365 23496 23496 E QualcommCamera: Qint android::get_camera_info(int, camera_info*): E
12-05 10:52:20.365 23496 23496 I ServiceManager: Waiting for service media.camera.proxy...
12-05 10:52:20.468 23499 23499 I art     : VMRuntime.preloadDexCaches strings total=313600 before=52865 after=52865
12-05 10:52:20.468 23499 23499 I art     : VMRuntime.preloadDexCaches types total=27742 before=9470 after=9578
12-05 10:52:20.468 23499 23499 I art     : VMRuntime.preloadDexCaches fields total=123927 before=38809 after=39916
12-05 10:52:20.468 23499 23499 I art     : VMRuntime.preloadDexCaches methods total=212457 before=82881 after=85299
12-05 10:52:20.468 23499 23499 I art     : VMRuntime.preloadDexCaches finished
12-05 10:52:20.470 23499 23499 D ThemeCompatibility: START loading theme compatibility config.
12-05 10:52:20.470 23499 23499 D ThemeCompatibility: getVersion(): /data/system/theme_config/theme_compatibility.xml  java.io.FileNotFoundException: /data/system/theme_config/theme_compatibility.xml: open failed: ENOENT (No such file or directory)
12-05 10:52:20.472 23499 23499 D ThemeCompatibility: getConfigDocumentTree(): 130 vs -1
12-05 10:52:20.472 23499 23499 D ThemeCompatibility:     parse file: /system/media/theme/theme_compatibility.xml
12-05 10:52:20.476 23499 23499 D ThemeCompatibility:     invalid file format: /system/media/theme/theme_compatibility.xml -- org.xml.sax.SAXParseException: Comments may not contain -- (position:COMMENT @11:10 in java.io.InputStreamReader@d2ab79d) 
12-05 10:52:20.477 23499 23499 D ThemeCompatibility:     parse file: null
12-05 10:52:20.477 23499 23499 D ThemeCompatibility:     invalid file format: null -- java.lang.NullPointerException: Attempt to invoke virtual method 'char[] java.lang.String.toCharArray()' on a null object reference
12-05 10:52:20.478 23499 23499 D ThemeCompatibility: END loading: version=-1 size=0
12-05 10:52:20.509 23847 23847 D idmap   : error: no read access to /vendor/overlay: No such file or directory
12-05 10:52:20.531 23499 23499 I Zygote  : Preloading resources...
12-05 10:52:20.566 23499 23575 E System  : Uncaught exception thrown by finalizer
12-05 10:52:20.567 23499 23575 E System  : java.lang.NullPointerException: Attempt to invoke virtual method 'void dalvik.system.CloseGuard.close()' on a null object reference
12-05 10:52:20.567 23499 23575 E System  : 	at java.io.FileInputStream.close(FileInputStream.java:113)
12-05 10:52:20.567 23499 23575 E System  : 	at java.io.FileInputStream.finalize(FileInputStream.java:140)
12-05 10:52:20.567 23499 23575 E System  : 	at java.lang.Daemons$FinalizerDaemon.doFinalize(Daemons.java:202)
12-05 10:52:20.567 23499 23575 E System  : 	at java.lang.Daemons$FinalizerDaemon.run(Daemons.java:185)
12-05 10:52:20.567 23499 23575 E System  : 	at java.lang.Thread.run(Thread.java:818)
12-05 10:52:20.601 23499 23499 W Resources: Preloaded drawable resource #0x1080096 (android:drawable/toast_frame) that varies with configuration!!
12-05 10:52:20.622 23499 23499 I Zygote  : ...preloaded 86 resources in 90ms.
12-05 10:52:20.622 23499 23499 I Zygote  : ...preloaded 0 resources in 0ms.
12-05 10:52:20.625 23499 23499 D libEGL  : loaded /vendor/lib/egl/libEGL_adreno.so
12-05 10:52:20.627 23499 23499 D libEGL  : loaded /vendor/lib/egl/libGLESv1_CM_adreno.so
12-05 10:52:20.650 23499 23499 D libEGL  : loaded /vendor/lib/egl/libGLESv2_adreno.so
12-05 10:52:20.666 23499 23499 I Zygote  : Preloading shared libraries...
12-05 10:52:20.673 23499 23499 D Zygote  : end preload
12-05 10:52:20.673 23499 23499 I art     : Starting a blocking GC Explicit
12-05 10:52:20.684 23499 23499 I art     : Explicit concurrent mark sweep GC freed 1745(100KB) AllocSpace objects, 0(0B) LOS objects, 40% free, 3MB/5MB, paused 183us total 7.538ms
12-05 10:52:20.686 23499 23499 I art     : Starting a blocking GC Explicit
12-05 10:52:20.693 23499 23499 I art     : Explicit concurrent mark sweep GC freed 340(13KB) AllocSpace objects, 1(16KB) LOS objects, 39% free, 3MB/5MB, paused 183us total 6.745ms
12-05 10:52:20.693 23499 23577 I art     : Starting a blocking GC HeapTrim
12-05 10:52:20.706 23499 23499 I art     : Starting a blocking GC Background
12-05 10:52:20.750 23499 23499 I Zygote  : System server process 23889 has been created
12-05 10:52:20.751 23499 23499 I Zygote  : Accepting command socket connections
12-05 10:52:20.762 23889 23889 I InstallerConnection: connecting...
12-05 10:52:20.765   292   292 I installd: new connection
12-05 10:52:20.771 23889 23889 I InstallerConnection: disconnecting...
12-05 10:52:20.771   292   292 E installd: eof
12-05 10:52:20.771   292   292 E installd: failed to read size
12-05 10:52:20.771   292   292 I installd: closing connection
12-05 10:52:20.788 23889 23889 I ClassHook: initServerHook
12-05 10:52:20.791 23889 23889 I ClassHook: com.android.server.AssetAtlasServiceHook attachMethod computeBestConfiguration(Ljava/util/ArrayList;I)Lcom/android/server/AssetAtlasService$Configuration;
12-05 10:52:20.795 23889 23889 I ClassHook: com.android.server.LocationManagerServiceHook attachConstructor (Landroid/content/Context;)V
12-05 10:52:20.798 23889 23889 I ClassHook: com.android.server.SystemServerHook attachMethod createSystemContext()V
12-05 10:52:20.798 23889 23889 I ClassHook: com.android.server.SystemServerHook attachConstructor ()V
12-05 10:52:20.800 23889 23889 I ClassHook: com.android.server.SystemServiceManagerHook attachMethod startService(Ljava/lang/Class;)Lcom/android/server/SystemService;
12-05 10:52:20.801 23889 23889 I ClassHook: com.android.server.TelephonyRegistryHook attachMethod idMatch(III)Z
12-05 10:52:20.803 23889 23889 I ClassHook: com.android.server.UiModeManagerServiceHook attachMethod onStart()V
12-05 10:52:20.807 23889 23889 I ClassHook: com.android.server.accounts.AccountManagerServiceHook attachMethod getTypesForCaller(IIZ)Ljava/util/List;
12-05 10:52:20.818 23889 23889 I ClassHook: com.android.server.am.ActivityManagerServiceHook attachMethod broadcastIntentLocked(Lcom/android/server/am/ProcessRecord;Ljava/lang/String;Landroid/content/Intent;Ljava/lang/String;Landroid/content/IIntentReceiver;ILjava/lang/String;Landroid/os/Bundle;[Ljava/lang/String;ILandroid/os/Bundle;ZZIII)I
12-05 10:52:20.824 23889 23889 I ClassHook: com.android.server.am.ActivityManagerServiceHook attachMethod finishActivity(Landroid/os/IBinder;ILandroid/content/Intent;Z)Z
12-05 10:52:20.824 23889 23889 I ClassHook: com.android.server.am.ActivityManagerServiceHook attachMethod finishBooting()V
12-05 10:52:20.825 23889 23889 I ClassHook: com.android.server.am.ActivityManagerServiceHook attachMethod getCallingPackage(Landroid/os/IBinder;)Ljava/lang/String;
12-05 10:52:20.826 23889 23889 I ClassHook: com.android.server.am.ActivityManagerServiceLifecycleHook attachConstructor (Landroid/content/Context;)V
12-05 10:52:20.827 23889 23889 I ClassHook: com.android.server.am.ActivityStackHook attachMethod logStartActivity(ILcom/android/server/am/ActivityRecord;Lcom/android/server/am/TaskRecord;)V
12-05 10:52:20.878 23889 23889 I ClassHook: com.android.server.am.ActivityStackSupervisorHook attachMethod resolveActivity(Landroid/content/Intent;Ljava/lang/String;ILandroid/app/ProfilerInfo;I)Landroid/content/pm/ActivityInfo;
12-05 10:52:20.880 23889 23889 I ClassHook: com.android.server.am.ActivityStackSupervisorHook attachMethod startActivityMayWait(Landroid/app/IApplicationThread;ILjava/lang/String;Landroid/content/Intent;Ljava/lang/String;Landroid/service/voice/IVoiceInteractionSession;Lcom/android/internal/app/IVoiceInteractor;Landroid/os/IBinder;Ljava/lang/String;IILandroid/app/ProfilerInfo;Landroid/app/IActivityManager$WaitResult;Landroid/content/res/Configuration;Landroid/os/Bundle;ZILandroid/app/IActivityContainer;Lcom/android/server/am/TaskRecord;)I
12-05 10:52:20.882 23889 23889 I ClassHook: com.android.server.audio.AudioServiceHook attachMethod onSetStreamVolume(IIIILjava/lang/String;)V
12-05 10:52:20.884 23889 23889 I ClassHook: com.android.server.display.WifiDisplayControllerHook attachConstructor (Landroid/content/Context;Landroid/os/Handler;Lcom/android/server/display/WifiDisplayController$Listener;)V
12-05 10:52:20.886 23889 23889 I ClassHook: com.android.server.net.NetworkPolicyManagerServiceHook attachMethod enqueueNotification(Landroid/net/NetworkPolicy;IJ)V
12-05 10:52:20.888 23889 23889 I ClassHook: com.android.server.net.NetworkPolicyManagerServiceHook attachMethod notifyOverLimitLocked(Landroid/net/NetworkTemplate;)V
12-05 10:52:20.888 23889 23889 I ClassHook: com.android.server.net.NetworkPolicyManagerServiceHook attachMethod notifyUnderLimitLocked(Landroid/net/NetworkTemplate;)V
12-05 10:52:20.891 23889 23889 I ClassHook: com.android.server.notification.NotificationManagerServiceHook attachMethod buzzBeepBlinkLocked(Lcom/android/server/notification/NotificationRecord;)V
12-05 10:52:20.897 23889 23889 I ClassHook: com.android.server.pm.PackageManagerServiceHook attachMethod adjustCpuAbisForSharedUserLPw(Ljava/util/Set;Landroid/content/pm/PackageParser$Package;ZZ)V
12-05 10:52:21.117 23889 23889 E ArtMethodProxy-JNI: Couldn't get method Lcom/android/server/pm/PackageManagerService;.adjustCpuAbisForSharedUserLPw (Ljava/util/Set;Landroid/content/pm/PackageParser$Package;ZZ)V
12-05 10:52:21.117 23889 23889 E ClassHook: Build proxy failed.
12-05 10:52:21.117 23889 23889 E ClassHook: java.lang.RuntimeException: Couldn't get method Lcom/android/server/pm/PackageManagerService;.adjustCpuAbisForSharedUserLPw(Ljava/util/Set;Landroid/content/pm/PackageParser$Package;ZZ)V
12-05 10:52:21.117 23889 23889 E ClassHook: 	at com.miui.internal.util.ClassProxy.attachMethodNative(Native Method)
12-05 10:52:21.117 23889 23889 E ClassHook: 	at com.miui.internal.util.ClassProxy.attachMethod(SourceFile:184)
12-05 10:52:21.117 23889 23889 E ClassHook: 	at miui.patchrom.ClassHook.buildProxy(ClassHook.java:61)
12-05 10:52:21.117 23889 23889 E ClassHook: 	at java.lang.reflect.Method.invoke(Native Method)
12-05 10:52:21.117 23889 23889 E ClassHook: 	at miui.patchrom.ClassHook.initHook(ClassHook.java:116)
12-05 10:52:21.117 23889 23889 E ClassHook: 	at miui.patchrom.ClassHook.initServerHook(ClassHook.java:98)
12-05 10:52:21.117 23889 23889 E ClassHook: 	at com.android.server.SystemServer.main(SystemServer.java)
12-05 10:52:21.117 23889 23889 E ClassHook: 	at java.lang.reflect.Method.invoke(Native Method)
12-05 10:52:21.117 23889 23889 E ClassHook: 	at com.android.internal.os.ZygoteInit$MethodAndArgsCaller.run(ZygoteInit.java:726)
12-05 10:52:21.117 23889 23889 E ClassHook: 	at com.android.internal.os.ZygoteInit.main(ZygoteInit.java:616)
12-05 10:52:21.117 23889 23889 I ClassHook: com.android.server.pm.PackageManagerServiceHook attachMethod adjustCpuAbisForSharedUserLPw(Ljava/util/Set;Landroid/content/pm/PackageParser$Package;ZZZ)V
12-05 10:52:21.118 23889 23889 I ClassHook: com.android.server.pm.PackageManagerServiceHook attachMethod chooseBestActivity(Landroid/content/Intent;Ljava/lang/String;ILjava/util/List;I)Landroid/content/pm/ResolveInfo;
12-05 10:52:21.119 23889 23889 I ClassHook: com.android.server.pm.PackageManagerServiceHook attachMethod deleteTempPackageFiles()V
12-05 10:52:21.119 23889 23889 I ClassHook: com.android.server.pm.PackageManagerServiceHook attachMethod enforceCrossUserPermission(IIZZLjava/lang/String;)V
12-05 10:52:21.120 23889 23889 I ClassHook: com.android.server.pm.PackageManagerServiceHook attachMethod grantSignaturePermission(Ljava/lang/String;Landroid/content/pm/PackageParser$Package;Lcom/android/server/pm/BasePermission;Lcom/android/server/pm/PermissionsState;)Z
12-05 10:52:21.120 23889 23889 I ClassHook: com.android.server.pm.PackageManagerServiceHook attachMethod main(Landroid/content/Context;Lcom/android/server/pm/Installer;ZZ)Lcom/android/server/pm/PackageManagerService;
12-05 10:52:21.120 23889 23889 I ClassHook: com.android.server.pm.PackageManagerServiceHook attachMethod newUserCreated(I)V
