--------- beginning of crash
12-05 10:45:45.562  1726  3377 E AndroidRuntime: *** FATAL EXCEPTION IN SYSTEM PROCESS: Thread-64
12-05 10:45:45.562  1726  3377 E AndroidRuntime: java.lang.IllegalArgumentException: Unknown package: com.xiaomi.market
12-05 10:45:45.562  1726  3377 E AndroidRuntime: 	at com.android.server.pm.Settings.getApplicationEnabledSettingLPr(Settings.java:4121)
12-05 10:45:45.562  1726  3377 E AndroidRuntime: 	at com.android.server.pm.PackageManagerService.getApplicationEnabledSetting(PackageManagerService.java:15763)
12-05 10:45:45.562  1726  3377 E AndroidRuntime: 	at android.app.ApplicationPackageManager.getApplicationEnabledSetting(ApplicationPackageManager.java:1935)
12-05 10:45:45.562  1726  3377 E AndroidRuntime: 	at com.miui.server.SecurityManagerService.checkEnabled(SecurityManagerService.java:584)
12-05 10:45:45.562  1726  3377 E AndroidRuntime: 	at com.miui.server.SecurityManagerService.access$1400(SecurityManagerService.java:74)
12-05 10:45:45.562  1726  3377 E AndroidRuntime: 	at com.miui.server.SecurityManagerService$1.run(SecurityManagerService.java:510)
12-05 10:46:01.509  4088  4523 E AndroidRuntime: *** FATAL EXCEPTION IN SYSTEM PROCESS: Thread-63
12-05 10:46:01.509  4088  4523 E AndroidRuntime: java.lang.IllegalArgumentException: Unknown package: com.xiaomi.market
12-05 10:46:01.509  4088  4523 E AndroidRuntime: 	at com.android.server.pm.Settings.getApplicationEnabledSettingLPr(Settings.java:4121)
12-05 10:46:01.509  4088  4523 E AndroidRuntime: 	at com.android.server.pm.PackageManagerService.getApplicationEnabledSetting(PackageManagerService.java:15763)
12-05 10:46:01.509  4088  4523 E AndroidRuntime: 	at android.app.ApplicationPackageManager.getApplicationEnabledSetting(ApplicationPackageManager.java:1935)
12-05 10:46:01.509  4088  4523 E AndroidRuntime: 	at com.miui.server.SecurityManagerService.checkEnabled(SecurityManagerService.java:584)
12-05 10:46:01.509  4088  4523 E AndroidRuntime: 	at com.miui.server.SecurityManagerService.access$1400(SecurityManagerService.java:74)
12-05 10:46:01.509  4088  4523 E AndroidRuntime: 	at com.miui.server.SecurityManagerService$1.run(SecurityManagerService.java:510)
12-05 10:46:01.553  4548  4548 E AndroidRuntime: Error reporting crash
12-05 10:46:01.553  4548  4548 E AndroidRuntime: android.os.DeadObjectException
12-05 10:46:01.553  4548  4548 E AndroidRuntime: 	at android.os.BinderProxy.transactNative(Native Method)
12-05 10:46:01.553  4548  4548 E AndroidRuntime: 	at android.os.BinderProxy.transact(Binder.java:503)
12-05 10:46:01.553  4548  4548 E AndroidRuntime: 	at android.app.ActivityManagerProxy.getConfiguration(ActivityManagerNative.java:3969)
12-05 10:46:01.553  4548  4548 E AndroidRuntime: 	at com.android.internal.os.RuntimeInit$UncaughtHandler.uncaughtException(RuntimeInit.java:88)
12-05 10:46:01.553  4548  4548 E AndroidRuntime: 	at java.lang.ThreadGroup.uncaughtException(ThreadGroup.java:693)
12-05 10:46:01.553  4548  4548 E AndroidRuntime: 	at java.lang.ThreadGroup.uncaughtException(ThreadGroup.java:690)
12-05 10:46:01.555  4596  4596 E AndroidRuntime: Error reporting crash
12-05 10:46:01.555  4596  4596 E AndroidRuntime: java.lang.NullPointerException: Attempt to invoke interface method 'android.content.res.Configuration android.app.IActivityManager.getConfiguration()' on a null object reference
12-05 10:46:01.555  4596  4596 E AndroidRuntime: 	at com.android.internal.os.RuntimeInit$UncaughtHandler.uncaughtException(RuntimeInit.java:88)
12-05 10:46:01.555  4596  4596 E AndroidRuntime: 	at java.lang.ThreadGroup.uncaughtException(ThreadGroup.java:693)
12-05 10:46:01.555  4596  4596 E AndroidRuntime: 	at java.lang.ThreadGroup.uncaughtException(ThreadGroup.java:690)
12-05 10:46:16.977  5122  5654 E AndroidRuntime: *** FATAL EXCEPTION IN SYSTEM PROCESS: Thread-63
12-05 10:46:16.977  5122  5654 E AndroidRuntime: java.lang.IllegalArgumentException: Unknown package: com.xiaomi.market
12-05 10:46:16.977  5122  5654 E AndroidRuntime: 	at com.android.server.pm.Settings.getApplicationEnabledSettingLPr(Settings.java:4121)
12-05 10:46:16.977  5122  5654 E AndroidRuntime: 	at com.android.server.pm.PackageManagerService.getApplicationEnabledSetting(PackageManagerService.java:15763)
12-05 10:46:16.977  5122  5654 E AndroidRuntime: 	at android.app.ApplicationPackageManager.getApplicationEnabledSetting(ApplicationPackageManager.java:1935)
12-05 10:46:16.977  5122  5654 E AndroidRuntime: 	at com.miui.server.SecurityManagerService.checkEnabled(SecurityManagerService.java:584)
12-05 10:46:16.977  5122  5654 E AndroidRuntime: 	at com.miui.server.SecurityManagerService.access$1400(SecurityManagerService.java:74)
12-05 10:46:16.977  5122  5654 E AndroidRuntime: 	at com.miui.server.SecurityManagerService$1.run(SecurityManagerService.java:510)
12-05 10:46:32.432  6314  6764 E AndroidRuntime: *** FATAL EXCEPTION IN SYSTEM PROCESS: Thread-63
12-05 10:46:32.432  6314  6764 E AndroidRuntime: java.lang.IllegalArgumentException: Unknown package: com.xiaomi.market
12-05 10:46:32.432  6314  6764 E AndroidRuntime: 	at com.android.server.pm.Settings.getApplicationEnabledSettingLPr(Settings.java:4121)
12-05 10:46:32.432  6314  6764 E AndroidRuntime: 	at com.android.server.pm.PackageManagerService.getApplicationEnabledSetting(PackageManagerService.java:15763)
12-05 10:46:32.432  6314  6764 E AndroidRuntime: 	at android.app.ApplicationPackageManager.getApplicationEnabledSetting(ApplicationPackageManager.java:1935)
12-05 10:46:32.432  6314  6764 E AndroidRuntime: 	at com.miui.server.SecurityManagerService.checkEnabled(SecurityManagerService.java:584)
12-05 10:46:32.432  6314  6764 E AndroidRuntime: 	at com.miui.server.SecurityManagerService.access$1400(SecurityManagerService.java:74)
12-05 10:46:32.432  6314  6764 E AndroidRuntime: 	at com.miui.server.SecurityManagerService$1.run(SecurityManagerService.java:510)
12-05 10:46:47.923  7384  7840 E AndroidRuntime: *** FATAL EXCEPTION IN SYSTEM PROCESS: Thread-63
12-05 10:46:47.923  7384  7840 E AndroidRuntime: java.lang.IllegalArgumentException: Unknown package: com.xiaomi.market
12-05 10:46:47.923  7384  7840 E AndroidRuntime: 	at com.android.server.pm.Settings.getApplicationEnabledSettingLPr(Settings.java:4121)
12-05 10:46:47.923  7384  7840 E AndroidRuntime: 	at com.android.server.pm.PackageManagerService.getApplicationEnabledSetting(PackageManagerService.java:15763)
12-05 10:46:47.923  7384  7840 E AndroidRuntime: 	at android.app.ApplicationPackageManager.getApplicationEnabledSetting(ApplicationPackageManager.java:1935)
12-05 10:46:47.923  7384  7840 E AndroidRuntime: 	at com.miui.server.SecurityManagerService.checkEnabled(SecurityManagerService.java:584)
12-05 10:46:47.923  7384  7840 E AndroidRuntime: 	at com.miui.server.SecurityManagerService.access$1400(SecurityManagerService.java:74)
12-05 10:46:47.923  7384  7840 E AndroidRuntime: 	at com.miui.server.SecurityManagerService$1.run(SecurityManagerService.java:510)
12-05 10:46:47.982  7954  7954 E AndroidRuntime: Error reporting crash
12-05 10:46:47.982  7954  7954 E AndroidRuntime: java.lang.NullPointerException: Attempt to invoke interface method 'android.content.res.Configuration android.app.IActivityManager.getConfiguration()' on a null object reference
12-05 10:46:47.982  7954  7954 E AndroidRuntime: 	at com.android.internal.os.RuntimeInit$UncaughtHandler.uncaughtException(RuntimeInit.java:88)
12-05 10:46:47.982  7954  7954 E AndroidRuntime: 	at java.lang.ThreadGroup.uncaughtException(ThreadGroup.java:693)
12-05 10:46:47.982  7954  7954 E AndroidRuntime: 	at java.lang.ThreadGroup.uncaughtException(ThreadGroup.java:690)
12-05 10:47:04.491  8537  9009 E AndroidRuntime: *** FATAL EXCEPTION IN SYSTEM PROCESS: Thread-63
12-05 10:47:04.491  8537  9009 E AndroidRuntime: java.lang.IllegalArgumentException: Unknown package: com.xiaomi.market
12-05 10:47:04.491  8537  9009 E AndroidRuntime: 	at com.android.server.pm.Settings.getApplicationEnabledSettingLPr(Settings.java:4121)
12-05 10:47:04.491  8537  9009 E AndroidRuntime: 	at com.android.server.pm.PackageManagerService.getApplicationEnabledSetting(PackageManagerService.java:15763)
12-05 10:47:04.491  8537  9009 E AndroidRuntime: 	at android.app.ApplicationPackageManager.getApplicationEnabledSetting(ApplicationPackageManager.java:1935)
12-05 10:47:04.491  8537  9009 E AndroidRuntime: 	at com.miui.server.SecurityManagerService.checkEnabled(SecurityManagerService.java:584)
12-05 10:47:04.491  8537  9009 E AndroidRuntime: 	at com.miui.server.SecurityManagerService.access$1400(SecurityManagerService.java:74)
12-05 10:47:04.491  8537  9009 E AndroidRuntime: 	at com.miui.server.SecurityManagerService$1.run(SecurityManagerService.java:510)
12-05 10:47:20.110  9637 10157 E AndroidRuntime: *** FATAL EXCEPTION IN SYSTEM PROCESS: Thread-63
12-05 10:47:20.110  9637 10157 E AndroidRuntime: java.lang.IllegalArgumentException: Unknown package: com.xiaomi.market
12-05 10:47:20.110  9637 10157 E AndroidRuntime: 	at com.android.server.pm.Settings.getApplicationEnabledSettingLPr(Settings.java:4121)
12-05 10:47:20.110  9637 10157 E AndroidRuntime: 	at com.android.server.pm.PackageManagerService.getApplicationEnabledSetting(PackageManagerService.java:15763)
12-05 10:47:20.110  9637 10157 E AndroidRuntime: 	at android.app.ApplicationPackageManager.getApplicationEnabledSetting(ApplicationPackageManager.java:1935)
12-05 10:47:20.110  9637 10157 E AndroidRuntime: 	at com.miui.server.SecurityManagerService.checkEnabled(SecurityManagerService.java:584)
12-05 10:47:20.110  9637 10157 E AndroidRuntime: 	at com.miui.server.SecurityManagerService.access$1400(SecurityManagerService.java:74)
12-05 10:47:20.110  9637 10157 E AndroidRuntime: 	at com.miui.server.SecurityManagerService$1.run(SecurityManagerService.java:510)
12-05 10:47:20.277 10174 10174 E AndroidRuntime: Error reporting crash
12-05 10:47:20.277 10174 10174 E AndroidRuntime: android.os.DeadObjectException
12-05 10:47:20.277 10174 10174 E AndroidRuntime: 	at android.os.BinderProxy.transactNative(Native Method)
12-05 10:47:20.277 10174 10174 E AndroidRuntime: 	at android.os.BinderProxy.transact(Binder.java:503)
12-05 10:47:20.277 10174 10174 E AndroidRuntime: 	at android.app.ActivityManagerProxy.getConfiguration(ActivityManagerNative.java:3969)
12-05 10:47:20.277 10174 10174 E AndroidRuntime: 	at com.android.internal.os.RuntimeInit$UncaughtHandler.uncaughtException(RuntimeInit.java:88)
12-05 10:47:20.277 10174 10174 E AndroidRuntime: 	at java.lang.ThreadGroup.uncaughtException(ThreadGroup.java:693)
12-05 10:47:20.277 10174 10174 E AndroidRuntime: 	at java.lang.ThreadGroup.uncaughtException(ThreadGroup.java:690)
12-05 10:47:36.105 10799 11267 E AndroidRuntime: *** FATAL EXCEPTION IN SYSTEM PROCESS: Thread-63
12-05 10:47:36.105 10799 11267 E AndroidRuntime: java.lang.IllegalArgumentException: Unknown package: com.xiaomi.market
12-05 10:47:36.105 10799 11267 E AndroidRuntime: 	at com.android.server.pm.Settings.getApplicationEnabledSettingLPr(Settings.java:4121)
12-05 10:47:36.105 10799 11267 E AndroidRuntime: 	at com.android.server.pm.PackageManagerService.getApplicationEnabledSetting(PackageManagerService.java:15763)
12-05 10:47:36.105 10799 11267 E AndroidRuntime: 	at android.app.ApplicationPackageManager.getApplicationEnabledSetting(ApplicationPackageManager.java:1935)
12-05 10:47:36.105 10799 11267 E AndroidRuntime: 	at com.miui.server.SecurityManagerService.checkEnabled(SecurityManagerService.java:584)
12-05 10:47:36.105 10799 11267 E AndroidRuntime: 	at com.miui.server.SecurityManagerService.access$1400(SecurityManagerService.java:74)
12-05 10:47:36.105 10799 11267 E AndroidRuntime: 	at com.miui.server.SecurityManagerService$1.run(SecurityManagerService.java:510)
12-05 10:47:52.092 11771 12378 E AndroidRuntime: *** FATAL EXCEPTION IN SYSTEM PROCESS: Thread-63
12-05 10:47:52.092 11771 12378 E AndroidRuntime: java.lang.IllegalArgumentException: Unknown package: com.xiaomi.market
12-05 10:47:52.092 11771 12378 E AndroidRuntime: 	at com.android.server.pm.Settings.getApplicationEnabledSettingLPr(Settings.java:4121)
12-05 10:47:52.092 11771 12378 E AndroidRuntime: 	at com.android.server.pm.PackageManagerService.getApplicationEnabledSetting(PackageManagerService.java:15763)
12-05 10:47:52.092 11771 12378 E AndroidRuntime: 	at android.app.ApplicationPackageManager.getApplicationEnabledSetting(ApplicationPackageManager.java:1935)
12-05 10:47:52.092 11771 12378 E AndroidRuntime: 	at com.miui.server.SecurityManagerService.checkEnabled(SecurityManagerService.java:584)
12-05 10:47:52.092 11771 12378 E AndroidRuntime: 	at com.miui.server.SecurityManagerService.access$1400(SecurityManagerService.java:74)
12-05 10:47:52.092 11771 12378 E AndroidRuntime: 	at com.miui.server.SecurityManagerService$1.run(SecurityManagerService.java:510)
12-05 10:47:53.456 12613 12613 E AndroidRuntime: Error reporting crash
12-05 10:47:53.456 12613 12613 E AndroidRuntime: java.lang.NullPointerException: Attempt to invoke interface method 'android.content.res.Configuration android.app.IActivityManager.getConfiguration()' on a null object reference
12-05 10:47:53.456 12613 12613 E AndroidRuntime: 	at com.android.internal.os.RuntimeInit$UncaughtHandler.uncaughtException(RuntimeInit.java:88)
12-05 10:47:53.456 12613 12613 E AndroidRuntime: 	at java.lang.ThreadGroup.uncaughtException(ThreadGroup.java:693)
12-05 10:47:53.456 12613 12613 E AndroidRuntime: 	at java.lang.ThreadGroup.uncaughtException(ThreadGroup.java:690)
12-05 10:47:53.573 12523 12523 E AndroidRuntime: Error reporting crash
12-05 10:47:53.573 12523 12523 E AndroidRuntime: android.os.DeadObjectException
12-05 10:47:53.573 12523 12523 E AndroidRuntime: 	at android.os.BinderProxy.transactNative(Native Method)
12-05 10:47:53.573 12523 12523 E AndroidRuntime: 	at android.os.BinderProxy.transact(Binder.java:503)
12-05 10:47:53.573 12523 12523 E AndroidRuntime: 	at android.app.ActivityManagerProxy.getConfiguration(ActivityManagerNative.java:3969)
12-05 10:47:53.573 12523 12523 E AndroidRuntime: 	at com.android.internal.os.RuntimeInit$UncaughtHandler.uncaughtException(RuntimeInit.java:88)
12-05 10:47:53.573 12523 12523 E AndroidRuntime: 	at java.lang.ThreadGroup.uncaughtException(ThreadGroup.java:693)
12-05 10:47:53.573 12523 12523 E AndroidRuntime: 	at java.lang.ThreadGroup.uncaughtException(ThreadGroup.java:690)
12-05 10:47:53.607 12569 12669 E AndroidRuntime: Error reporting crash
12-05 10:47:53.607 12569 12669 E AndroidRuntime: android.os.DeadObjectException
12-05 10:47:53.607 12569 12669 E AndroidRuntime: 	at android.os.BinderProxy.transactNative(Native Method)
12-05 10:47:53.607 12569 12669 E AndroidRuntime: 	at android.os.BinderProxy.transact(Binder.java:503)
12-05 10:47:53.607 12569 12669 E AndroidRuntime: 	at android.app.ActivityManagerProxy.getConfiguration(ActivityManagerNative.java:3969)
12-05 10:47:53.607 12569 12669 E AndroidRuntime: 	at com.android.internal.os.RuntimeInit$UncaughtHandler.uncaughtException(RuntimeInit.java:88)
12-05 10:47:53.607 12569 12669 E AndroidRuntime: 	at java.lang.ThreadGroup.uncaughtException(ThreadGroup.java:693)
12-05 10:47:53.607 12569 12669 E AndroidRuntime: 	at java.lang.ThreadGroup.uncaughtException(ThreadGroup.java:690)
12-05 10:48:09.218 13288 13733 E AndroidRuntime: *** FATAL EXCEPTION IN SYSTEM PROCESS: Thread-63
12-05 10:48:09.218 13288 13733 E AndroidRuntime: java.lang.IllegalArgumentException: Unknown package: com.xiaomi.market
12-05 10:48:09.218 13288 13733 E AndroidRuntime: 	at com.android.server.pm.Settings.getApplicationEnabledSettingLPr(Settings.java:4121)
12-05 10:48:09.218 13288 13733 E AndroidRuntime: 	at com.android.server.pm.PackageManagerService.getApplicationEnabledSetting(PackageManagerService.java:15763)
12-05 10:48:09.218 13288 13733 E AndroidRuntime: 	at android.app.ApplicationPackageManager.getApplicationEnabledSetting(ApplicationPackageManager.java:1935)
12-05 10:48:09.218 13288 13733 E AndroidRuntime: 	at com.miui.server.SecurityManagerService.checkEnabled(SecurityManagerService.java:584)
12-05 10:48:09.218 13288 13733 E AndroidRuntime: 	at com.miui.server.SecurityManagerService.access$1400(SecurityManagerService.java:74)
12-05 10:48:09.218 13288 13733 E AndroidRuntime: 	at com.miui.server.SecurityManagerService$1.run(SecurityManagerService.java:510)
12-05 10:48:25.919 14379 14800 E AndroidRuntime: *** FATAL EXCEPTION IN SYSTEM PROCESS: Thread-63
12-05 10:48:25.919 14379 14800 E AndroidRuntime: java.lang.IllegalArgumentException: Unknown package: com.xiaomi.market
12-05 10:48:25.919 14379 14800 E AndroidRuntime: 	at com.android.server.pm.Settings.getApplicationEnabledSettingLPr(Settings.java:4121)
12-05 10:48:25.919 14379 14800 E AndroidRuntime: 	at com.android.server.pm.PackageManagerService.getApplicationEnabledSetting(PackageManagerService.java:15763)
12-05 10:48:25.919 14379 14800 E AndroidRuntime: 	at android.app.ApplicationPackageManager.getApplicationEnabledSetting(ApplicationPackageManager.java:1935)
12-05 10:48:25.919 14379 14800 E AndroidRuntime: 	at com.miui.server.SecurityManagerService.checkEnabled(SecurityManagerService.java:584)
12-05 10:48:25.919 14379 14800 E AndroidRuntime: 	at com.miui.server.SecurityManagerService.access$1400(SecurityManagerService.java:74)
12-05 10:48:25.919 14379 14800 E AndroidRuntime: 	at com.miui.server.SecurityManagerService$1.run(SecurityManagerService.java:510)
12-05 10:48:26.184 14830 14830 E AndroidRuntime: Error reporting crash
12-05 10:48:26.184 14830 14830 E AndroidRuntime: android.os.DeadObjectException
12-05 10:48:26.184 14830 14830 E AndroidRuntime: 	at android.os.BinderProxy.transactNative(Native Method)
12-05 10:48:26.184 14830 14830 E AndroidRuntime: 	at android.os.BinderProxy.transact(Binder.java:503)
12-05 10:48:26.184 14830 14830 E AndroidRuntime: 	at android.app.ActivityManagerProxy.getConfiguration(ActivityManagerNative.java:3969)
12-05 10:48:26.184 14830 14830 E AndroidRuntime: 	at com.android.internal.os.RuntimeInit$UncaughtHandler.uncaughtException(RuntimeInit.java:88)
12-05 10:48:26.184 14830 14830 E AndroidRuntime: 	at java.lang.ThreadGroup.uncaughtException(ThreadGroup.java:693)
12-05 10:48:26.184 14830 14830 E AndroidRuntime: 	at java.lang.ThreadGroup.uncaughtException(ThreadGroup.java:690)
12-05 10:48:26.221 14838 14838 E AndroidRuntime: Error reporting crash
12-05 10:48:26.221 14838 14838 E AndroidRuntime: android.os.DeadObjectException
12-05 10:48:26.221 14838 14838 E AndroidRuntime: 	at android.os.BinderProxy.transactNative(Native Method)
12-05 10:48:26.221 14838 14838 E AndroidRuntime: 	at android.os.BinderProxy.transact(Binder.java:503)
12-05 10:48:26.221 14838 14838 E AndroidRuntime: 	at android.app.ActivityManagerProxy.getConfiguration(ActivityManagerNative.java:3969)
12-05 10:48:26.221 14838 14838 E AndroidRuntime: 	at com.android.internal.os.RuntimeInit$UncaughtHandler.uncaughtException(RuntimeInit.java:88)
12-05 10:48:26.221 14838 14838 E AndroidRuntime: 	at java.lang.ThreadGroup.uncaughtException(ThreadGroup.java:693)
12-05 10:48:26.221 14838 14838 E AndroidRuntime: 	at java.lang.ThreadGroup.uncaughtException(ThreadGroup.java:690)
12-05 10:48:42.940 15730 16194 E AndroidRuntime: *** FATAL EXCEPTION IN SYSTEM PROCESS: Thread-63
12-05 10:48:42.940 15730 16194 E AndroidRuntime: java.lang.IllegalArgumentException: Unknown package: com.xiaomi.market
12-05 10:48:42.940 15730 16194 E AndroidRuntime: 	at com.android.server.pm.Settings.getApplicationEnabledSettingLPr(Settings.java:4121)
12-05 10:48:42.940 15730 16194 E AndroidRuntime: 	at com.android.server.pm.PackageManagerService.getApplicationEnabledSetting(PackageManagerService.java:15763)
12-05 10:48:42.940 15730 16194 E AndroidRuntime: 	at android.app.ApplicationPackageManager.getApplicationEnabledSetting(ApplicationPackageManager.java:1935)
12-05 10:48:42.940 15730 16194 E AndroidRuntime: 	at com.miui.server.SecurityManagerService.checkEnabled(SecurityManagerService.java:584)
12-05 10:48:42.940 15730 16194 E AndroidRuntime: 	at com.miui.server.SecurityManagerService.access$1400(SecurityManagerService.java:74)
12-05 10:48:42.940 15730 16194 E AndroidRuntime: 	at com.miui.server.SecurityManagerService$1.run(SecurityManagerService.java:510)
12-05 10:48:42.973 16243 16243 E AndroidRuntime: Error reporting crash
12-05 10:48:42.973 16243 16243 E AndroidRuntime: android.os.DeadObjectException
12-05 10:48:42.973 16243 16243 E AndroidRuntime: 	at android.os.BinderProxy.transactNative(Native Method)
12-05 10:48:42.973 16243 16243 E AndroidRuntime: 	at android.os.BinderProxy.transact(Binder.java:503)
12-05 10:48:42.973 16243 16243 E AndroidRuntime: 	at android.app.ActivityManagerProxy.getConfiguration(ActivityManagerNative.java:3969)
12-05 10:48:42.973 16243 16243 E AndroidRuntime: 	at com.android.internal.os.RuntimeInit$UncaughtHandler.uncaughtException(RuntimeInit.java:88)
12-05 10:48:42.973 16243 16243 E AndroidRuntime: 	at java.lang.ThreadGroup.uncaughtException(ThreadGroup.java:693)
12-05 10:48:42.973 16243 16243 E AndroidRuntime: 	at java.lang.ThreadGroup.uncaughtException(ThreadGroup.java:690)
12-05 10:48:43.011 16259 16259 E AndroidRuntime: Error reporting crash
12-05 10:48:43.011 16259 16259 E AndroidRuntime: android.os.DeadObjectException
12-05 10:48:43.011 16259 16259 E AndroidRuntime: 	at android.os.BinderProxy.transactNative(Native Method)
12-05 10:48:43.011 16259 16259 E AndroidRuntime: 	at android.os.BinderProxy.transact(Binder.java:503)
12-05 10:48:43.011 16259 16259 E AndroidRuntime: 	at android.app.ActivityManagerProxy.getConfiguration(ActivityManagerNative.java:3969)
12-05 10:48:43.011 16259 16259 E AndroidRuntime: 	at com.android.internal.os.RuntimeInit$UncaughtHandler.uncaughtException(RuntimeInit.java:88)
12-05 10:48:43.011 16259 16259 E AndroidRuntime: 	at java.lang.ThreadGroup.uncaughtException(ThreadGroup.java:693)
12-05 10:48:43.011 16259 16259 E AndroidRuntime: 	at java.lang.ThreadGroup.uncaughtException(ThreadGroup.java:690)
12-05 10:48:43.031 16248 16248 E AndroidRuntime: Error reporting crash
12-05 10:48:43.031 16248 16248 E AndroidRuntime: android.os.DeadObjectException
12-05 10:48:43.031 16248 16248 E AndroidRuntime: 	at android.os.BinderProxy.transactNative(Native Method)
12-05 10:48:43.031 16248 16248 E AndroidRuntime: 	at android.os.BinderProxy.transact(Binder.java:503)
12-05 10:48:43.031 16248 16248 E AndroidRuntime: 	at android.app.ActivityManagerProxy.getConfiguration(ActivityManagerNative.java:3969)
12-05 10:48:43.031 16248 16248 E AndroidRuntime: 	at com.android.internal.os.RuntimeInit$UncaughtHandler.uncaughtException(RuntimeInit.java:88)
12-05 10:48:43.031 16248 16248 E AndroidRuntime: 	at java.lang.ThreadGroup.uncaughtException(ThreadGroup.java:693)
12-05 10:48:43.031 16248 16248 E AndroidRuntime: 	at java.lang.ThreadGroup.uncaughtException(ThreadGroup.java:690)
12-05 10:51:10.137 17497 18163 E AndroidRuntime: *** FATAL EXCEPTION IN SYSTEM PROCESS: Thread-64
12-05 10:51:10.137 17497 18163 E AndroidRuntime: java.lang.IllegalArgumentException: Unknown package: com.xiaomi.market
12-05 10:51:10.137 17497 18163 E AndroidRuntime: 	at com.android.server.pm.Settings.getApplicationEnabledSettingLPr(Settings.java:4121)
12-05 10:51:10.137 17497 18163 E AndroidRuntime: 	at com.android.server.pm.PackageManagerService.getApplicationEnabledSetting(PackageManagerService.java:15763)
12-05 10:51:10.137 17497 18163 E AndroidRuntime: 	at android.app.ApplicationPackageManager.getApplicationEnabledSetting(ApplicationPackageManager.java:1935)
12-05 10:51:10.137 17497 18163 E AndroidRuntime: 	at com.miui.server.SecurityManagerService.checkEnabled(SecurityManagerService.java:584)
12-05 10:51:10.137 17497 18163 E AndroidRuntime: 	at com.miui.server.SecurityManagerService.access$1400(SecurityManagerService.java:74)
12-05 10:51:10.137 17497 18163 E AndroidRuntime: 	at com.miui.server.SecurityManagerService$1.run(SecurityManagerService.java:510)


--------- beginning of system
12-05 10:51:17.484 18684 18906 W PackageParser: Unknown element under <manifest>: uses-library at /system/priv-app/MiuiKeyguard/MiuiKeyguard.apk Binary XML file line #45
12-05 10:51:17.659 18684 18906 W PackageParser: Ignoring duplicate uses-permissions/uses-permissions-sdk-m: miui.permission.USE_INTERNAL_GENERAL_API in package: com.android.systemui at: Binary XML file line #71
12-05 10:51:17.732 18684 18905 W PackageParser: Ignoring duplicate uses-permissions/uses-permissions-sdk-m: android.permission.GET_ACCOUNTS in package: com.android.mms at: Binary XML file line #59
12-05 10:51:17.733 18684 18905 W PackageParser: Ignoring duplicate uses-permissions/uses-permissions-sdk-m: android.permission.WAKE_LOCK in package: com.android.mms at: Binary XML file line #73
12-05 10:51:17.770 18684 18992 W PackageManager: Permission com.android.launcher.permission.INSTALL_SHORTCUT from package com.miui.home in an unknown group android.permission-group.SYSTEM_TOOLS
12-05 10:51:17.770 18684 18992 W PackageManager: Permission com.miui.home.launcher.permission.UNINSTALL_SHORTCUT from package com.miui.home in an unknown group android.permission-group.SYSTEM_TOOLS
12-05 10:51:17.770 18684 18992 W PackageManager: Permission com.miui.home.launcher.permission.INSTALL_WIDGET from package com.miui.home in an unknown group android.permission-group.SYSTEM_TOOLS
12-05 10:51:17.770 18684 18992 W PackageManager: Permission com.android.launcher.permission.READ_SETTINGS from package com.miui.home in an unknown group android.permission-group.SYSTEM_TOOLS
12-05 10:51:17.770 18684 18992 W PackageManager: Permission com.android.launcher.permission.WRITE_SETTINGS from package com.miui.home in an unknown group android.permission-group.SYSTEM_TOOLS
12-05 10:51:18.029 18684 18992 W PackageParser: No actions in intent filter at /system/priv-app/SecurityCenter/SecurityCenter.apk Binary XML file line #397
12-05 10:51:18.216 18684 18904 W PackageParser: Ignoring duplicate uses-permissions/uses-permissions-sdk-m: android.permission.USE_CREDENTIALS in package: com.android.settings at: Binary XML file line #77
12-05 10:51:18.217 18684 18904 W PackageParser: Ignoring duplicate uses-permissions/uses-permissions-sdk-m: android.permission.READ_SYNC_SETTINGS in package: com.android.settings at: Binary XML file line #82
12-05 10:51:18.221 18684 18904 W PackageParser: Ignoring duplicate uses-permissions/uses-permissions-sdk-m: android.permission.WRITE_SYNC_SETTINGS in package: com.android.settings at: Binary XML file line #83
12-05 10:51:18.225 18684 18904 W PackageParser: Ignoring duplicate uses-permissions/uses-permissions-sdk-m: android.permission.RECEIVE_BOOT_COMPLETED in package: com.android.settings at: Binary XML file line #117
12-05 10:51:18.225 18684 18904 W PackageParser: Ignoring duplicate uses-permissions/uses-permissions-sdk-m: android.permission.MODIFY_AUDIO_SETTINGS in package: com.android.settings at: Binary XML file line #122
12-05 10:51:18.387 18684 18905 W PackageParser: Ignoring duplicate uses-permissions/uses-permissions-sdk-m: android.permission.ACCESS_NETWORK_STATE in package: com.securespaces.android.ssm.service at: Binary XML file line #40
12-05 10:51:18.387 18684 18905 W PackageParser: Ignoring duplicate uses-permissions/uses-permissions-sdk-m: android.permission.CONNECTIVITY_INTERNAL in package: com.securespaces.android.ssm.service at: Binary XML file line #42
12-05 10:51:18.390 18684 18905 W PackageParser: Ignoring duplicate uses-permissions/uses-permissions-sdk-m: android.permission.WRITE_EXTERNAL_STORAGE in package: com.securespaces.android.ssm.service at: Binary XML file line #52
12-05 10:51:18.475 18684 18905 W PackageManager: Permission com.securespaces.android.permission.MANAGE_SPACES from package com.securespaces.android.ssm.service in an unknown group android.permission-group.SYSTEM_TOOLS
12-05 10:51:18.475 18684 18905 W PackageManager: Permission com.securespaces.android.permission.MANAGE_SPACES_FULL from package com.securespaces.android.ssm.service in an unknown group android.permission-group.SYSTEM_TOOLS
12-05 10:51:18.475 18684 18905 W PackageManager: Permission com.securespaces.android.permission.MANAGE_SPACES_PROTECTED from package com.securespaces.android.ssm.service in an unknown group android.permission-group.SYSTEM_TOOLS
12-05 10:51:18.475 18684 18905 W PackageManager: Permission com.securespaces.android.permission.CREATE_APP_CONTROLLED_SPACES from package com.securespaces.android.ssm.service in an unknown group android.permission-group.SYSTEM_TOOLS
12-05 10:51:18.693 18684 18992 W PackageManager: Provider ComponentInfo{com.android.providers.telephony/com.android.providers.telephony.FirewallProvider} already defined; ignoring
12-05 10:51:18.696 18684 18992 W PackageManager: Skipping provider name firewall (in package com.android.providers.telephony): name already used by com.android.providers.telephony
12-05 10:51:18.862 18684 18905 W PackageParser: Ignoring duplicate uses-permissions/uses-permissions-sdk-m: com.miui.antispam.permission.CONTENTPROVIDER in package: com.miui.yellowpage at: Binary XML file line #36
12-05 10:51:19.639 18684 18906 W PackageManager: Failed to parse /system/priv-app/StockSettings: Application package com.android.settings already installed.  Skipping duplicate.
12-05 10:51:19.792 18684 18906 W PackageParser: No actions in intent filter at /system/app/Bluetooth/Bluetooth.apk Binary XML file line #235
12-05 10:51:19.827 18684 18904 W PackageParser: Ignoring duplicate uses-permissions/uses-permissions-sdk-m: android.permission.INTERNET in package: com.miui.bugreport at: Binary XML file line #31
12-05 10:51:19.828 18684 18904 W PackageParser: Ignoring duplicate uses-permissions/uses-permissions-sdk-m: android.permission.ACCESS_NETWORK_STATE in package: com.miui.bugreport at: Binary XML file line #32
12-05 10:51:19.828 18684 18904 W PackageParser: Ignoring duplicate uses-permissions/uses-permissions-sdk-m: android.permission.WRITE_EXTERNAL_STORAGE in package: com.miui.bugreport at: Binary XML file line #34
12-05 10:51:19.828 18684 18904 W PackageParser: Ignoring duplicate uses-permissions/uses-permissions-sdk-m: android.permission.ACCESS_WIFI_STATE in package: com.miui.bugreport at: Binary XML file line #36
12-05 10:51:19.838 18684 18905 W PackageParser: No actions in intent filter at /system/app/BluetoothExt/BluetoothExt.apk Binary XML file line #139
12-05 10:51:19.838 18684 18905 W PackageParser: No actions in intent filter at /system/app/BluetoothExt/BluetoothExt.apk Binary XML file line #163
12-05 10:51:20.023 18684 18906 W PackageParser: No actions in intent filter at /system/app/CloudService/CloudService.apk Binary XML file line #156
12-05 10:51:20.042 18684 18906 W PackageParser: Ignoring duplicate uses-permissions/uses-permissions-sdk-m: android.permission.INTERACT_ACROSS_USERS in package: com.miui.cloudservice at: Binary XML file line #700
12-05 10:51:20.231 18684 18991 W PackageParser: Problem in package /system/app/FileExplorer/FileExplorer.apk:
12-05 10:51:20.231 18684 18991 W PackageParser: Unknown element under <activity>: intentfilter at /system/app/FileExplorer/FileExplorer.apk Binary XML file line #306
12-05 10:51:20.368 18684 18993 W PackageParser: Ignoring duplicate uses-permissions/uses-permissions-sdk-m: android.permission.READ_CONTACTS in package: com.cleanmaster.sdk at: Binary XML file line #25
12-05 10:51:20.621 18684 18992 W PackageParser: Ignoring duplicate uses-permissions/uses-permissions-sdk-m: android.permission.ACCOUNT_MANAGER in package: com.android.midrive at: Binary XML file line #21
12-05 10:51:20.764 18684 18906 W PackageParser: Ignoring duplicate uses-permissions/uses-permissions-sdk-m: android.permission.CONTROL_WIFI_DISPLAY in package: com.xiaomi.miplay at: Binary XML file line #24
12-05 10:51:20.818 18684 18905 W PackageManager: Permission com.android.email.permission.READ_ATTACHMENT from package com.android.email in an unknown group android.permission-group.MESSAGES
12-05 10:51:20.973 18684 18905 W PackageParser: Ignoring duplicate uses-permissions/uses-permissions-sdk-m: android.permission.READ_SYNC_SETTINGS in package: com.miui.notes at: Binary XML file line #31
12-05 10:51:21.248 18684 18991 W PackageParser: Service exported request ignored due to singleUser: com.miui.powerkeeper.feedbackcontrol.FeedbackControlService at /system/app/PowerKeeper/PowerKeeper.apk Binary XML file line #68
12-05 10:51:21.425 18684 18906 W PackageParser: Ignoring duplicate uses-permissions/uses-permissions-sdk-m: android.permission.MANAGE_ACCOUNTS in package: com.miui.securityadd at: Binary XML file line #29
12-05 10:51:21.474 18684 18992 W PackageParser: Ignoring duplicate uses-permissions/uses-permissions-sdk-m: android.permission.MANAGE_ACCOUNTS in package: com.miui.securitycore at: Binary XML file line #12
12-05 10:51:21.754 18684 18905 W PackageParser: Ignoring duplicate uses-permissions/uses-permissions-sdk-m: android.permission.MODIFY_AUDIO_SETTINGS in package: com.miui.voiceassist at: Binary XML file line #23
12-05 10:51:22.097 18684 18905 W PackageManager: Failed to parse /system/app/Gallery3: Missing base APK in /system/app/Gallery3
12-05 10:51:22.097 18684 18905 W PackageManager: Failed to parse /system/app/Terminal: Missing base APK in /system/app/Terminal
12-05 10:51:22.098 18684 18905 W PackageManager: Failed to parse /system/app/Nfc: Missing base APK in /system/app/Nfc
12-05 10:51:22.457 18684 18904 W PackageManager: Permission android.permission.SEND_SMS_NO_CONFIRMATION from package com.miui.core in an unknown group android.permission-group.MESSAGES
12-05 10:51:22.470 18684 18684 I PreinstallApp: Parse preinstall apps, consume 0ms
12-05 10:51:22.471 18684 18684 I PreinstallApp: copy preinstall apps start
12-05 10:51:22.473 18684 18684 I PreinstallApp: copy preinstall apps end, consume 3ms
12-05 10:51:22.474 18684 18684 W PackageManager: Package com.android.browser desires unavailable shared library com.android.qualcomm.modemwarmup; ignoring!
12-05 10:51:22.474 18684 18684 W PackageManager: Package org.codeaurora.bluetooth desires unavailable shared library com.quicinc.wbc; ignoring!
12-05 10:51:22.475 18684 18684 I PackageManager: Adjusting ABI for : org.cyanogenmod.cmsettings to armeabi-v7a
12-05 10:51:22.476 18684 18684 I PackageManager: Adjusting ABI for : com.android.inputdevices to armeabi-v7a
12-05 10:51:22.476 18684 18684 I PackageManager: Adjusting ABI for : com.android.providers.settings to armeabi-v7a
12-05 10:51:22.477 18684 18684 I PackageManager: Adjusting ABI for : com.android.server.telecom to armeabi-v7a
12-05 10:51:22.477 18684 18684 I PackageManager: Adjusting ABI for : com.android.location.fused to armeabi-v7a
12-05 10:51:22.477 18684 18684 I PackageManager: Adjusting ABI for : cyanogenmod.platform to armeabi-v7a
12-05 10:51:22.477 18684 18684 I PackageManager: Adjusting ABI for : com.miui.rom to armeabi-v7a
12-05 10:51:22.478 18684 18684 I PackageManager: Time to scan packages: 7.133 seconds
12-05 10:51:22.485 18684 18684 W PackageManager: Unknown permission com.google.android.googleapps.permission.GOOGLE_AUTH in package com.android.providers.calendar
12-05 10:51:22.485 18684 18684 W PackageManager: Unknown permission com.google.android.googleapps.permission.GOOGLE_AUTH.cl in package com.android.providers.calendar
12-05 10:51:22.488 18684 18684 W PackageManager: Not granting permission com.xiaomi.gallery.permission.CLOUD to package com.milink.service (protectionLevel=18 flags=0x3808be45)
12-05 10:51:22.492 18684 18684 W PackageManager: Unknown permission com.xiaomi.vip.permission.SERVICE in package com.xiaomi.account
12-05 10:51:22.495 18684 18684 W PackageManager: Unknown permission android.permission.WRITE_INTERNAL_STORAGE in package com.android.updater
12-05 10:51:22.498 18684 18684 W PackageManager: Unknown permission miui.permission.SHELL in package com.android.updater
12-05 10:51:22.500 18684 18684 W PackageManager: Unknown permission android.permission.READ_SECURE_SETTINGS in package com.miui.securityadd
12-05 10:51:22.500 18684 18684 W PackageManager: Unknown permission android.permission.READ_SETTINGS in package com.miui.securityadd
12-05 10:51:22.503 18684 18684 W PackageManager: Unknown permission android.permission.ACCESS_ALL_EXTERNAL_STORAGE in package com.miui.gallery
12-05 10:51:22.508 18684 18684 W PackageManager: Unknown permission com.xiaomi.passport.permission.PASSPORT_UI_CONTROLLER_SERVICE in package com.xiaomi.payment
12-05 10:51:22.514 18684 18684 W PackageManager: Unknown permission miui.permission.SHELL in package com.miui.securitycenter
12-05 10:51:22.516 18684 18684 W PackageManager: Unknown permission android.permission.READ_SECURE_SETTINGS in package com.miui.securitycenter
12-05 10:51:22.516 18684 18684 W PackageManager: Unknown permission android.permission.READ_SETTINGS in package com.miui.securitycenter
12-05 10:51:22.518 18684 18684 W PackageManager: Unknown permission android.Manifest.permission.RECEIVE_BOOT_COMPLETED in package com.android.browser
12-05 10:51:22.522 18684 18684 W PackageManager: Unknown permission android.permission.ACTION_HEADSET_PLUG in package com.android.soundrecorder
12-05 10:51:22.524 18684 18684 W PackageManager: Unknown permission adnroid.permission.CHANGE_WIFI_STATE in package com.miui.guardprovider
12-05 10:51:22.530 18684 18684 W PackageManager: Unknown permission miui.permission.SHELL in package com.miui.backup
12-05 10:51:22.533 18684 18684 W PackageManager: Unknown permission com.xiaomi.market.sdk.UPDATE in package com.miui.backup
12-05 10:51:22.533 18684 18684 W PackageManager: Unknown permission android.permission.READ_SETTINGS in package com.xiaomi.ab
12-05 10:51:22.534 18684 18684 W PackageManager: Unknown permission android.permission.RUN_INSTRUMENTATION in package com.xiaomi.ab
12-05 10:51:22.534 18684 18684 W PackageManager: Unknown permission com.xiaomi.channel.GAME_SERVICE_PERMISSION in package com.xiaomi.ab
12-05 10:51:22.534 18684 18684 W PackageManager: Unknown permission com.xiaomi.passport.permission.PASSPORT_UI_CONTROLLER_SERVICE in package com.xiaomi.ab
12-05 10:51:22.535 18684 18684 W PackageManager: Unknown permission android.permission.MMS_PUSH in package org.codeaurora.bluetooth
12-05 10:51:22.538 18684 18684 W PackageManager: Unknown permission com.google.android.googleapps.permission.GOOGLE_AUTH.mail in package com.android.contacts
12-05 10:51:22.539 18684 18684 W PackageManager: Unknown permission com.miui.mipub.permission.READ_HMS_COMMON in package com.android.contacts
12-05 10:51:22.541 18684 18684 W PackageManager: Unknown permission com.xiaomi.rcs.permission.SERVICE in package com.android.contacts
12-05 10:51:22.542 18684 18684 W PackageManager: Unknown permission com.miui.voip.permission.RECEIVE_CLEAR_MISSED_CALL_NOTIFICATION in package com.android.contacts
12-05 10:51:22.542 18684 18684 W PackageManager: Unknown permission android.permission.ACCESS_NOTIFICATION in package com.miui.securitycore
12-05 10:51:22.543 18684 18684 W PackageManager: Unknown permission android.permission.INSTALL_DRM in package com.android.mms
12-05 10:51:22.544 18684 18684 W PackageManager: Unknown permission miui.permission.SHELL in package com.android.mms
12-05 10:51:22.550 18684 18684 W PackageManager: Unknown permission android.permission.WRITE_INTERNAL_STORAGE in package com.miui.player
12-05 10:51:22.552 18684 18684 W PackageManager: Unknown permission com.xiaomi.vip.permission.SERVICE in package com.miui.player
12-05 10:51:22.555 18684 18684 W PackageManager: Unknown permission com.google.android.googleapps.permission.GOOGLE_AUTH.mail in package com.android.calendar
12-05 10:51:22.556 18684 18684 W PackageManager: Not granting permission android.permission.ACCESS_MOCK_LOCATION to package com.android.calendar (protectionLevel=2 flags=0x3809be45)
12-05 10:51:22.558 18684 18684 W PackageManager: Unknown permission miui.permission.SHELL in package com.miui.compass
12-05 10:51:22.558 18684 18684 W PackageManager: Unknown permission android.permission.ACCESS_ALL_EXTERNAL_STORAGE in package com.android.midrive
12-05 10:51:22.564 18684 18684 W PackageManager: Unknown permission miui.permission.SHELL in package com.miui.bugreport
12-05 10:51:22.565 18684 18684 W PackageManager: Unknown permission android.permission.ACCESS_ALL_EXTERNAL_STORAGE in package com.android.fileexplorer
12-05 10:51:22.569 18684 18684 W PackageManager: Unknown permission com.miui.klo.bugreport.permission.KLO_STARTUP_RECEIVER in package com.xiaomi.metok
12-05 10:51:22.586 18684 18684 W PackageManager: Unknown permission com.fingerprints.service.ACCESS_FINGERPRINT_MANAGER in package com.android.keyguard
12-05 10:51:22.587 18684 18684 W PackageManager: Unknown permission com.fingerprints.service.ACCESS_FINGERPRINT_MANAGER in package com.android.camera
12-05 10:51:22.591 18684 18684 I PackageManager: Un-granting permission android.permission.CLEAR_APP_USER_DATA from package com.google.android.packageinstaller (protectionLevel=258 flags=0x38483e45)
12-05 10:51:22.592 18684 18684 I PackageManager: Un-granting permission android.permission.GRANT_RUNTIME_PERMISSIONS from package com.google.android.packageinstaller (protectionLevel=770 flags=0x38483e45)
12-05 10:51:22.592 18684 18684 I PackageManager: Un-granting permission android.permission.REVOKE_RUNTIME_PERMISSIONS from package com.google.android.packageinstaller (protectionLevel=770 flags=0x38483e45)
12-05 10:51:22.593 18684 18684 I PackageManager: Un-granting permission android.permission.INSTALL_GRANT_RUNTIME_PERMISSIONS from package com.google.android.packageinstaller (protectionLevel=770 flags=0x38483e45)
12-05 10:51:22.593 18684 18684 I PackageManager: Un-granting permission android.permission.INTERACT_ACROSS_USERS_FULL from package com.google.android.packageinstaller (protectionLevel=258 flags=0x38483e45)
12-05 10:51:22.594 18684 18684 I PackageManager: Un-granting permission android.permission.KILL_UID from package com.google.android.packageinstaller (protectionLevel=258 flags=0x38483e45)
12-05 10:51:22.594 18684 18684 W PackageManager: Not granting permission android.permission.DELETE_PACKAGES to package com.svox.pico (protectionLevel=18 flags=0x3808be45)
12-05 10:51:22.601 18684 18684 W PackageManager: Unknown permission android.permission.INSTALL_DRM in package com.miui.mipub
12-05 10:51:22.602 18684 18684 W PackageManager: Unknown permission miui.permission.SHELL in package com.miui.mipub
12-05 10:51:22.604 18684 18684 W PackageManager: Unknown permission android.permission.READ_SECURE_SETTINGS in package com.miui.notes
12-05 10:51:22.610 18684 18684 W PackageManager: Unknown permission android.permission.ACCESS_COARSE_UPDATES in package com.miui.cloudservice
12-05 10:51:22.612 18684 18684 W PackageManager: Unknown permission miui.permission.SHELL in package com.miui.cloudservice
12-05 10:51:22.614 18684 18684 W PackageManager: Unknown permission com.xiaomi.vip.permission.SERVICE in package com.miui.cloudservice
12-05 10:51:22.626 18684 18684 W PackageManager: Unknown permission com.securespaces.android.sscm.permission.RECEIVE in package com.securespaces.android.ssm.service
12-05 10:51:22.626 18684 18684 W PackageManager: Unknown permission com.securespaces.android.sscm.permission.SEND_SSCM_PAYLOAD in package com.securespaces.android.ssm.service
12-05 10:51:22.626 18684 18684 W PackageManager: Not granting permission android.permission.CLEAR_APP_CACHE to package com.cleanmaster.sdk (protectionLevel=18 flags=0x3808be45)
12-05 10:51:22.626 18684 18684 W PackageManager: Not granting permission android.permission.READ_LOGS to package com.cleanmaster.sdk (protectionLevel=50 flags=0x3808be45)
12-05 10:51:22.629 18684 18684 W PackageManager: Unknown permission com.xiaomi.gallery.permission.DELETE_SIMILAR_IMAGE in package com.miui.cleanmaster
12-05 10:51:22.630 18684 18684 W PackageManager: Unknown permission com.google.android.gms.permission.ACTIVITY_RECOGNITION in package com.miui.cleanmaster
12-05 10:51:22.634 18684 18684 W PackageManager: Unknown permission com.google.android.googleapps.permission.GOOGLE_AUTH in package com.android.settings
12-05 10:51:22.641 18684 18684 W PackageManager: Unknown permission com.xiaomi.permission.RECEIVE_BROADCAST_REPORT in package com.android.settings
12-05 10:51:22.642 18684 18684 W PackageManager: Unknown permission com.xiaomi.permission.WIFI_SHARE in package com.android.settings
12-05 10:51:22.643 18684 18684 W PackageManager: Unknown permission com.fingerprints.service.ACCESS_FINGERPRINT_MANAGER in package com.android.settings
12-05 10:51:22.652 18684 18684 W PackageManager: Unknown permission miui.permission.SHELL in package com.android.email
12-05 10:51:22.652 18684 18684 W PackageManager: Unknown permission com.mipay.wallet.permission.READ_BILL_MAIL_RULE in package com.android.email
12-05 10:51:22.679 18684 18684 W PackageManager: Unknown permission android.permission.ACCESS_ALL_EXTERNAL_STORAGE in package com.android.systemui
12-05 10:51:22.686 18684 18684 W PackageManager: Unknown permission com.xiaomi.channel.GAME_SERVICE_PERMISSION in package com.android.thememanager
12-05 10:51:22.686 18684 18684 W PackageManager: Unknown permission com.xiaomi.vip.permission.SERVICE in package com.android.thememanager
12-05 10:51:22.696 18684 18684 W PackageManager: Unknown permission com.google.android.gallery3d.permission.GALLERY_PROVIDER in package com.android.bluetooth
12-05 10:51:22.696 18684 18684 W PackageManager: Unknown permission com.android.gallery3d.permission.GALLERY_PROVIDER in package com.android.bluetooth
12-05 10:51:22.700 18684 18684 W PackageManager: Not granting permission android.permission.READ_PRIVILEGED_PHONE_STATE to package com.miui.core (protectionLevel=18 flags=0x38083e0d)
12-05 10:51:22.704 18684 18684 W PackageManager: Unknown permission miui.permission.SHELL in package com.miui.home
12-05 10:51:22.708 18684 18684 W PackageManager: Unknown permission android.permission.SYSTEM_OVERLAY_WINDOW in package com.miui.voip
12-05 10:51:22.709 18684 18684 W PackageManager: Unknown permission android.permission.READ_SETTINGS in package com.miui.voip
12-05 10:51:22.903 18684 18684 I SystemServer: User Service
12-05 10:51:22.921 18684 18684 I SystemServiceManager: Starting com.android.server.BatteryService
12-05 10:51:22.970 18684 18684 I SystemServiceManager: Starting com.android.server.usage.UsageStatsService
12-05 10:51:23.021 18684 18684 I UsageStatsService: User[0] Rollover scheduled @ 1970-12-06 00:00:00(29289600000)
12-05 10:51:23.022 18684 18684 I SystemServiceManager: Starting com.android.server.webkit.WebViewUpdateService
12-05 10:51:23.024 18684 18684 I SystemServer: Reading configuration...
12-05 10:51:23.024 18684 18684 I SystemServer: Scheduling Policy
12-05 10:51:23.025 18684 18684 I SystemServiceManager: Starting com.android.server.telecom.TelecomLoaderService
12-05 10:51:23.026 18684 18684 I SystemServer: Telephony Registry
12-05 10:51:23.029 18684 18684 I SystemServer: Entropy Mixer
12-05 10:51:23.032 18684 18684 I EntropyMixer: Added HW RNG output to entropy pool
12-05 10:51:23.033 18684 18684 I EntropyMixer: Writing entropy...
12-05 10:51:23.037 18684 18684 I SystemServer: Camera Service
12-05 10:51:23.037 18684 18684 I SystemServiceManager: Starting com.android.server.camera.CameraService
12-05 10:51:23.041 18684 18684 I SystemServer: Account Manager
12-05 10:51:23.044 18684 18684 I SystemServer: Content Manager
12-05 10:51:23.046 18684 18684 I SystemServer: System Content Providers
12-05 10:51:23.083 18684 18684 I SystemServer: Vibrator Service
12-05 10:51:23.087 18684 18684 I SystemServer: Consumer IR Service
12-05 10:51:23.088 18684 18684 I SystemServiceManager: Starting com.android.server.AlarmManagerService
12-05 10:51:23.130 18684 18684 I SystemServer: Init Watchdog
12-05 10:51:23.130 18684 18684 I SystemServer: Input Manager
12-05 10:51:23.131 18684 18684 I InputManager: Initializing input manager, mUseDevInputEventForAudioJack=true
12-05 10:51:23.132 18684 18684 I SystemServer: Window Manager
12-05 10:51:23.139 18684 18790 I WindowManager: No existing display settings /data/system/display_settings.xml; starting empty
12-05 10:51:23.229 18684 18684 I InputManager: Starting input manager
12-05 10:51:23.263 18684 18684 I SystemServer: Bluetooth Service
12-05 10:51:23.263 18684 18684 I SystemServiceManager: Starting com.android.server.BluetoothService
12-05 10:51:23.268 18684 18684 I SystemServer: Input Method Service
12-05 10:51:23.312 18684 19210 I ActivityManager: choosing minFree values for 32 Bit
12-05 10:51:23.312 18684 19210 I ActivityManager: choosing minFree values for 32 Bit
12-05 10:51:23.312 18684 19210 I ActivityManager: choosing minFree values for 32 Bit
12-05 10:51:23.312 18684 19210 I ActivityManager: choosing minFree values for 32 Bit
12-05 10:51:23.312 18684 19210 I ActivityManager: choosing minFree values for 32 Bit
12-05 10:51:23.312 18684 19210 I ActivityManager: choosing minFree values for 32 Bit
12-05 10:51:23.333 18684 18684 W InputMethodManagerService: No IME selected. Choose the most applicable IME.
12-05 10:51:23.333 18684 18684 I InputMethodManagerService: Default found, using com.android.inputmethod.latin/.LatinIME
12-05 10:51:23.334 18684 18684 I SystemServer: Accessibility Manager
12-05 10:51:23.340 18684 18684 I ActivityManager: Config changes=1df8 {1.0 ?mcc?mnc en_US ldltr sw360dp w360dp h640dp 320dpi nrml long port ?uimode ?night -touch -keyb/h/h -nav/h s.2 themeResource=null themeChanged=0 themeChangedFlags=0}
12-05 10:51:23.346 18684 18684 I ActivityManager: Config changes=508 {1.0 ?mcc?mnc en_US ldltr sw360dp w360dp h572dp 320dpi nrml port ?uimode ?night finger -keyb/h/h -nav/h s.3 themeResource=null themeChanged=0 themeChangedFlags=0}
12-05 10:51:23.350 18684 18684 I SystemServiceManager: Starting com.android.server.MountService$Lifecycle
12-05 10:51:23.362 18684 18684 I SystemServiceManager: Starting com.android.server.UiModeManagerService
