12-05 10:51:29.536 19729 19729 E AndroidRuntime: 	at java.lang.ThreadGroup.uncaughtException(ThreadGroup.java:690)
12-05 10:51:29.540 19269 19269 E StatusBarIconView: Icon package not found: com.android.systemui
12-05 10:51:29.541 19269 19269 E StatusBarIconView: Icon package not found: com.android.systemui
12-05 10:51:29.541 19269 19269 E StatusBarIconView: Icon package not found: com.android.systemui
12-05 10:51:29.542 19700 19700 E AndroidRuntime: Error reporting crash
12-05 10:51:29.542 19700 19700 E AndroidRuntime: android.os.DeadObjectException
12-05 10:51:29.542 19700 19700 E AndroidRuntime: 	at android.os.BinderProxy.transactNative(Native Method)
12-05 10:51:29.542 19700 19700 E AndroidRuntime: 	at android.os.BinderProxy.transact(Binder.java:503)
12-05 10:51:29.542 19700 19700 E AndroidRuntime: 	at android.app.ActivityManagerProxy.getConfiguration(ActivityManagerNative.java:3969)
12-05 10:51:29.542 19700 19700 E AndroidRuntime: 	at com.android.internal.os.RuntimeInit$UncaughtHandler.uncaughtException(RuntimeInit.java:88)
12-05 10:51:29.542 19700 19700 E AndroidRuntime: 	at java.lang.ThreadGroup.uncaughtException(ThreadGroup.java:693)
12-05 10:51:29.542 19700 19700 E AndroidRuntime: 	at java.lang.ThreadGroup.uncaughtException(ThreadGroup.java:690)
12-05 10:51:29.552 19572 19572 W ContextImpl: Calling a method in the system process without a qualified user: android.app.ContextImpl.startService:1231 android.content.ContextWrapper.startService:587 miui.core.SdkManager$1.run:189 android.os.Handler.handleCallback:739 android.os.Handler.dispatchMessage:95 
12-05 10:51:29.553 19572 19572 E AndroidRuntime: Error reporting crash
12-05 10:51:29.553 19572 19572 E AndroidRuntime: android.os.DeadObjectException
12-05 10:51:29.553 19572 19572 E AndroidRuntime: 	at android.os.BinderProxy.transactNative(Native Method)
12-05 10:51:29.553 19572 19572 E AndroidRuntime: 	at android.os.BinderProxy.transact(Binder.java:503)
12-05 10:51:29.553 19572 19572 E AndroidRuntime: 	at android.app.ActivityManagerProxy.getConfiguration(ActivityManagerNative.java:3969)
12-05 10:51:29.553 19572 19572 E AndroidRuntime: 	at com.android.internal.os.RuntimeInit$UncaughtHandler.uncaughtException(RuntimeInit.java:88)
12-05 10:51:29.553 19572 19572 E AndroidRuntime: 	at java.lang.ThreadGroup.uncaughtException(ThreadGroup.java:693)
12-05 10:51:29.553 19572 19572 E AndroidRuntime: 	at java.lang.ThreadGroup.uncaughtException(ThreadGroup.java:690)
12-05 10:51:29.559 19773 19773 E AndroidRuntime: Error reporting crash
12-05 10:51:29.559 19773 19773 E AndroidRuntime: android.os.DeadObjectException
12-05 10:51:29.559 19773 19773 E AndroidRuntime: 	at android.os.BinderProxy.transactNative(Native Method)
12-05 10:51:29.559 19773 19773 E AndroidRuntime: 	at android.os.BinderProxy.transact(Binder.java:503)
12-05 10:51:29.559 19773 19773 E AndroidRuntime: 	at android.app.ActivityManagerProxy.getConfiguration(ActivityManagerNative.java:3969)
12-05 10:51:29.559 19773 19773 E AndroidRuntime: 	at com.android.internal.os.RuntimeInit$UncaughtHandler.uncaughtException(RuntimeInit.java:88)
12-05 10:51:29.559 19773 19773 E AndroidRuntime: 	at java.lang.ThreadGroup.uncaughtException(ThreadGroup.java:693)
12-05 10:51:29.559 19773 19773 E AndroidRuntime: 	at java.lang.ThreadGroup.uncaughtException(ThreadGroup.java:690)
12-05 10:51:29.561 19778 19778 E AndroidRuntime: Error reporting crash
12-05 10:51:29.561 19778 19778 E AndroidRuntime: android.os.DeadObjectException
12-05 10:51:29.561 19778 19778 E AndroidRuntime: 	at android.os.BinderProxy.transactNative(Native Method)
12-05 10:51:29.561 19778 19778 E AndroidRuntime: 	at android.os.BinderProxy.transact(Binder.java:503)
12-05 10:51:29.561 19778 19778 E AndroidRuntime: 	at android.app.ActivityManagerProxy.getConfiguration(ActivityManagerNative.java:3969)
12-05 10:51:29.561 19778 19778 E AndroidRuntime: 	at com.android.internal.os.RuntimeInit$UncaughtHandler.uncaughtException(RuntimeInit.java:88)
12-05 10:51:29.561 19778 19778 E AndroidRuntime: 	at java.lang.ThreadGroup.uncaughtException(ThreadGroup.java:693)
12-05 10:51:29.561 19778 19778 E AndroidRuntime: 	at java.lang.ThreadGroup.uncaughtException(ThreadGroup.java:690)
12-05 10:51:29.565 19269 19269 E StatusBarIconView: Icon package not found: com.android.systemui
12-05 10:51:29.565 19269 19269 E StatusBarIconView: Icon package not found: com.android.systemui
12-05 10:51:29.572 19269 19269 E StatusBarIconView: Icon package not found: com.android.systemui
12-05 10:51:29.572 19269 19269 E StatusBarIconView: Icon package not found: com.android.systemui
12-05 10:51:29.573 19269 19269 E StatusBarIconView: Icon package not found: com.android.systemui
12-05 10:51:29.573 19269 19269 E StatusBarIconView: Icon package not found: com.android.systemui
12-05 10:51:29.574 19269 19269 E StatusBarIconView: Icon package not found: com.android.systemui
12-05 10:51:29.574 19269 19269 E StatusBarIconView: Icon package not found: com.android.systemui
12-05 10:51:29.575 19269 19269 E StatusBarIconView: Icon package not found: com.android.systemui
12-05 10:51:29.588 19761 19761 E AndroidRuntime: Error reporting crash
12-05 10:51:29.588 19761 19761 E AndroidRuntime: android.os.DeadObjectException
12-05 10:51:29.588 19761 19761 E AndroidRuntime: 	at android.os.BinderProxy.transactNative(Native Method)
12-05 10:51:29.588 19761 19761 E AndroidRuntime: 	at android.os.BinderProxy.transact(Binder.java:503)
12-05 10:51:29.588 19761 19761 E AndroidRuntime: 	at android.app.ActivityManagerProxy.getConfiguration(ActivityManagerNative.java:3969)
12-05 10:51:29.588 19761 19761 E AndroidRuntime: 	at com.android.internal.os.RuntimeInit$UncaughtHandler.uncaughtException(RuntimeInit.java:88)
12-05 10:51:29.588 19761 19761 E AndroidRuntime: 	at java.lang.ThreadGroup.uncaughtException(ThreadGroup.java:693)
12-05 10:51:29.588 19761 19761 E AndroidRuntime: 	at java.lang.ThreadGroup.uncaughtException(ThreadGroup.java:690)
12-05 10:51:29.596 19269 19269 E StatusBarIconView: Icon package not found: com.android.systemui
12-05 10:51:29.596 19269 19269 E StatusBarIconView: Icon package not found: com.android.systemui
12-05 10:51:29.597 19269 19269 E StatusBarIconView: Icon package not found: com.android.systemui
12-05 10:51:29.597 19269 19269 E StatusBarIconView: Icon package not found: com.android.systemui
12-05 10:51:29.598 19269 19269 E StatusBarIconView: Icon package not found: com.android.systemui
12-05 10:51:29.598 19269 19269 E StatusBarIconView: Icon package not found: com.android.systemui
12-05 10:51:29.599 19269 19269 E StatusBarIconView: Icon package not found: com.android.systemui
12-05 10:51:29.599 19269 19269 E StatusBarIconView: Icon package not found: com.android.systemui
12-05 10:51:29.600 19269 19269 E StatusBarIconView: Icon package not found: com.android.systemui
12-05 10:51:29.600 19269 19269 E StatusBarIconView: Icon package not found: com.android.systemui
12-05 10:51:29.601 19269 19269 E StatusBarIconView: Icon package not found: com.android.systemui
12-05 10:51:29.601 19269 19269 E StatusBarIconView: Icon package not found: com.android.systemui
12-05 10:51:29.633 19277 19277 E AndroidRuntime: Error reporting crash
12-05 10:51:29.633 19277 19277 E AndroidRuntime: android.os.DeadObjectException
12-05 10:51:29.633 19277 19277 E AndroidRuntime: 	at android.os.BinderProxy.transactNative(Native Method)
12-05 10:51:29.633 19277 19277 E AndroidRuntime: 	at android.os.BinderProxy.transact(Binder.java:503)
12-05 10:51:29.633 19277 19277 E AndroidRuntime: 	at android.app.ActivityManagerProxy.getConfiguration(ActivityManagerNative.java:3969)
12-05 10:51:29.633 19277 19277 E AndroidRuntime: 	at com.android.internal.os.RuntimeInit$UncaughtHandler.uncaughtException(RuntimeInit.java:88)
12-05 10:51:29.633 19277 19277 E AndroidRuntime: 	at java.lang.ThreadGroup.uncaughtException(ThreadGroup.java:693)
12-05 10:51:29.633 19277 19277 E AndroidRuntime: 	at java.lang.ThreadGroup.uncaughtException(ThreadGroup.java:690)
12-05 10:51:29.647 19269 19269 E AndroidRuntime: Error reporting crash
12-05 10:51:29.647 19269 19269 E AndroidRuntime: android.os.DeadObjectException
12-05 10:51:29.647 19269 19269 E AndroidRuntime: 	at android.os.BinderProxy.transactNative(Native Method)
12-05 10:51:29.647 19269 19269 E AndroidRuntime: 	at android.os.BinderProxy.transact(Binder.java:503)
12-05 10:51:29.647 19269 19269 E AndroidRuntime: 	at android.app.ActivityManagerProxy.getConfiguration(ActivityManagerNative.java:3969)
12-05 10:51:29.647 19269 19269 E AndroidRuntime: 	at com.android.internal.os.RuntimeInit$UncaughtHandler.uncaughtException(RuntimeInit.java:88)
12-05 10:51:29.647 19269 19269 E AndroidRuntime: 	at java.lang.ThreadGroup.uncaughtException(ThreadGroup.java:693)
12-05 10:51:29.647 19269 19269 E AndroidRuntime: 	at java.lang.ThreadGroup.uncaughtException(ThreadGroup.java:690)
12-05 10:51:29.648 19926 19926 E AndroidRuntime: Error reporting crash
12-05 10:51:29.648 19926 19926 E AndroidRuntime: android.os.DeadObjectException
12-05 10:51:29.648 19926 19926 E AndroidRuntime: 	at android.os.BinderProxy.transactNative(Native Method)
12-05 10:51:29.648 19926 19926 E AndroidRuntime: 	at android.os.BinderProxy.transact(Binder.java:503)
12-05 10:51:29.648 19926 19926 E AndroidRuntime: 	at android.app.ActivityManagerProxy.getConfiguration(ActivityManagerNative.java:3969)
12-05 10:51:29.648 19926 19926 E AndroidRuntime: 	at com.android.internal.os.RuntimeInit$UncaughtHandler.uncaughtException(RuntimeInit.java:88)
12-05 10:51:29.648 19926 19926 E AndroidRuntime: 	at java.lang.ThreadGroup.uncaughtException(ThreadGroup.java:693)
12-05 10:51:29.648 19926 19926 E AndroidRuntime: 	at java.lang.ThreadGroup.uncaughtException(ThreadGroup.java:690)
12-05 10:51:29.677 19657 19657 E ActivityThread: Failed to find provider info for settings
12-05 10:51:29.678 19657 19657 D ResourcesManager: ThemeConfig.getBootTheme failed, falling back to system theme
12-05 10:51:29.678 19657 19657 D ResourcesManager: java.lang.NullPointerException: Attempt to invoke interface method 'android.os.Bundle android.content.IContentProvider.call(java.lang.String, java.lang.String, java.lang.String, android.os.Bundle)' on a null object reference
12-05 10:51:29.678 19657 19657 D ResourcesManager: 	at android.provider.Settings$NameValueCache.getStringForUser(Settings.java:1385)
12-05 10:51:29.678 19657 19657 D ResourcesManager: 	at android.provider.Settings$Secure.getStringForUser(Settings.java:4778)
12-05 10:51:29.678 19657 19657 D ResourcesManager: 	at android.content.res.ThemeConfig.getBootThemeForUser(ThemeConfig.java:178)
12-05 10:51:29.678 19657 19657 D ResourcesManager: 	at android.content.res.ThemeConfig.getBootTheme(ThemeConfig.java:172)
12-05 10:51:29.678 19657 19657 D ResourcesManager: 	at android.app.ResourcesManager.getTopLevelResources(ResourcesManager.java:274)
12-05 10:51:29.678 19657 19657 D ResourcesManager: 	at android.app.ActivityThread.getTopLevelResources(ActivityThread.java:1720)
12-05 10:51:29.678 19657 19657 D ResourcesManager: 	at android.app.LoadedApk.getResources(LoadedApk.java:548)
12-05 10:51:29.678 19657 19657 D ResourcesManager: 	at android.app.LoadedApkHook.handleGetResources(LoadedApkHook.java:23)
12-05 10:51:29.678 19657 19657 D ResourcesManager: 	at android.app.ContextImpl.<init>(ContextImpl.java:1867)
12-05 10:51:29.678 19657 19657 D ResourcesManager: 	at android.app.ContextImpl.createAppContext(ContextImpl.java:1807)
12-05 10:51:29.678 19657 19657 D ResourcesManager: 	at android.app.ActivityThread.handleBindApplication(ActivityThread.java:4548)
12-05 10:51:29.678 19657 19657 D ResourcesManager: 	at android.app.ActivityThreadHook.handleHandleBindApplication(ActivityThreadHook.java:47)
12-05 10:51:29.678 19657 19657 D ResourcesManager: 	at android.app.ActivityThread.-wrap1(ActivityThread.java)
12-05 10:51:29.678 19657 19657 D ResourcesManager: 	at android.app.ActivityThread$H.handleMessage(ActivityThread.java:1424)
12-05 10:51:29.678 19657 19657 D ResourcesManager: 	at android.os.Handler.dispatchMessage(Handler.java:102)
12-05 10:51:29.678 19657 19657 D ResourcesManager: 	at android.os.Looper.loop(Looper.java:148)
12-05 10:51:29.678 19657 19657 D ResourcesManager: 	at android.app.ActivityThread.main(ActivityThread.java:5461)
12-05 10:51:29.678 19657 19657 D ResourcesManager: 	at android.app.ActivityThreadHook.handleMain(ActivityThreadHook.java:27)
12-05 10:51:29.678 19657 19657 D ResourcesManager: 	at java.lang.reflect.Method.invoke(Native Method)
12-05 10:51:29.678 19657 19657 D ResourcesManager: 	at com.android.internal.os.ZygoteInit$MethodAndArgsCaller.run(ZygoteInit.java:726)
12-05 10:51:29.678 19657 19657 D ResourcesManager: 	at com.android.internal.os.ZygoteInit.main(ZygoteInit.java:616)
12-05 10:51:29.709 19788 19788 E AndroidRuntime: Error reporting crash
12-05 10:51:29.709 19788 19788 E AndroidRuntime: android.os.DeadObjectException
12-05 10:51:29.709 19788 19788 E AndroidRuntime: 	at android.os.BinderProxy.transactNative(Native Method)
12-05 10:51:29.709 19788 19788 E AndroidRuntime: 	at android.os.BinderProxy.transact(Binder.java:503)
12-05 10:51:29.709 19788 19788 E AndroidRuntime: 	at android.app.ActivityManagerProxy.getConfiguration(ActivityManagerNative.java:3969)
12-05 10:51:29.709 19788 19788 E AndroidRuntime: 	at com.android.internal.os.RuntimeInit$UncaughtHandler.uncaughtException(RuntimeInit.java:88)
12-05 10:51:29.709 19788 19788 E AndroidRuntime: 	at java.lang.ThreadGroup.uncaughtException(ThreadGroup.java:693)
12-05 10:51:29.709 19788 19788 E AndroidRuntime: 	at java.lang.ThreadGroup.uncaughtException(ThreadGroup.java:690)
12-05 10:51:29.796 19739 19739 E AndroidRuntime: Error reporting crash
12-05 10:51:29.796 19739 19739 E AndroidRuntime: android.os.DeadObjectException
12-05 10:51:29.796 19739 19739 E AndroidRuntime: 	at android.os.BinderProxy.transactNative(Native Method)
12-05 10:51:29.796 19739 19739 E AndroidRuntime: 	at android.os.BinderProxy.transact(Binder.java:503)
12-05 10:51:29.796 19739 19739 E AndroidRuntime: 	at android.app.ActivityManagerProxy.getConfiguration(ActivityManagerNative.java:3969)
12-05 10:51:29.796 19739 19739 E AndroidRuntime: 	at com.android.internal.os.RuntimeInit$UncaughtHandler.uncaughtException(RuntimeInit.java:88)
12-05 10:51:29.796 19739 19739 E AndroidRuntime: 	at java.lang.ThreadGroup.uncaughtException(ThreadGroup.java:693)
12-05 10:51:29.796 19739 19739 E AndroidRuntime: 	at java.lang.ThreadGroup.uncaughtException(ThreadGroup.java:690)
12-05 10:51:29.975 19756 19756 E AndroidRuntime: Error reporting crash
12-05 10:51:29.975 19756 19756 E AndroidRuntime: android.os.DeadObjectException
12-05 10:51:29.975 19756 19756 E AndroidRuntime: 	at android.os.BinderProxy.transactNative(Native Method)
12-05 10:51:29.975 19756 19756 E AndroidRuntime: 	at android.os.BinderProxy.transact(Binder.java:503)
12-05 10:51:29.975 19756 19756 E AndroidRuntime: 	at android.app.ActivityManagerProxy.getConfiguration(ActivityManagerNative.java:3969)
12-05 10:51:29.975 19756 19756 E AndroidRuntime: 	at com.android.internal.os.RuntimeInit$UncaughtHandler.uncaughtException(RuntimeInit.java:88)
12-05 10:51:29.975 19756 19756 E AndroidRuntime: 	at java.lang.ThreadGroup.uncaughtException(ThreadGroup.java:693)
12-05 10:51:29.975 19756 19756 E AndroidRuntime: 	at java.lang.ThreadGroup.uncaughtException(ThreadGroup.java:690)
12-05 10:51:30.015 19657 19657 E AndroidRuntime: Error reporting crash
12-05 10:51:30.015 19657 19657 E AndroidRuntime: android.os.DeadObjectException
12-05 10:51:30.015 19657 19657 E AndroidRuntime: 	at android.os.BinderProxy.transactNative(Native Method)
12-05 10:51:30.015 19657 19657 E AndroidRuntime: 	at android.os.BinderProxy.transact(Binder.java:503)
12-05 10:51:30.015 19657 19657 E AndroidRuntime: 	at android.app.ActivityManagerProxy.getConfiguration(ActivityManagerNative.java:3969)
12-05 10:51:30.015 19657 19657 E AndroidRuntime: 	at com.android.internal.os.RuntimeInit$UncaughtHandler.uncaughtException(RuntimeInit.java:88)
12-05 10:51:30.015 19657 19657 E AndroidRuntime: 	at java.lang.ThreadGroup.uncaughtException(ThreadGroup.java:693)
12-05 10:51:30.015 19657 19657 E AndroidRuntime: 	at java.lang.ThreadGroup.uncaughtException(ThreadGroup.java:690)
12-05 10:51:34.594 20540 20540 I InstallerConnection: connecting...
12-05 10:51:34.607 20540 20540 I InstallerConnection: disconnecting...
12-05 10:51:35.018 20540 20540 I SystemServer: Entered the Android system server!
12-05 10:51:35.127 20540 20540 I SystemServiceManager: Starting com.android.server.pm.Installer
12-05 10:51:35.128 20540 20540 I Installer: Waiting for installd to be ready.
12-05 10:51:35.128 20540 20540 I InstallerConnection: connecting...
12-05 10:51:35.128 20540 20540 I SystemServiceManager: Starting com.android.server.am.ActivityManagerService$Lifecycle
12-05 10:51:35.132 20540 20540 I ActivityManager: choosing minFree values for 32 Bit
12-05 10:51:35.132 20540 20540 I ActivityManager: choosing minFree values for 32 Bit
12-05 10:51:35.132 20540 20540 I ActivityManager: choosing minFree values for 32 Bit
12-05 10:51:35.132 20540 20540 I ActivityManager: choosing minFree values for 32 Bit
12-05 10:51:35.133 20540 20540 I ActivityManager: choosing minFree values for 32 Bit
12-05 10:51:35.133 20540 20540 I ActivityManager: choosing minFree values for 32 Bit
12-05 10:51:35.136 20540 20540 I ActivityManager: Memory class: 192
12-05 10:51:35.153 20540 20540 D BatteryStatsImpl: Reading daily items from /data/system/batterystats-daily.xml
12-05 10:51:35.164 20540 20540 I AppOps  : No existing app ops /data/system/appops.xml; starting empty
12-05 10:51:35.209 20540 20540 W ProcessCpuTracker: Skipping unknown process pid 20596
12-05 10:51:35.216 20540 20540 I IntentFirewall: Read new rules (A:0 B:0 S:0)
12-05 10:51:35.981 20540 20540 D AppOps  : AppOpsService published
12-05 10:51:35.982 20540 20540 I SystemServiceManager: Starting com.android.server.power.PowerManagerService
12-05 10:51:35.991 20540 20540 I SystemServiceManager: Starting com.android.server.lights.LightsService
12-05 10:51:35.994 20540 20540 I SystemServiceManager: Starting com.android.server.display.DisplayManagerService
12-05 10:51:36.000 20540 20540 I SystemServiceManager: Starting phase 100
12-05 10:51:36.004 20540 20609 I DisplayManagerService: Display device added: DisplayDeviceInfo{"Built-in Screen": uniqueId="local:0", 720 x 1280, modeId 1, defaultModeId 1, supportedModes [{id=1, width=720, height=1280, fps=60.0}], colorTransformId 1, defaultColorTransformId 1, supportedColorTransforms [{id=1, colorTransform=0}], density 320, 315.31 x 315.65 dpi, appVsyncOff 0, presDeadline 17666667, touch INTERNAL, rotation 0, type BUILT_IN, state UNKNOWN, FLAG_DEFAULT_DISPLAY, FLAG_ROTATES_WITH_CONTENT, FLAG_SECURE, FLAG_SUPPORTS_PROTECTED_BUFFERS}
12-05 10:51:36.007 20540 20540 I SystemServer: Package Manager
12-05 10:51:36.008 20540 20609 I DisplayManagerService: Display device changed state: "Built-in Screen", ON
12-05 10:51:36.123 20540 20540 D SELinuxMMAC: Using policy file /system/etc/security/mac_permissions.xml
12-05 10:51:36.849 20540 20540 W PackageManager: Library not found: /system/framework/yellowpage-common.jar
12-05 10:51:36.854 20540 20540 W PackageManager: Library not found: /system/framework/org.apache.http.legacy.jar
12-05 10:51:37.049 20540 20844 W PackageManager: Permission cyanogenmod.permission.WRITE_ALARMS from package cyanogenmod.platform in an unknown group android.permission-group.SYSTEM_CLOCK
12-05 10:51:37.049 20540 20844 W PackageManager: Permission cyanogenmod.permission.MANAGE_ALARMS from package cyanogenmod.platform in an unknown group android.permission-group.SYSTEM_CLOCK
12-05 10:51:37.049 20540 20844 W PackageManager: Permission cyanogenmod.permission.READ_ALARMS from package cyanogenmod.platform in an unknown group android.permission-group.SYSTEM_CLOCK
12-05 10:51:37.122 20540 20840 W PackageManager: Permission android.permission.LOCATION_POLICY_INTERNAL from package com.miui.rom in an unknown group android.permission-group.LOCATION
12-05 10:51:37.550 20540 20841 W PackageManager: Permission android.permission.SET_KEYGUARD_WALLPAPER from package android in an unknown group android.permission-group.WALLPAPER
12-05 10:51:37.551 20540 20841 W PackageManager: Permission android.permission.MODIFY_PROTECTED_SMS_LIST from package android in an unknown group android.permission-group.MESSAGES
12-05 10:51:37.551 20540 20841 W PackageManager: Permission android.permission.RECEIVE_PROTECTED_SMS from package android in an unknown group android.permission-group.MESSAGES
12-05 10:51:37.551 20540 20841 W PackageManager: Permission android.permission.RESET_BATTERY_STATS from package android in an unknown group android.permission-group.SYSTEM_TOOLS
12-05 10:51:38.283 20540 20942 W PackageManager: Permission com.android.voicemail.permission.READ_WRITE_ALL_VOICEMAIL from package com.android.providers.contacts in an unknown group android.permission-group.PERSONAL_INFO
12-05 10:51:38.445 20540 20942 W PackageManager: Permission android.permission.DOWNLOAD_WITHOUT_NOTIFICATION from package com.android.providers.downloads in an unknown group android.permission-group.NETWORK
12-05 10:51:38.534 20540 20841 W PackageManager: Permission com.miui.calendar.permission.READ_CALENDAR from package com.android.calendar in an unknown group android.permission-group.PERSONAL_INFO
12-05 10:51:38.535 20540 20841 W PackageManager: Permission com.miui.calendar.permission.WRITE_CALENDAR from package com.android.calendar in an unknown group android.permission-group.PERSONAL_INFO
12-05 10:51:38.724 20540 20943 W PackageParser: No actions in intent filter at /system/priv-app/MediaProvider/MediaProvider.apk Binary XML file line #93
12-05 10:51:38.834 20540 20943 W PackageParser: Ignoring duplicate uses-permissions/uses-permissions-sdk-m: android.permission.WRITE_SETTINGS in package: com.miui.mipub at: Binary XML file line #26
12-05 10:51:38.834 20540 20943 W PackageParser: Ignoring duplicate uses-permissions/uses-permissions-sdk-m: android.permission.GET_ACCOUNTS in package: com.miui.mipub at: Binary XML file line #31
12-05 10:51:38.835 20540 20943 W PackageParser: Ignoring duplicate uses-permissions/uses-permissions-sdk-m: android.permission.USE_CREDENTIALS in package: com.miui.mipub at: Binary XML file line #39
12-05 10:51:38.988 20540 20841 W PackageParser: Ignoring duplicate uses-permissions/uses-permissions-sdk-m: com.xiaomi.permission.SYNC_TAG_DATA in package: com.miui.gallery at: Binary XML file line #43
12-05 10:51:39.045 20540 20942 W PackageParser: Ignoring duplicate uses-permissions/uses-permissions-sdk-m: miui.permission.SHELL in package: com.miui.home at: Binary XML file line #114
12-05 10:51:39.045 20540 20942 W PackageParser: Ignoring duplicate uses-permissions/uses-permissions-sdk-m: com.xiaomi.gallery.permission.CLOUD in package: com.miui.home at: Binary XML file line #119
12-05 10:51:39.290 20540 20944 W PackageParser: Unknown element under <manifest>: uses-library at /system/priv-app/MiuiKeyguard/MiuiKeyguard.apk Binary XML file line #45
12-05 10:51:39.343 20540 20844 W PackageParser: Ignoring duplicate uses-permissions/uses-permissions-sdk-m: miui.permission.USE_INTERNAL_GENERAL_API in package: com.android.systemui at: Binary XML file line #71
12-05 10:51:39.457 20540 20942 W PackageManager: Permission com.android.launcher.permission.INSTALL_SHORTCUT from package com.miui.home in an unknown group android.permission-group.SYSTEM_TOOLS
12-05 10:51:39.457 20540 20942 W PackageManager: Permission com.miui.home.launcher.permission.UNINSTALL_SHORTCUT from package com.miui.home in an unknown group android.permission-group.SYSTEM_TOOLS
12-05 10:51:39.457 20540 20942 W PackageManager: Permission com.miui.home.launcher.permission.INSTALL_WIDGET from package com.miui.home in an unknown group android.permission-group.SYSTEM_TOOLS
12-05 10:51:39.457 20540 20942 W PackageManager: Permission com.android.launcher.permission.READ_SETTINGS from package com.miui.home in an unknown group android.permission-group.SYSTEM_TOOLS
12-05 10:51:39.457 20540 20942 W PackageManager: Permission com.android.launcher.permission.WRITE_SETTINGS from package com.miui.home in an unknown group android.permission-group.SYSTEM_TOOLS
12-05 10:51:39.478 20540 20944 W PackageParser: Ignoring duplicate uses-permissions/uses-permissions-sdk-m: android.permission.GET_ACCOUNTS in package: com.android.mms at: Binary XML file line #59
12-05 10:51:39.479 20540 20944 W PackageParser: Ignoring duplicate uses-permissions/uses-permissions-sdk-m: android.permission.WAKE_LOCK in package: com.android.mms at: Binary XML file line #73
12-05 10:51:39.761 20540 20840 W PackageParser: No actions in intent filter at /system/priv-app/SecurityCenter/SecurityCenter.apk Binary XML file line #397
12-05 10:51:39.835 20540 20942 W PackageParser: Ignoring duplicate uses-permissions/uses-permissions-sdk-m: android.permission.USE_CREDENTIALS in package: com.android.settings at: Binary XML file line #77
12-05 10:51:39.836 20540 20942 W PackageParser: Ignoring duplicate uses-permissions/uses-permissions-sdk-m: android.permission.READ_SYNC_SETTINGS in package: com.android.settings at: Binary XML file line #82
12-05 10:51:39.836 20540 20942 W PackageParser: Ignoring duplicate uses-permissions/uses-permissions-sdk-m: android.permission.WRITE_SYNC_SETTINGS in package: com.android.settings at: Binary XML file line #83
12-05 10:51:39.839 20540 20942 W PackageParser: Ignoring duplicate uses-permissions/uses-permissions-sdk-m: android.permission.RECEIVE_BOOT_COMPLETED in package: com.android.settings at: Binary XML file line #117
12-05 10:51:39.839 20540 20942 W PackageParser: Ignoring duplicate uses-permissions/uses-permissions-sdk-m: android.permission.MODIFY_AUDIO_SETTINGS in package: com.android.settings at: Binary XML file line #122
12-05 10:51:40.119 20540 20841 W PackageParser: Ignoring duplicate uses-permissions/uses-permissions-sdk-m: android.permission.ACCESS_NETWORK_STATE in package: com.securespaces.android.ssm.service at: Binary XML file line #40
12-05 10:51:40.119 20540 20841 W PackageParser: Ignoring duplicate uses-permissions/uses-permissions-sdk-m: android.permission.CONNECTIVITY_INTERNAL in package: com.securespaces.android.ssm.service at: Binary XML file line #42
12-05 10:51:40.126 20540 20841 W PackageParser: Ignoring duplicate uses-permissions/uses-permissions-sdk-m: android.permission.WRITE_EXTERNAL_STORAGE in package: com.securespaces.android.ssm.service at: Binary XML file line #52
12-05 10:51:40.205 20540 20841 W PackageManager: Permission com.securespaces.android.permission.MANAGE_SPACES from package com.securespaces.android.ssm.service in an unknown group android.permission-group.SYSTEM_TOOLS
12-05 10:51:40.205 20540 20841 W PackageManager: Permission com.securespaces.android.permission.MANAGE_SPACES_FULL from package com.securespaces.android.ssm.service in an unknown group android.permission-group.SYSTEM_TOOLS
12-05 10:51:40.205 20540 20841 W PackageManager: Permission com.securespaces.android.permission.MANAGE_SPACES_PROTECTED from package com.securespaces.android.ssm.service in an unknown group android.permission-group.SYSTEM_TOOLS
12-05 10:51:40.205 20540 20841 W PackageManager: Permission com.securespaces.android.permission.CREATE_APP_CONTROLLED_SPACES from package com.securespaces.android.ssm.service in an unknown group android.permission-group.SYSTEM_TOOLS
12-05 10:51:40.434 20540 20840 W PackageManager: Provider ComponentInfo{com.android.providers.telephony/com.android.providers.telephony.FirewallProvider} already defined; ignoring
12-05 10:51:40.434 20540 20840 W PackageManager: Skipping provider name firewall (in package com.android.providers.telephony): name already used by com.android.providers.telephony
12-05 10:51:40.582 20540 20841 W PackageParser: Ignoring duplicate uses-permissions/uses-permissions-sdk-m: com.miui.antispam.permission.CONTENTPROVIDER in package: com.miui.yellowpage at: Binary XML file line #36
12-05 10:51:41.293 20540 20844 W PackageManager: Failed to parse /system/priv-app/StockSettings: Application package com.android.settings already installed.  Skipping duplicate.
12-05 10:51:41.350 20540 20844 W PackageParser: No actions in intent filter at /system/app/Bluetooth/Bluetooth.apk Binary XML file line #235
12-05 10:51:41.447 20540 20841 W PackageParser: No actions in intent filter at /system/app/BluetoothExt/BluetoothExt.apk Binary XML file line #139
12-05 10:51:41.447 20540 20841 W PackageParser: No actions in intent filter at /system/app/BluetoothExt/BluetoothExt.apk Binary XML file line #163
12-05 10:51:41.484 20540 20942 W PackageParser: Ignoring duplicate uses-permissions/uses-permissions-sdk-m: android.permission.INTERNET in package: com.miui.bugreport at: Binary XML file line #31
12-05 10:51:41.485 20540 20942 W PackageParser: Ignoring duplicate uses-permissions/uses-permissions-sdk-m: android.permission.ACCESS_NETWORK_STATE in package: com.miui.bugreport at: Binary XML file line #32
12-05 10:51:41.485 20540 20942 W PackageParser: Ignoring duplicate uses-permissions/uses-permissions-sdk-m: android.permission.WRITE_EXTERNAL_STORAGE in package: com.miui.bugreport at: Binary XML file line #34
12-05 10:51:41.485 20540 20942 W PackageParser: Ignoring duplicate uses-permissions/uses-permissions-sdk-m: android.permission.ACCESS_WIFI_STATE in package: com.miui.bugreport at: Binary XML file line #36
12-05 10:51:41.594 20540 20943 W PackageParser: No actions in intent filter at /system/app/CloudService/CloudService.apk Binary XML file line #156
12-05 10:51:41.645 20540 20943 W PackageParser: Ignoring duplicate uses-permissions/uses-permissions-sdk-m: android.permission.INTERACT_ACROSS_USERS in package: com.miui.cloudservice at: Binary XML file line #700
12-05 10:51:41.780 20540 20840 W PackageParser: Problem in package /system/app/FileExplorer/FileExplorer.apk:
12-05 10:51:41.780 20540 20840 W PackageParser: Unknown element under <activity>: intentfilter at /system/app/FileExplorer/FileExplorer.apk Binary XML file line #306
12-05 10:51:41.987 20540 20944 W PackageParser: Ignoring duplicate uses-permissions/uses-permissions-sdk-m: android.permission.READ_CONTACTS in package: com.cleanmaster.sdk at: Binary XML file line #25
12-05 10:51:42.155 20540 20841 W PackageParser: Ignoring duplicate uses-permissions/uses-permissions-sdk-m: android.permission.ACCOUNT_MANAGER in package: com.android.midrive at: Binary XML file line #21
12-05 10:51:42.267 20540 20943 W PackageParser: Ignoring duplicate uses-permissions/uses-permissions-sdk-m: android.permission.CONTROL_WIFI_DISPLAY in package: com.xiaomi.miplay at: Binary XML file line #24
12-05 10:51:42.455 20540 20844 W PackageManager: Permission com.android.email.permission.READ_ATTACHMENT from package com.android.email in an unknown group android.permission-group.MESSAGES
12-05 10:51:42.658 20540 20944 W PackageParser: Ignoring duplicate uses-permissions/uses-permissions-sdk-m: android.permission.READ_SYNC_SETTINGS in package: com.miui.notes at: Binary XML file line #31
12-05 10:51:42.775 20540 20840 W PackageParser: Service exported request ignored due to singleUser: com.miui.powerkeeper.feedbackcontrol.FeedbackControlService at /system/app/PowerKeeper/PowerKeeper.apk Binary XML file line #68
12-05 10:51:42.986 20540 20841 W PackageParser: Ignoring duplicate uses-permissions/uses-permissions-sdk-m: android.permission.MANAGE_ACCOUNTS in package: com.miui.securityadd at: Binary XML file line #29
12-05 10:51:42.999 20540 20840 W PackageParser: Ignoring duplicate uses-permissions/uses-permissions-sdk-m: android.permission.MANAGE_ACCOUNTS in package: com.miui.securitycore at: Binary XML file line #12
12-05 10:51:43.305 20540 20944 W PackageParser: Ignoring duplicate uses-permissions/uses-permissions-sdk-m: android.permission.MODIFY_AUDIO_SETTINGS in package: com.miui.voiceassist at: Binary XML file line #23
12-05 10:51:43.721 20540 20844 W PackageManager: Failed to parse /system/app/Gallery3: Missing base APK in /system/app/Gallery3
12-05 10:51:43.721 20540 20844 W PackageManager: Failed to parse /system/app/Terminal: Missing base APK in /system/app/Terminal
12-05 10:51:43.721 20540 20844 W PackageManager: Failed to parse /system/app/Nfc: Missing base APK in /system/app/Nfc
12-05 10:51:43.928 20540 20944 W PackageManager: Permission android.permission.SEND_SMS_NO_CONFIRMATION from package com.miui.core in an unknown group android.permission-group.MESSAGES
12-05 10:51:43.948 20540 20540 I PreinstallApp: Parse preinstall apps, consume 1ms
12-05 10:51:43.948 20540 20540 I PreinstallApp: copy preinstall apps start
12-05 10:51:43.951 20540 20540 I PreinstallApp: copy preinstall apps end, consume 3ms
12-05 10:51:43.951 20540 20540 W PackageManager: Package com.android.browser desires unavailable shared library com.android.qualcomm.modemwarmup; ignoring!
12-05 10:51:43.951 20540 20540 W PackageManager: Package org.codeaurora.bluetooth desires unavailable shared library com.quicinc.wbc; ignoring!
12-05 10:51:43.952 20540 20540 I PackageManager: Adjusting ABI for : com.android.location.fused to armeabi-v7a
12-05 10:51:43.953 20540 20540 I PackageManager: Adjusting ABI for : com.android.server.telecom to armeabi-v7a
12-05 10:51:43.953 20540 20540 I PackageManager: Adjusting ABI for : cyanogenmod.platform to armeabi-v7a
12-05 10:51:43.954 20540 20540 I PackageManager: Adjusting ABI for : com.miui.rom to armeabi-v7a
12-05 10:51:43.954 20540 20540 I PackageManager: Adjusting ABI for : org.cyanogenmod.cmsettings to armeabi-v7a
12-05 10:51:43.954 20540 20540 I PackageManager: Adjusting ABI for : com.android.inputdevices to armeabi-v7a
12-05 10:51:43.954 20540 20540 I PackageManager: Adjusting ABI for : com.android.providers.settings to armeabi-v7a
12-05 10:51:43.956 20540 20540 I PackageManager: Time to scan packages: 7.121 seconds
12-05 10:51:43.962 20540 20540 W PackageManager: Unknown permission com.google.android.googleapps.permission.GOOGLE_AUTH in package com.android.providers.calendar
12-05 10:51:43.962 20540 20540 W PackageManager: Unknown permission com.google.android.googleapps.permission.GOOGLE_AUTH.cl in package com.android.providers.calendar
12-05 10:51:43.965 20540 20540 W PackageManager: Not granting permission com.xiaomi.gallery.permission.CLOUD to package com.milink.service (protectionLevel=18 flags=0x3808be45)
12-05 10:51:43.969 20540 20540 W PackageManager: Unknown permission com.xiaomi.vip.permission.SERVICE in package com.xiaomi.account
12-05 10:51:43.973 20540 20540 W PackageManager: Unknown permission android.permission.WRITE_INTERNAL_STORAGE in package com.android.updater
12-05 10:51:43.975 20540 20540 W PackageManager: Unknown permission miui.permission.SHELL in package com.android.updater
12-05 10:51:43.978 20540 20540 W PackageManager: Unknown permission android.permission.READ_SECURE_SETTINGS in package com.miui.securityadd
12-05 10:51:43.978 20540 20540 W PackageManager: Unknown permission android.permission.READ_SETTINGS in package com.miui.securityadd
12-05 10:51:43.980 20540 20540 W PackageManager: Unknown permission android.permission.ACCESS_ALL_EXTERNAL_STORAGE in package com.miui.gallery
12-05 10:51:43.986 20540 20540 W PackageManager: Unknown permission com.xiaomi.passport.permission.PASSPORT_UI_CONTROLLER_SERVICE in package com.xiaomi.payment
12-05 10:51:43.992 20540 20540 W PackageManager: Unknown permission miui.permission.SHELL in package com.miui.securitycenter
12-05 10:51:43.994 20540 20540 W PackageManager: Unknown permission android.permission.READ_SECURE_SETTINGS in package com.miui.securitycenter
12-05 10:51:43.994 20540 20540 W PackageManager: Unknown permission android.permission.READ_SETTINGS in package com.miui.securitycenter
12-05 10:51:43.996 20540 20540 W PackageManager: Unknown permission android.Manifest.permission.RECEIVE_BOOT_COMPLETED in package com.android.browser
12-05 10:51:44.000 20540 20540 W PackageManager: Unknown permission android.permission.ACTION_HEADSET_PLUG in package com.android.soundrecorder
12-05 10:51:44.002 20540 20540 W PackageManager: Unknown permission adnroid.permission.CHANGE_WIFI_STATE in package com.miui.guardprovider
12-05 10:51:44.009 20540 20540 W PackageManager: Unknown permission miui.permission.SHELL in package com.miui.backup
12-05 10:51:44.012 20540 20540 W PackageManager: Unknown permission com.xiaomi.market.sdk.UPDATE in package com.miui.backup
12-05 10:51:44.012 20540 20540 W PackageManager: Unknown permission android.permission.READ_SETTINGS in package com.xiaomi.ab
12-05 10:51:44.013 20540 20540 W PackageManager: Unknown permission android.permission.RUN_INSTRUMENTATION in package com.xiaomi.ab
12-05 10:51:44.013 20540 20540 W PackageManager: Unknown permission com.xiaomi.channel.GAME_SERVICE_PERMISSION in package com.xiaomi.ab
12-05 10:51:44.013 20540 20540 W PackageManager: Unknown permission com.xiaomi.passport.permission.PASSPORT_UI_CONTROLLER_SERVICE in package com.xiaomi.ab
12-05 10:51:44.014 20540 20540 W PackageManager: Unknown permission android.permission.MMS_PUSH in package org.codeaurora.bluetooth
12-05 10:51:44.017 20540 20540 W PackageManager: Unknown permission com.google.android.googleapps.permission.GOOGLE_AUTH.mail in package com.android.contacts
12-05 10:51:44.020 20540 20540 W PackageManager: Unknown permission com.miui.mipub.permission.READ_HMS_COMMON in package com.android.contacts
12-05 10:51:44.022 20540 20540 W PackageManager: Unknown permission com.xiaomi.rcs.permission.SERVICE in package com.android.contacts
12-05 10:51:44.022 20540 20540 W PackageManager: Unknown permission com.miui.voip.permission.RECEIVE_CLEAR_MISSED_CALL_NOTIFICATION in package com.android.contacts
12-05 10:51:44.023 20540 20540 W PackageManager: Unknown permission android.permission.ACCESS_NOTIFICATION in package com.miui.securitycore
12-05 10:51:44.023 20540 20540 W PackageManager: Unknown permission android.permission.INSTALL_DRM in package com.android.mms
12-05 10:51:44.024 20540 20540 W PackageManager: Unknown permission miui.permission.SHELL in package com.android.mms
12-05 10:51:44.030 20540 20540 W PackageManager: Unknown permission android.permission.WRITE_INTERNAL_STORAGE in package com.miui.player
12-05 10:51:44.032 20540 20540 W PackageManager: Unknown permission com.xiaomi.vip.permission.SERVICE in package com.miui.player
12-05 10:51:44.034 20540 20540 W PackageManager: Unknown permission com.google.android.googleapps.permission.GOOGLE_AUTH.mail in package com.android.calendar
12-05 10:51:44.036 20540 20540 W PackageManager: Not granting permission android.permission.ACCESS_MOCK_LOCATION to package com.android.calendar (protectionLevel=2 flags=0x3809be45)
12-05 10:51:44.037 20540 20540 W PackageManager: Unknown permission miui.permission.SHELL in package com.miui.compass
12-05 10:51:44.038 20540 20540 W PackageManager: Unknown permission android.permission.ACCESS_ALL_EXTERNAL_STORAGE in package com.android.midrive
12-05 10:51:44.043 20540 20540 W PackageManager: Unknown permission miui.permission.SHELL in package com.miui.bugreport
12-05 10:51:44.045 20540 20540 W PackageManager: Unknown permission android.permission.ACCESS_ALL_EXTERNAL_STORAGE in package com.android.fileexplorer
12-05 10:51:44.048 20540 20540 W PackageManager: Unknown permission com.miui.klo.bugreport.permission.KLO_STARTUP_RECEIVER in package com.xiaomi.metok
12-05 10:51:44.061 20540 20540 W PackageManager: Unknown permission com.fingerprints.service.ACCESS_FINGERPRINT_MANAGER in package com.android.keyguard
12-05 10:51:44.062 20540 20540 W PackageManager: Unknown permission com.fingerprints.service.ACCESS_FINGERPRINT_MANAGER in package com.android.camera
12-05 10:51:44.065 20540 20540 I PackageManager: Un-granting permission android.permission.CLEAR_APP_USER_DATA from package com.google.android.packageinstaller (protectionLevel=258 flags=0x38483e45)
12-05 10:51:44.066 20540 20540 I PackageManager: Un-granting permission android.permission.GRANT_RUNTIME_PERMISSIONS from package com.google.android.packageinstaller (protectionLevel=770 flags=0x38483e45)
12-05 10:51:44.066 20540 20540 I PackageManager: Un-granting permission android.permission.REVOKE_RUNTIME_PERMISSIONS from package com.google.android.packageinstaller (protectionLevel=770 flags=0x38483e45)
12-05 10:51:44.066 20540 20540 I PackageManager: Un-granting permission android.permission.INSTALL_GRANT_RUNTIME_PERMISSIONS from package com.google.android.packageinstaller (protectionLevel=770 flags=0x38483e45)
12-05 10:51:44.067 20540 20540 I PackageManager: Un-granting permission android.permission.INTERACT_ACROSS_USERS_FULL from package com.google.android.packageinstaller (protectionLevel=258 flags=0x38483e45)
12-05 10:51:44.067 20540 20540 I PackageManager: Un-granting permission android.permission.KILL_UID from package com.google.android.packageinstaller (protectionLevel=258 flags=0x38483e45)
12-05 10:51:44.068 20540 20540 W PackageManager: Not granting permission android.permission.DELETE_PACKAGES to package com.svox.pico (protectionLevel=18 flags=0x3808be45)
12-05 10:51:44.073 20540 20540 W PackageManager: Unknown permission android.permission.INSTALL_DRM in package com.miui.mipub
12-05 10:51:44.074 20540 20540 W PackageManager: Unknown permission miui.permission.SHELL in package com.miui.mipub
12-05 10:51:44.077 20540 20540 W PackageManager: Unknown permission android.permission.READ_SECURE_SETTINGS in package com.miui.notes
12-05 10:51:44.082 20540 20540 W PackageManager: Unknown permission android.permission.ACCESS_COARSE_UPDATES in package com.miui.cloudservice
12-05 10:51:44.083 20540 20540 W PackageManager: Unknown permission miui.permission.SHELL in package com.miui.cloudservice
12-05 10:51:44.085 20540 20540 W PackageManager: Unknown permission com.xiaomi.vip.permission.SERVICE in package com.miui.cloudservice
12-05 10:51:44.096 20540 20540 W PackageManager: Unknown permission com.securespaces.android.sscm.permission.RECEIVE in package com.securespaces.android.ssm.service
12-05 10:51:44.097 20540 20540 W PackageManager: Unknown permission com.securespaces.android.sscm.permission.SEND_SSCM_PAYLOAD in package com.securespaces.android.ssm.service
12-05 10:51:44.097 20540 20540 W PackageManager: Not granting permission android.permission.CLEAR_APP_CACHE to package com.cleanmaster.sdk (protectionLevel=18 flags=0x3808be45)
12-05 10:51:44.097 20540 20540 W PackageManager: Not granting permission android.permission.READ_LOGS to package com.cleanmaster.sdk (protectionLevel=50 flags=0x3808be45)
12-05 10:51:44.108 20540 20540 W PackageManager: Unknown permission com.xiaomi.gallery.permission.DELETE_SIMILAR_IMAGE in package com.miui.cleanmaster
12-05 10:51:44.108 20540 20540 W PackageManager: Unknown permission com.google.android.gms.permission.ACTIVITY_RECOGNITION in package com.miui.cleanmaster
12-05 10:51:44.112 20540 20540 W PackageManager: Unknown permission com.google.android.googleapps.permission.GOOGLE_AUTH in package com.android.settings
12-05 10:51:44.127 20540 20540 W PackageManager: Unknown permission com.xiaomi.permission.RECEIVE_BROADCAST_REPORT in package com.android.settings
12-05 10:51:44.127 20540 20540 W PackageManager: Unknown permission com.xiaomi.permission.WIFI_SHARE in package com.android.settings
12-05 10:51:44.128 20540 20540 W PackageManager: Unknown permission com.fingerprints.service.ACCESS_FINGERPRINT_MANAGER in package com.android.settings
12-05 10:51:44.152 20540 20540 W PackageManager: Unknown permission miui.permission.SHELL in package com.android.email
12-05 10:51:44.153 20540 20540 W PackageManager: Unknown permission com.mipay.wallet.permission.READ_BILL_MAIL_RULE in package com.android.email
12-05 10:51:44.188 20540 20540 W PackageManager: Unknown permission android.permission.ACCESS_ALL_EXTERNAL_STORAGE in package com.android.systemui
12-05 10:51:44.196 20540 20540 W PackageManager: Unknown permission com.xiaomi.channel.GAME_SERVICE_PERMISSION in package com.android.thememanager
12-05 10:51:44.196 20540 20540 W PackageManager: Unknown permission com.xiaomi.vip.permission.SERVICE in package com.android.thememanager
12-05 10:51:44.206 20540 20540 W PackageManager: Unknown permission com.google.android.gallery3d.permission.GALLERY_PROVIDER in package com.android.bluetooth
12-05 10:51:44.206 20540 20540 W PackageManager: Unknown permission com.android.gallery3d.permission.GALLERY_PROVIDER in package com.android.bluetooth
12-05 10:51:44.210 20540 20540 W PackageManager: Not granting permission android.permission.READ_PRIVILEGED_PHONE_STATE to package com.miui.core (protectionLevel=18 flags=0x38083e0d)
12-05 10:51:44.214 20540 20540 W PackageManager: Unknown permission miui.permission.SHELL in package com.miui.home
12-05 10:51:44.218 20540 20540 W PackageManager: Unknown permission android.permission.SYSTEM_OVERLAY_WINDOW in package com.miui.voip
12-05 10:51:44.218 20540 20540 W PackageManager: Unknown permission android.permission.READ_SETTINGS in package com.miui.voip
12-05 10:51:44.424 20540 20540 I SystemServer: User Service
12-05 10:51:44.443 20540 20540 I SystemServiceManager: Starting com.android.server.BatteryService
12-05 10:51:44.521 20540 20540 I SystemServiceManager: Starting com.android.server.usage.UsageStatsService
12-05 10:51:44.555 20540 20540 I UsageStatsService: User[0] Rollover scheduled @ 1970-12-06 00:00:00(29289600000)
12-05 10:51:44.556 20540 20540 I SystemServiceManager: Starting com.android.server.webkit.WebViewUpdateService
12-05 10:51:44.558 20540 20540 I SystemServer: Reading configuration...
12-05 10:51:44.558 20540 20540 I SystemServer: Scheduling Policy
12-05 10:51:44.559 20540 20540 I SystemServiceManager: Starting com.android.server.telecom.TelecomLoaderService
12-05 10:51:44.560 20540 20540 I SystemServer: Telephony Registry
12-05 10:51:44.563 20540 20540 I SystemServer: Entropy Mixer
12-05 10:51:44.566 20540 20540 I EntropyMixer: Added HW RNG output to entropy pool
12-05 10:51:44.566 20540 20540 I EntropyMixer: Writing entropy...
12-05 10:51:44.570 20540 20540 I SystemServer: Camera Service
12-05 10:51:44.570 20540 20540 I SystemServiceManager: Starting com.android.server.camera.CameraService
12-05 10:51:44.573 20540 20540 I SystemServer: Account Manager
12-05 10:51:44.575 20540 20540 I SystemServer: Content Manager
12-05 10:51:44.577 20540 20540 I SystemServer: System Content Providers
12-05 10:51:44.632 20540 20540 I SystemServer: Vibrator Service
12-05 10:51:44.634 20540 20540 I SystemServer: Consumer IR Service
12-05 10:51:44.634 20540 20540 I SystemServiceManager: Starting com.android.server.AlarmManagerService
12-05 10:51:44.669 20540 20540 I SystemServer: Init Watchdog
12-05 10:51:44.669 20540 20540 I SystemServer: Input Manager
12-05 10:51:44.671 20540 20540 I InputManager: Initializing input manager, mUseDevInputEventForAudioJack=true
12-05 10:51:44.671 20540 20540 I SystemServer: Window Manager
12-05 10:51:44.678 20540 20609 I WindowManager: No existing display settings /data/system/display_settings.xml; starting empty
12-05 10:51:44.776 20540 20540 I InputManager: Starting input manager
12-05 10:51:44.793 20540 20540 I SystemServer: Bluetooth Service
12-05 10:51:44.794 20540 20540 I SystemServiceManager: Starting com.android.server.BluetoothService
12-05 10:51:44.801 20540 20540 I SystemServer: Input Method Service
12-05 10:51:44.833 20540 21024 I ActivityManager: choosing minFree values for 32 Bit
12-05 10:51:44.833 20540 21024 I ActivityManager: choosing minFree values for 32 Bit
12-05 10:51:44.833 20540 21024 I ActivityManager: choosing minFree values for 32 Bit
12-05 10:51:44.833 20540 21024 I ActivityManager: choosing minFree values for 32 Bit
12-05 10:51:44.833 20540 21024 I ActivityManager: choosing minFree values for 32 Bit
12-05 10:51:44.833 20540 21024 I ActivityManager: choosing minFree values for 32 Bit
12-05 10:51:44.868 20540 20540 I SystemServer: Accessibility Manager
12-05 10:51:44.875 20540 20540 I ActivityManager: Config changes=1df8 {1.0 ?mcc?mnc en_US ldltr sw360dp w360dp h640dp 320dpi nrml long port ?uimode ?night -touch -keyb/h/h -nav/h s.2 themeResource=null themeChanged=0 themeChangedFlags=0}
12-05 10:51:44.885 20540 20540 I ActivityManager: Config changes=508 {1.0 ?mcc?mnc en_US ldltr sw360dp w360dp h572dp 320dpi nrml port ?uimode ?night finger -keyb/h/h -nav/h s.3 themeResource=null themeChanged=0 themeChangedFlags=0}
12-05 10:51:44.891 20540 20540 I SystemServiceManager: Starting com.android.server.MountService$Lifecycle
12-05 10:51:44.905 20540 20540 I SystemServiceManager: Starting com.android.server.UiModeManagerService
12-05 10:51:44.906 20540 21026 D MountService: Thinking about reset, mSystemReady=false, mDaemonConnected=true
12-05 10:51:44.906 20540 21026 D MountService: Thinking about reset, mSystemReady=false, mDaemonConnected=true
12-05 10:51:44.906 20540 21026 D CryptdConnector: SND -> {1 cryptfs getfield SystemLocale}
12-05 10:51:44.907   208   220 I Ext4Crypt: ext4 crypto complete called on /data
12-05 10:51:44.907   208   220 I Ext4Crypt: No master key, so not ext4enc
12-05 10:51:44.907 20540 20540 I ActivityManager: Config changes=200 {1.0 ?mcc?mnc en_US ldltr sw360dp w360dp h572dp 320dpi nrml port finger -keyb/h/h -nav/h s.4 themeResource=null themeChanged=0 themeChangedFlags=0}
12-05 10:51:44.908 20540 21028 D CryptdConnector: RCV <- {200 1 -1}
12-05 10:51:44.909 20540 21026 W MountService: No primary storage mounted!
12-05 10:51:44.910 20540 21026 D VoldConnector: SND -> {1 asec list}
12-05 10:51:44.911 20540 21027 D VoldConnector: RCV <- {200 1 asec operation succeeded}
12-05 10:51:44.917 20540 21026 W PackageManager: Unknown permission com.google.android.googleapps.permission.GOOGLE_AUTH in package com.android.providers.calendar
12-05 10:51:44.917 20540 21026 W PackageManager: Unknown permission com.google.android.googleapps.permission.GOOGLE_AUTH.cl in package com.android.providers.calendar
